../Core/Src/backup.c:26:6:FM25V10_Select_Command	16	static
../Core/Src/backup.c:34:13:FM25V10_Set_Write_Enable	16	static
../Core/Src/backup.c:43:13:FM25V10_Set_Write_Disable	16	static
../Core/Src/backup.c:54:6:Memory_Write_Enable	8	static
../Core/Src/backup.c:61:6:Memory_Write_Disable	8	static
../Core/Src/backup.c:73:19:FM25V10_Write	24	static
../Core/Src/backup.c:121:19:Memory_Write	16	static
../Core/Src/backup.c:133:19:FM25V10_Read	24	static
../Core/Src/backup.c:173:19:Memory_Read	16	static
../Core/Src/backup.c:184:19:FM25V10_WriteStatus	24	static
../Core/Src/backup.c:195:19:Memory_WriteStatus	16	static
../Core/Src/backup.c:202:9:FM25V10_ReadStatus	16	static
../Core/Src/backup.c:213:9:Memory_ReadStatus	8	static
../Core/Src/backup.c:223:6:FM25V10_Sleep	16	static
../Core/Src/backup.c:231:6:Memory_Sleep	8	static
../Core/Src/backup.c:238:6:FM25V10_Wakeup	16	static
../Core/Src/backup.c:246:6:Memory_Wakeup	8	static
../Core/Src/backup.c:256:10:FM25V10_ReadID	16	static
../Core/Src/backup.c:266:10:Memory_ReadID	8	static
../Core/Src/backup.c:286:19:Load_TimeStatus_FRAM	16	static
../Core/Src/backup.c:306:19:Save_TimeStatus_FRAM	16	static
../Core/Src/backup.c:321:19:Save_TimeStatus_FRAM_Dummy	16	static
../Core/Src/backup.c:348:19:Load_Wifi_Status_FRAM	16	static
../Core/Src/backup.c:367:19:Save_Wifi_Status_FRAM	16	static
../Core/Src/backup.c:381:19:Save_Wifi_Status_FRAM_Dummy	16	static
../Core/Src/backup.c:412:19:Load_Wifi_SSID_Status_FRAM	16	static
../Core/Src/backup.c:431:19:Save_Wifi_SSID_FRAM	32	static
../Core/Src/backup.c:464:19:Load_Wifi_SSID_FRAM	24	static
../Core/Src/backup.c:519:19:Load_Wifi_Password_Status_FRAM	16	static
../Core/Src/backup.c:537:19:Save_Wifi_Password_FRAM	32	static
../Core/Src/backup.c:570:19:Load_Wifi_Password_FRAM	24	static
../Core/Src/backup.c:623:19:Load_Token_Status_FRAM	16	static
../Core/Src/backup.c:637:19:Save_Token_Status_FRAM	16	static
../Core/Src/backup.c:645:19:Save_Token_FRAM	32	static
../Core/Src/backup.c:676:19:Load_Token_FRAM	24	static
../Core/Src/backup.c:733:19:Load_MAC_Status_FRAM	16	static
../Core/Src/backup.c:754:19:Save_MAC_Status_FRAM	16	static
../Core/Src/backup.c:769:19:Save_MAC_FRAM	24	static
../Core/Src/backup.c:792:19:Load_MAC_FRAM	24	static
../Core/Src/backup.c:846:6:FRAM_Init	8	static
