../Core/Src/esp32_at.c:57:14:AT_Get_UTC_Time	4	static
../Core/Src/esp32_at.c:63:15:AT_Get_WiFi_Info	4	static
../Core/Src/esp32_at.c:70:6:UTC_Time_Init	8	static
../Core/Src/esp32_at.c:75:6:WiFi_Info_Init	8	static
../Core/Src/esp32_at.c:348:5:ESP_AT_Boot	32	static
../Core/Src/esp32_at.c:381:5:ESP_AT_Send_WiFi_Config	176	static
../Core/Src/esp32_at.c:424:6:ESP_AT_Send_Command	16	static
../Core/Src/esp32_at.c:440:6:ESP_AT_Send_Command_Async	16	static
../Core/Src/esp32_at.c:457:6:ESP_AT_Send_Command_Sync	2088	static
../Core/Src/esp32_at.c:521:5:ESP_AT_Send_Command_Sync_Get_int	2088	static
../Core/Src/esp32_at.c:594:13:ESP_AT_Send_Command_Sync_Get_Result	40	static
../Core/Src/esp32_at.c:662:6:ESP_AT_Send_Command_IT	24	static
../Core/Src/esp32_at.c:684:5:ESP_AT_Get_Firmware_Version	32	static
../Core/Src/esp32_at.c:717:13:ESP_AT_Get_Token	288	static
../Core/Src/esp32_at.c:791:13:ESP_AT_Get_MAC_Address	40	static
../Core/Src/esp32_at.c:863:5:ESP_AT_Set_SNTP_Time	168	static
../Core/Src/esp32_at.c:1051:6:ESP_AT_Server_Init	24	static
../Core/Src/esp32_at.c:1141:6:ESP_AP_Server	280	dynamic
../Core/Src/esp32_at.c:1247:6:Handle_IPD_and_Respond	984	static
../Core/Src/esp32_at.c:1425:6:Handle_IPD_and_Respond_1	992	static
../Core/Src/esp32_at.c:1658:6:Handle_IPD_and_Respond_2	976	static
../Core/Src/esp32_at.c:1906:6:Handle_IPD_and_Respond_3	976	static
../Core/Src/esp32_at.c:2096:6:Handle_IPD_and_Respond_4	1720	static
../Core/Src/esp32_at.c:2367:6:Handle_IPD_and_Respond_5	2512	static
../Core/Src/esp32_at.c:2683:6:Handle_IPD_and_Respond_6	1136	static
../Core/Src/esp32_at.c:2960:6:Handle_IPD_and_Respond_7	1224	static
../Core/Src/esp32_at.c:3301:13:SendViaCipSend	88	static
../Core/Src/esp32_at.c:3351:6:parseCwlapToHtml	2160	static
../Core/Src/esp32_at.c:3389:6:urlDecodeInPlace	32	static
