../Core/Src/esp32_at.c:56:14:AT_Get_UTC_Time	4	static
../Core/Src/esp32_at.c:63:6:UTC_Time_Init	8	static
../Core/Src/esp32_at.c:335:5:ESP_AT_Boot	32	static
../Core/Src/esp32_at.c:368:5:ESP_AT_Send_WiFi_Config	176	static
../Core/Src/esp32_at.c:411:6:ESP_AT_Send_Command	16	static
../Core/Src/esp32_at.c:427:6:ESP_AT_Send_Command_Async	16	static
../Core/Src/esp32_at.c:444:6:ESP_AT_Send_Command_Sync	1064	static
../Core/Src/esp32_at.c:509:13:ESP_AT_Send_Command_Sync_Get_Result	40	static
../Core/Src/esp32_at.c:577:6:ESP_AT_Send_Command_IT	24	static
../Core/Src/esp32_at.c:599:5:ESP_AT_Get_Firmware_Version	32	static
../Core/Src/esp32_at.c:632:13:ESP_AT_Get_Token	288	static
../Core/Src/esp32_at.c:706:13:ESP_AT_Get_MAC_Address	40	static
../Core/Src/esp32_at.c:778:5:ESP_AT_Set_SNTP_Time	168	static
../Core/Src/esp32_at.c:966:6:ESP_AT_Server_Init	24	static
../Core/Src/esp32_at.c:1056:6:ESP_AP_Server	280	dynamic
../Core/Src/esp32_at.c:1179:6:Handle_IPD_and_Respond	992	static
