../Core/Src/esp32_at.c:56:14:AT_Get_UTC_Time	4	static
../Core/Src/esp32_at.c:63:6:UTC_Time_Init	8	static
../Core/Src/esp32_at.c:335:5:ESP_AT_Boot	32	static
../Core/Src/esp32_at.c:368:5:ESP_AT_Send_WiFi_Config	176	static
../Core/Src/esp32_at.c:411:6:ESP_AT_Send_Command	16	static
../Core/Src/esp32_at.c:427:6:ESP_AT_Send_Command_Async	16	static
../Core/Src/esp32_at.c:444:6:ESP_AT_Send_Command_Sync	1064	static
../Core/Src/esp32_at.c:508:5:ESP_AT_Send_Command_Sync_Get_int	1064	static
../Core/Src/esp32_at.c:581:13:ESP_AT_Send_Command_Sync_Get_Result	40	static
../Core/Src/esp32_at.c:649:6:ESP_AT_Send_Command_IT	24	static
../Core/Src/esp32_at.c:671:5:ESP_AT_Get_Firmware_Version	32	static
../Core/Src/esp32_at.c:704:13:ESP_AT_Get_Token	288	static
../Core/Src/esp32_at.c:778:13:ESP_AT_Get_MAC_Address	40	static
../Core/Src/esp32_at.c:850:5:ESP_AT_Set_SNTP_Time	168	static
../Core/Src/esp32_at.c:1038:6:ESP_AT_Server_Init	24	static
../Core/Src/esp32_at.c:1128:6:ESP_AP_Server	280	dynamic
../Core/Src/esp32_at.c:1234:6:Handle_IPD_and_Respond	984	static
../Core/Src/esp32_at.c:1412:6:Handle_IPD_and_Respond_1	992	static
../Core/Src/esp32_at.c:1645:6:Handle_IPD_and_Respond_2	976	static
../Core/Src/esp32_at.c:1893:6:Handle_IPD_and_Respond_3	976	static
../Core/Src/esp32_at.c:2083:6:Handle_IPD_and_Respond_4	992	static
