../Core/Src/main.c:100:5:main	1216	static
../Core/Src/main.c:257:6:SystemClock_Config	88	static
../Core/Src/main.c:304:13:MX_RTC_Init	8	static
../Core/Src/main.c:435:13:MX_SDIO_SD_Init	4	static
../Core/Src/main.c:463:13:MX_SPI1_Init	8	static
../Core/Src/main.c:501:13:MX_TIM7_Init	16	static
../Core/Src/main.c:539:13:MX_USART1_UART_Init	8	static
../Core/Src/main.c:572:13:MX_USART2_UART_Init	8	static
../Core/Src/main.c:605:13:MX_USART3_UART_Init	8	static
../Core/Src/main.c:638:13:MX_GPIO_Init	56	static
../Core/Src/main.c:698:6:HAL_TIM_PeriodElapsedCallback	112	static
../Core/Src/main.c:754:6:HAL_UART_RxCpltCallback	16	static
../Core/Src/main.c:767:6:HAL_UART_TxCpltCallback	16	static
../Core/Src/main.c:781:6:Error_Handler	4	static,ignoring_inline_asm
