../Core/Src/main.c:124:5:main	8	static
../Core/Src/main.c:331:6:SystemClock_Config	88	static
../Core/Src/main.c:378:13:MX_RTC_Init	8	static
../Core/Src/main.c:509:13:MX_SDIO_SD_Init	4	static
../Core/Src/main.c:537:13:MX_SPI1_Init	8	static
../Core/Src/main.c:575:13:MX_TIM7_Init	16	static
../Core/Src/main.c:613:13:MX_UART4_Init	8	static
../Core/Src/main.c:646:13:MX_USART1_UART_Init	8	static
../Core/Src/main.c:679:13:MX_USART2_UART_Init	8	static
../Core/Src/main.c:712:13:MX_USART3_UART_Init	8	static
../Core/Src/main.c:745:13:MX_GPIO_Init	56	static
../Core/Src/main.c:815:6:HAL_TIM_PeriodElapsedCallback	16	static
../Core/Src/main.c:876:6:HAL_UART_RxCpltCallback	24	static
../Core/Src/main.c:975:6:HAL_UART_TxCpltCallback	16	static
../Core/Src/main.c:992:6:Error_Handler	4	static,ignoring_inline_asm
