../Core/Src/main.c:90:5:main	1208	static
../Core/Src/main.c:220:6:SystemClock_Config	88	static
../Core/Src/main.c:268:13:MX_RTC_Init	72	static
../Core/Src/main.c:350:13:MX_SDIO_SD_Init	4	static
../Core/Src/main.c:380:13:MX_TIM7_Init	16	static
../Core/Src/main.c:418:13:MX_USART1_UART_Init	8	static
../Core/Src/main.c:451:13:MX_USART2_UART_Init	8	static
../Core/Src/main.c:484:13:MX_USART3_UART_Init	8	static
../Core/Src/main.c:517:13:MX_GPIO_Init	56	static
../Core/Src/main.c:569:6:HAL_TIM_PeriodElapsedCallback	120	static
../Core/Src/main.c:617:6:HAL_UART_RxCpltCallback	16	static
../Core/Src/main.c:630:6:HAL_UART_TxCpltCallback	16	static
../Core/Src/main.c:644:6:Error_Handler	4	static,ignoring_inline_asm
