../Core/Src/main.c:100:5:main	1208	static
../Core/Src/main.c:242:6:SystemClock_Config	88	static
../Core/Src/main.c:289:13:MX_RTC_Init	8	static
../Core/Src/main.c:441:13:MX_SDIO_SD_Init	4	static
../Core/Src/main.c:471:13:MX_SPI1_Init	8	static
../Core/Src/main.c:509:13:MX_TIM7_Init	16	static
../Core/Src/main.c:547:13:MX_USART1_UART_Init	8	static
../Core/Src/main.c:580:13:MX_USART2_UART_Init	8	static
../Core/Src/main.c:613:13:MX_USART3_UART_Init	8	static
../Core/Src/main.c:646:13:MX_GPIO_Init	56	static
../Core/Src/main.c:712:6:HAL_TIM_PeriodElapsedCallback	112	static
../Core/Src/main.c:768:6:HAL_UART_RxCpltCallback	16	static
../Core/Src/main.c:781:6:HAL_UART_TxCpltCallback	16	static
../Core/Src/main.c:795:6:Error_Handler	4	static,ignoring_inline_asm
