Archive member included to satisfy reference by file (symbol)

C:/ST/STM32CubeIDE_1.15.1/STM32CubeIDE/plugins/com.st.stm32cube.ide.mcu.externaltools.gnu-tools-for-stm32.12.3.rel1.win32_1.0.100.202403111256/tools/bin/../lib/gcc/arm-none-eabi/12.3.1/../../../../arm-none-eabi/lib/thumb/v7e-m+fp/hard\libc_nano.a(libc_a-exit.o)
                              C:/ST/STM32CubeIDE_1.15.1/STM32CubeIDE/plugins/com.st.stm32cube.ide.mcu.externaltools.gnu-tools-for-stm32.12.3.rel1.win32_1.0.100.202403111256/tools/bin/../lib/gcc/arm-none-eabi/12.3.1/../../../../arm-none-eabi/lib/thumb/v7e-m+fp/hard/crt0.o (exit)
C:/ST/STM32CubeIDE_1.15.1/STM32CubeIDE/plugins/com.st.stm32cube.ide.mcu.externaltools.gnu-tools-for-stm32.12.3.rel1.win32_1.0.100.202403111256/tools/bin/../lib/gcc/arm-none-eabi/12.3.1/../../../../arm-none-eabi/lib/thumb/v7e-m+fp/hard\libc_nano.a(libc_a-findfp.o)
                              C:/ST/STM32CubeIDE_1.15.1/STM32CubeIDE/plugins/com.st.stm32cube.ide.mcu.externaltools.gnu-tools-for-stm32.12.3.rel1.win32_1.0.100.202403111256/tools/bin/../lib/gcc/arm-none-eabi/12.3.1/../../../../arm-none-eabi/lib/thumb/v7e-m+fp/hard\libc_nano.a(libc_a-exit.o) (__stdio_exit_handler)
C:/ST/STM32CubeIDE_1.15.1/STM32CubeIDE/plugins/com.st.stm32cube.ide.mcu.externaltools.gnu-tools-for-stm32.12.3.rel1.win32_1.0.100.202403111256/tools/bin/../lib/gcc/arm-none-eabi/12.3.1/../../../../arm-none-eabi/lib/thumb/v7e-m+fp/hard\libc_nano.a(libc_a-fwalk.o)
                              C:/ST/STM32CubeIDE_1.15.1/STM32CubeIDE/plugins/com.st.stm32cube.ide.mcu.externaltools.gnu-tools-for-stm32.12.3.rel1.win32_1.0.100.202403111256/tools/bin/../lib/gcc/arm-none-eabi/12.3.1/../../../../arm-none-eabi/lib/thumb/v7e-m+fp/hard\libc_nano.a(libc_a-findfp.o) (_fwalk_sglue)
C:/ST/STM32CubeIDE_1.15.1/STM32CubeIDE/plugins/com.st.stm32cube.ide.mcu.externaltools.gnu-tools-for-stm32.12.3.rel1.win32_1.0.100.202403111256/tools/bin/../lib/gcc/arm-none-eabi/12.3.1/../../../../arm-none-eabi/lib/thumb/v7e-m+fp/hard\libc_nano.a(libc_a-stdio.o)
                              C:/ST/STM32CubeIDE_1.15.1/STM32CubeIDE/plugins/com.st.stm32cube.ide.mcu.externaltools.gnu-tools-for-stm32.12.3.rel1.win32_1.0.100.202403111256/tools/bin/../lib/gcc/arm-none-eabi/12.3.1/../../../../arm-none-eabi/lib/thumb/v7e-m+fp/hard\libc_nano.a(libc_a-findfp.o) (__sread)
C:/ST/STM32CubeIDE_1.15.1/STM32CubeIDE/plugins/com.st.stm32cube.ide.mcu.externaltools.gnu-tools-for-stm32.12.3.rel1.win32_1.0.100.202403111256/tools/bin/../lib/gcc/arm-none-eabi/12.3.1/../../../../arm-none-eabi/lib/thumb/v7e-m+fp/hard\libc_nano.a(libc_a-memset.o)
                              C:/ST/STM32CubeIDE_1.15.1/STM32CubeIDE/plugins/com.st.stm32cube.ide.mcu.externaltools.gnu-tools-for-stm32.12.3.rel1.win32_1.0.100.202403111256/tools/bin/../lib/gcc/arm-none-eabi/12.3.1/../../../../arm-none-eabi/lib/thumb/v7e-m+fp/hard/crt0.o (memset)
C:/ST/STM32CubeIDE_1.15.1/STM32CubeIDE/plugins/com.st.stm32cube.ide.mcu.externaltools.gnu-tools-for-stm32.12.3.rel1.win32_1.0.100.202403111256/tools/bin/../lib/gcc/arm-none-eabi/12.3.1/../../../../arm-none-eabi/lib/thumb/v7e-m+fp/hard\libc_nano.a(libc_a-closer.o)
                              C:/ST/STM32CubeIDE_1.15.1/STM32CubeIDE/plugins/com.st.stm32cube.ide.mcu.externaltools.gnu-tools-for-stm32.12.3.rel1.win32_1.0.100.202403111256/tools/bin/../lib/gcc/arm-none-eabi/12.3.1/../../../../arm-none-eabi/lib/thumb/v7e-m+fp/hard\libc_nano.a(libc_a-stdio.o) (_close_r)
C:/ST/STM32CubeIDE_1.15.1/STM32CubeIDE/plugins/com.st.stm32cube.ide.mcu.externaltools.gnu-tools-for-stm32.12.3.rel1.win32_1.0.100.202403111256/tools/bin/../lib/gcc/arm-none-eabi/12.3.1/../../../../arm-none-eabi/lib/thumb/v7e-m+fp/hard\libc_nano.a(libc_a-reent.o)
                              C:/ST/STM32CubeIDE_1.15.1/STM32CubeIDE/plugins/com.st.stm32cube.ide.mcu.externaltools.gnu-tools-for-stm32.12.3.rel1.win32_1.0.100.202403111256/tools/bin/../lib/gcc/arm-none-eabi/12.3.1/../../../../arm-none-eabi/lib/thumb/v7e-m+fp/hard\libc_nano.a(libc_a-closer.o) (errno)
C:/ST/STM32CubeIDE_1.15.1/STM32CubeIDE/plugins/com.st.stm32cube.ide.mcu.externaltools.gnu-tools-for-stm32.12.3.rel1.win32_1.0.100.202403111256/tools/bin/../lib/gcc/arm-none-eabi/12.3.1/../../../../arm-none-eabi/lib/thumb/v7e-m+fp/hard\libc_nano.a(libc_a-impure.o)
                              C:/ST/STM32CubeIDE_1.15.1/STM32CubeIDE/plugins/com.st.stm32cube.ide.mcu.externaltools.gnu-tools-for-stm32.12.3.rel1.win32_1.0.100.202403111256/tools/bin/../lib/gcc/arm-none-eabi/12.3.1/../../../../arm-none-eabi/lib/thumb/v7e-m+fp/hard\libc_nano.a(libc_a-reent.o) (_impure_ptr)
C:/ST/STM32CubeIDE_1.15.1/STM32CubeIDE/plugins/com.st.stm32cube.ide.mcu.externaltools.gnu-tools-for-stm32.12.3.rel1.win32_1.0.100.202403111256/tools/bin/../lib/gcc/arm-none-eabi/12.3.1/../../../../arm-none-eabi/lib/thumb/v7e-m+fp/hard\libc_nano.a(libc_a-lseekr.o)
[...]
Memory Configuration

Name             Origin             Length             Attributes
CCMRAM           0x10000000         0x00010000         xrw
RAM              0x20000000         0x00020000         xrw
FLASH            0x08000000         0x00100000         xr
*default*        0x00000000         0xffffffff

Linker script and memory map

LOAD C:/ST/STM32CubeIDE_1.15.1/STM32CubeIDE/plugins/com.st.stm32cube.ide.mcu.externaltools.gnu-tools-for-stm32.12.3.rel1.win32_1.0.100.202403111256/tools/bin/../lib/gcc/arm-none-eabi/12.3.1/thumb/v7e-m+fp/hard/crti.o
LOAD C:/ST/STM32CubeIDE_1.15.1/STM32CubeIDE/plugins/com.st.stm32cube.ide.mcu.externaltools.gnu-tools-for-stm32.12.3.rel1.win32_1.0.100.202403111256/tools/bin/../lib/gcc/arm-none-eabi/12.3.1/thumb/v7e-m+fp/hard/crtbegin.o
LOAD C:/ST/STM32CubeIDE_1.15.1/STM32CubeIDE/plugins/com.st.stm32cube.ide.mcu.externaltools.gnu-tools-for-stm32.12.3.rel1.win32_1.0.100.202403111256/tools/bin/../lib/gcc/arm-none-eabi/12.3.1/../../../../arm-none-eabi/lib/thumb/v7e-m+fp/hard/crt0.o
LOAD ./Core/Src/main.o
LOAD ./Core/Src/stm32f4xx_hal_msp.o
LOAD ./Core/Src/stm32f4xx_it.o
LOAD ./Core/Src/syscalls.o
LOAD ./Core/Src/sysmem.o
LOAD ./Core/Src/system_stm32f4xx.o
LOAD ./Core/Startup/startup_stm32f407vgtx.o
LOAD ./Drivers/STM32F4xx_HAL_Driver/Src/stm32f4xx_hal.o
LOAD ./Drivers/STM32F4xx_HAL_Driver/Src/stm32f4xx_hal_cortex.o
LOAD ./Drivers/STM32F4xx_HAL_Driver/Src/stm32f4xx_hal_dma.o
LOAD ./Drivers/STM32F4xx_HAL_Driver/Src/stm32f4xx_hal_dma_ex.o
LOAD ./Drivers/STM32F4xx_HAL_Driver/Src/stm32f4xx_hal_exti.o
LOAD ./Drivers/STM32F4xx_HAL_Driver/Src/stm32f4xx_hal_flash.o
LOAD ./Drivers/STM32F4xx_HAL_Driver/Src/stm32f4xx_hal_flash_ex.o
LOAD ./Drivers/STM32F4xx_HAL_Driver/Src/stm32f4xx_hal_flash_ramfunc.o
LOAD ./Drivers/STM32F4xx_HAL_Driver/Src/stm32f4xx_hal_gpio.o
LOAD ./Drivers/STM32F4xx_HAL_Driver/Src/stm32f4xx_hal_pwr.o
LOAD ./Drivers/STM32F4xx_HAL_Driver/Src/stm32f4xx_hal_pwr_ex.o
LOAD ./Drivers/STM32F4xx_HAL_Driver/Src/stm32f4xx_hal_rcc.o
LOAD ./Drivers/STM32F4xx_HAL_Driver/Src/stm32f4xx_hal_rcc_ex.o
LOAD ./Drivers/STM32F4xx_HAL_Driver/Src/stm32f4xx_hal_sd.o
LOAD ./Drivers/STM32F4xx_HAL_Driver/Src/stm32f4xx_hal_tim.o
LOAD ./Drivers/STM32F4xx_HAL_Driver/Src/stm32f4xx_hal_tim_ex.o
LOAD ./Drivers/STM32F4xx_HAL_Driver/Src/stm32f4xx_hal_uart.o
LOAD ./Drivers/STM32F4xx_HAL_Driver/Src/stm32f4xx_ll_sdmmc.o
LOAD ./FATFS/App/fatfs.o
LOAD ./FATFS/Target/bsp_driver_sd.o
LOAD ./FATFS/Target/sd_diskio.o
LOAD ./Middlewares/Third_Party/FatFs/src/diskio.o
LOAD ./Middlewares/Third_Party/FatFs/src/ff.o
LOAD ./Middlewares/Third_Party/FatFs/src/ff_gen_drv.o
LOAD ./Middlewares/Third_Party/FatFs/src/option/syscall.o
START GROUP
LOAD C:/ST/STM32CubeIDE_1.15.1/STM32CubeIDE/plugins/com.st.stm32cube.ide.mcu.externaltools.gnu-tools-for-stm32.12.3.rel1.win32_1.0.100.202403111256/tools/bin/../lib/gcc/arm-none-eabi/12.3.1/../../../../arm-none-eabi/lib/thumb/v7e-m+fp/hard\libc_nano.a
LOAD C:/ST/STM32CubeIDE_1.15.1/STM32CubeIDE/plugins/com.st.stm32cube.ide.mcu.externaltools.gnu-tools-for-stm32.12.3.rel1.win32_1.0.100.202403111256/tools/bin/../lib/gcc/arm-none-eabi/12.3.1/../../../../arm-none-eabi/lib/thumb/v7e-m+fp/hard\libm.a
END GROUP
START GROUP
LOAD C:/ST/STM32CubeIDE_1.15.1/STM32CubeIDE/plugins/com.st.stm32cube.ide.mcu.externaltools.gnu-tools-for-stm32.12.3.rel1.win32_1.0.100.202403111256/tools/bin/../lib/gcc/arm-none-eabi/12.3.1/thumb/v7e-m+fp/hard\libgcc.a
LOAD C:/ST/STM32CubeIDE_1.15.1/STM32CubeIDE/plugins/com.st.stm32cube.ide.mcu.externaltools.gnu-tools-for-stm32.12.3.rel1.win32_1.0.100.202403111256/tools/bin/../lib/gcc/arm-none-eabi/12.3.1/../../../../arm-none-eabi/lib/thumb/v7e-m+fp/hard\libc_nano.a
END GROUP
START GROUP
LOAD C:/ST/STM32CubeIDE_1.15.1/STM32CubeIDE/plugins/com.st.stm32cube.ide.mcu.externaltools.gnu-tools-for-stm32.12.3.rel1.win32_1.0.100.202403111256/tools/bin/../lib/gcc/arm-none-eabi/12.3.1/thumb/v7e-m+fp/hard\libgcc.a
LOAD C:/ST/STM32CubeIDE_1.15.1/STM32CubeIDE/plugins/com.st.stm32cube.ide.mcu.externaltools.gnu-tools-for-stm32.12.3.rel1.win32_1.0.100.202403111256/tools/bin/../lib/gcc/arm-none-eabi/12.3.1/../../../../arm-none-eabi/lib/thumb/v7e-m+fp/hard\libc_nano.a
LOAD C:/ST/STM32CubeIDE_1.15.1/STM32CubeIDE/plugins/com.st.stm32cube.ide.mcu.externaltools.gnu-tools-for-stm32.12.3.rel1.win32_1.0.100.202403111256/tools/bin/../lib/gcc/arm-none-eabi/12.3.1/../../../../arm-none-eabi/lib/thumb/v7e-m+fp/hard\libnosys.a
END GROUP
START GROUP
LOAD C:/ST/STM32CubeIDE_1.15.1/STM32CubeIDE/plugins/com.st.stm32cube.ide.mcu.externaltools.gnu-tools-for-stm32.12.3.rel1.win32_1.0.100.202403111256/tools/bin/../lib/gcc/arm-none-eabi/12.3.1/thumb/v7e-m+fp/hard\libgcc.a
LOAD C:/ST/STM32CubeIDE_1.15.1/STM32CubeIDE/plugins/com.st.stm32cube.ide.mcu.externaltools.gnu-tools-for-stm32.12.3.rel1.win32_1.0.100.202403111256/tools/bin/../lib/gcc/arm-none-eabi/12.3.1/../../../../arm-none-eabi/lib/thumb/v7e-m+fp/hard\libc_nano.a
LOAD C:/ST/STM32CubeIDE_1.15.1/STM32CubeIDE/plugins/com.st.stm32cube.ide.mcu.externaltools.gnu-tools-for-stm32.12.3.rel1.win32_1.0.100.202403111256/tools/bin/../lib/gcc/arm-none-eabi/12.3.1/../../../../arm-none-eabi/lib/thumb/v7e-m+fp/hard\libnosys.a
END GROUP
LOAD C:/ST/STM32CubeIDE_1.15.1/STM32CubeIDE/plugins/com.st.stm32cube.ide.mcu.externaltools.gnu-tools-for-stm32.12.3.rel1.win32_1.0.100.202403111256/tools/bin/../lib/gcc/arm-none-eabi/12.3.1/thumb/v7e-m+fp/hard/crtend.o
LOAD C:/ST/STM32CubeIDE_1.15.1/STM32CubeIDE/plugins/com.st.stm32cube.ide.mcu.externaltools.gnu-tools-for-stm32.12.3.rel1.win32_1.0.100.202403111256/tools/bin/../lib/gcc/arm-none-eabi/12.3.1/thumb/v7e-m+fp/hard/crtn.o
                0x20020000                        _estack = (ORIGIN (RAM) + LENGTH (RAM))
                0x00000200                        _Min_Heap_Size = 0x200
                0x00000400                        _Min_Stack_Size = 0x400

.isr_vector     0x08000000      0x188
                0x08000000                        . = ALIGN (0x4)
 *(.isr_vector)
 .isr_vector    0x08000000      0x188 ./Core/Startup/startup_stm32f407vgtx.o
                0x08000000                g_pfnVectors
                0x08000188                        . = ALIGN (0x4)

.text           0x08000188     0x76b0
                0x08000188                        . = ALIGN (0x4)
 *(.text)
 .text          0x08000188       0x40 C:/ST/STM32CubeIDE_1.15.1/STM32CubeIDE/plugins/com.st.stm32cube.ide.mcu.externaltools.gnu-tools-for-stm32.12.3.rel1.win32_1.0.100.202403111256/tools/bin/../lib/gcc/arm-none-eabi/12.3.1/thumb/v7e-m+fp/hard/crtbegin.o
 .text          0x080001c8       0x10 C:/ST/STM32CubeIDE_1.15.1/STM32CubeIDE/plugins/com.st.stm32cube.ide.mcu.externaltools.gnu-tools-for-stm32.12.3.rel1.win32_1.0.100.202403111256/tools/bin/../lib/gcc/arm-none-eabi/12.3.1/../../../../arm-none-eabi/lib/thumb/v7e-m+fp/hard\libc_nano.a(libc_a-strlen.o)
                0x080001c8                strlen
 .text          0x080001d8       0x30 C:/ST/STM32CubeIDE_1.15.1/STM32CubeIDE/plugins/com.st.stm32cube.ide.mcu.externaltools.gnu-tools-for-stm32.12.3.rel1.win32_1.0.100.202403111256/tools/bin/../lib/gcc/arm-none-eabi/12.3.1/thumb/v7e-m+fp/hard\libgcc.a(_aeabi_uldivmod.o)
                0x080001d8                __aeabi_uldivmod
 .text          0x08000208      0x2bc C:/ST/STM32CubeIDE_1.15.1/STM32CubeIDE/plugins/com.st.stm32cube.ide.mcu.externaltools.gnu-tools-for-stm32.12.3.rel1.win32_1.0.100.202403111256/tools/bin/../lib/gcc/arm-none-eabi/12.3.1/thumb/v7e-m+fp/hard\libgcc.a(_udivmoddi4.o)
                0x08000208                __udivmoddi4
 .text          0x080004c4        0x4 C:/ST/STM32CubeIDE_1.15.1/STM32CubeIDE/plugins/com.st.stm32cube.ide.mcu.externaltools.gnu-tools-for-stm32.12.3.rel1.win32_1.0.100.202403111256/tools/bin/../lib/gcc/arm-none-eabi/12.3.1/thumb/v7e-m+fp/hard\libgcc.a(_dvmd_tls.o)
                0x080004c4                __aeabi_idiv0
                0x080004c4                __aeabi_ldiv0
 *(.text*)
 .text.main     0x080004c8      0x1ac ./Core/Src/main.o
                0x080004c8                main
 .text.SystemClock_Config
                0x08000674       0xd4 ./Core/Src/main.o
                0x08000674                SystemClock_Config
 .text.MX_SDIO_SD_Init
                0x08000748       0x40 ./Core/Src/main.o
 .text.MX_TIM7_Init
                0x08000788       0x6c ./Core/Src/main.o
 .text.MX_USART1_UART_Init
                0x080007f4       0x54 ./Core/Src/main.o
 .text.MX_USART2_UART_Init
                0x08000848       0x54 ./Core/Src/main.o
 .text.MX_USART3_UART_Init
                0x0800089c       0x54 ./Core/Src/main.o
 .text.MX_GPIO_Init
                0x080008f0      0x134 ./Core/Src/main.o
 .text.HAL_TIM_PeriodElapsedCallback
                0x08000a24       0x4c ./Core/Src/main.o
                0x08000a24                HAL_TIM_PeriodElapsedCallback
 .text.HAL_UART_RxCpltCallback
                0x08000a70       0x58 ./Core/Src/main.o
                0x08000a70                HAL_UART_RxCpltCallback
 .text.HAL_UART_TxCpltCallback
                0x08000ac8       0x14 ./Core/Src/main.o
                0x08000ac8                HAL_UART_TxCpltCallback
 .text.Error_Handler
                0x08000adc        0xc ./Core/Src/main.o
                0x08000adc                Error_Handler
 .text.HAL_MspInit
                0x08000ae8       0x50 ./Core/Src/stm32f4xx_hal_msp.o
                0x08000ae8                HAL_MspInit
 .text.HAL_SD_MspInit
                0x08000b38       0xd0 ./Core/Src/stm32f4xx_hal_msp.o
                0x08000b38                HAL_SD_MspInit
 .text.HAL_TIM_Base_MspInit
                0x08000c08       0x50 ./Core/Src/stm32f4xx_hal_msp.o
                0x08000c08                HAL_TIM_Base_MspInit
 .text.HAL_UART_MspInit
                0x08000c58      0x198 ./Core/Src/stm32f4xx_hal_msp.o
                0x08000c58                HAL_UART_MspInit
 .text.NMI_Handler
                0x08000df0        0x8 ./Core/Src/stm32f4xx_it.o
                0x08000df0                NMI_Handler
 .text.HardFault_Handler
                0x08000df8        0x8 ./Core/Src/stm32f4xx_it.o
                0x08000df8                HardFault_Handler
 .text.MemManage_Handler
                0x08000e00        0x8 ./Core/Src/stm32f4xx_it.o
                0x08000e00                MemManage_Handler
 .text.BusFault_Handler
                0x08000e08        0x8 ./Core/Src/stm32f4xx_it.o
                0x08000e08                BusFault_Handler
 .text.UsageFault_Handler
                0x08000e10        0x8 ./Core/Src/stm32f4xx_it.o
                0x08000e10                UsageFault_Handler
 .text.SVC_Handler
                0x08000e18        0xe ./Core/Src/stm32f4xx_it.o
                0x08000e18                SVC_Handler
 .text.DebugMon_Handler
                0x08000e26        0xe ./Core/Src/stm32f4xx_it.o
                0x08000e26                DebugMon_Handler
 .text.PendSV_Handler
                0x08000e34        0xe ./Core/Src/stm32f4xx_it.o
                0x08000e34                PendSV_Handler
 .text.SysTick_Handler
                0x08000e42        0xc ./Core/Src/stm32f4xx_it.o
                0x08000e42                SysTick_Handler
 *fill*         0x08000e4e        0x2 
 .text.USART1_IRQHandler
                0x08000e50       0x14 ./Core/Src/stm32f4xx_it.o
                0x08000e50                USART1_IRQHandler
 .text.USART2_IRQHandler
                0x08000e64       0x14 ./Core/Src/stm32f4xx_it.o
                0x08000e64                USART2_IRQHandler
 .text.USART3_IRQHandler
                0x08000e78       0x14 ./Core/Src/stm32f4xx_it.o
                0x08000e78                USART3_IRQHandler
 .text.TIM7_IRQHandler
                0x08000e8c       0x14 ./Core/Src/stm32f4xx_it.o
                0x08000e8c                TIM7_IRQHandler
 .text.SystemInit
                0x08000ea0       0x24 ./Core/Src/system_stm32f4xx.o
                0x08000ea0                SystemInit
 .text.Reset_Handler
                0x08000ec4       0x50 ./Core/Startup/startup_stm32f407vgtx.o
                0x08000ec4                Reset_Handler
 .text.Default_Handler
                0x08000f14        0x2 ./Core/Startup/startup_stm32f407vgtx.o
                0x08000f14                RTC_Alarm_IRQHandler
                0x08000f14                HASH_RNG_IRQHandler
                0x08000f14                EXTI2_IRQHandler
                0x08000f14                TIM8_CC_IRQHandler
                0x08000f14                TIM1_CC_IRQHandler
                0x08000f14                DMA2_Stream5_IRQHandler
                0x08000f14                DMA1_Stream5_IRQHandler
                0x08000f14                PVD_IRQHandler
                0x08000f14                SDIO_IRQHandler
                0x08000f14                TAMP_STAMP_IRQHandler
                0x08000f14                CAN2_RX1_IRQHandler
                0x08000f14                EXTI3_IRQHandler
                0x08000f14                TIM8_TRG_COM_TIM14_IRQHandler
                0x08000f14                TIM1_UP_TIM10_IRQHandler
                0x08000f14                TIM8_UP_TIM13_IRQHandler
                0x08000f14                I2C3_ER_IRQHandler
                0x08000f14                EXTI0_IRQHandler
                0x08000f14                I2C2_EV_IRQHandler
                0x08000f14                DMA1_Stream2_IRQHandler
                0x08000f14                CAN1_RX0_IRQHandler
                0x08000f14                FPU_IRQHandler
                0x08000f14                OTG_HS_WKUP_IRQHandler
                0x08000f14                CAN2_SCE_IRQHandler
                0x08000f14                DMA2_Stream2_IRQHandler
                0x08000f14                SPI1_IRQHandler
                0x08000f14                TIM6_DAC_IRQHandler
                0x08000f14                TIM1_BRK_TIM9_IRQHandler
                0x08000f14                DCMI_IRQHandler
                0x08000f14                CAN2_RX0_IRQHandler
                0x08000f14                DMA2_Stream3_IRQHandler
                0x08000f14                USART6_IRQHandler
                0x08000f14                CAN1_RX1_IRQHandler
                0x08000f14                UART5_IRQHandler
                0x08000f14                DMA2_Stream0_IRQHandler
                0x08000f14                TIM4_IRQHandler
                0x08000f14                I2C1_EV_IRQHandler
                0x08000f14                DMA1_Stream6_IRQHandler
                0x08000f14                DMA1_Stream1_IRQHandler
                0x08000f14                UART4_IRQHandler
                0x08000f14                TIM3_IRQHandler
                0x08000f14                RCC_IRQHandler
                0x08000f14                TIM8_BRK_TIM12_IRQHandler
                0x08000f14                Default_Handler
                0x08000f14                EXTI15_10_IRQHandler
                0x08000f14                ADC_IRQHandler
                0x08000f14                DMA1_Stream7_IRQHandler
                0x08000f14                CAN2_TX_IRQHandler
                0x08000f14                TIM5_IRQHandler
                0x08000f14                DMA2_Stream7_IRQHandler
                0x08000f14                I2C3_EV_IRQHandler
                0x08000f14                EXTI9_5_IRQHandler
                0x08000f14                RTC_WKUP_IRQHandler
                0x08000f14                ETH_WKUP_IRQHandler
                0x08000f14                SPI2_IRQHandler
                0x08000f14                OTG_HS_EP1_IN_IRQHandler
                0x08000f14                DMA1_Stream0_IRQHandler
                0x08000f14                CAN1_TX_IRQHandler
                0x08000f14                EXTI4_IRQHandler
                0x08000f14                FSMC_IRQHandler
                0x08000f14                ETH_IRQHandler
                0x08000f14                OTG_HS_EP1_OUT_IRQHandler
                0x08000f14                WWDG_IRQHandler
                0x08000f14                TIM2_IRQHandler
                0x08000f14                OTG_FS_WKUP_IRQHandler
                0x08000f14                TIM1_TRG_COM_TIM11_IRQHandler
                0x08000f14                OTG_HS_IRQHandler
                0x08000f14                EXTI1_IRQHandler
                0x08000f14                I2C2_ER_IRQHandler
                0x08000f14                DMA2_Stream1_IRQHandler
                0x08000f14                CAN1_SCE_IRQHandler
                0x08000f14                FLASH_IRQHandler
                0x08000f14                DMA2_Stream4_IRQHandler
                0x08000f14                OTG_FS_IRQHandler
                0x08000f14                SPI3_IRQHandler
                0x08000f14                DMA1_Stream4_IRQHandler
                0x08000f14                I2C1_ER_IRQHandler
                0x08000f14                DMA2_Stream6_IRQHandler
                0x08000f14                DMA1_Stream3_IRQHandler
 *fill*         0x08000f16        0x2 
 .text.HAL_Init
                0x08000f18       0x44 ./Drivers/STM32F4xx_HAL_Driver/Src/stm32f4xx_hal.o
                0x08000f18                HAL_Init
 .text.HAL_InitTick
                0x08000f5c       0x60 ./Drivers/STM32F4xx_HAL_Driver/Src/stm32f4xx_hal.o
                0x08000f5c                HAL_InitTick
 .text.HAL_IncTick
                0x08000fbc       0x28 ./Drivers/STM32F4xx_HAL_Driver/Src/stm32f4xx_hal.o
                0x08000fbc                HAL_IncTick
 .text.HAL_GetTick
                0x08000fe4       0x18 ./Drivers/STM32F4xx_HAL_Driver/Src/stm32f4xx_hal.o
                0x08000fe4                HAL_GetTick
 .text.HAL_Delay
                0x08000ffc       0x48 ./Drivers/STM32F4xx_HAL_Driver/Src/stm32f4xx_hal.o
                0x08000ffc                HAL_Delay
 .text.__NVIC_SetPriorityGrouping
                0x08001044       0x48 ./Drivers/STM32F4xx_HAL_Driver/Src/stm32f4xx_hal_cortex.o
 .text.__NVIC_GetPriorityGrouping
                0x0800108c       0x1c ./Drivers/STM32F4xx_HAL_Driver/Src/stm32f4xx_hal_cortex.o
 .text.__NVIC_EnableIRQ
                0x080010a8       0x3c ./Drivers/STM32F4xx_HAL_Driver/Src/stm32f4xx_hal_cortex.o
 .text.__NVIC_SetPriority
                0x080010e4       0x54 ./Drivers/STM32F4xx_HAL_Driver/Src/stm32f4xx_hal_cortex.o
 .text.NVIC_EncodePriority
                0x08001138       0x66 ./Drivers/STM32F4xx_HAL_Driver/Src/stm32f4xx_hal_cortex.o
 *fill*         0x0800119e        0x2 
 .text.SysTick_Config
                0x080011a0       0x44 ./Drivers/STM32F4xx_HAL_Driver/Src/stm32f4xx_hal_cortex.o
 .text.HAL_NVIC_SetPriorityGrouping
                0x080011e4       0x16 ./Drivers/STM32F4xx_HAL_Driver/Src/stm32f4xx_hal_cortex.o
                0x080011e4                HAL_NVIC_SetPriorityGrouping
 .text.HAL_NVIC_SetPriority
                0x080011fa       0x38 ./Drivers/STM32F4xx_HAL_Driver/Src/stm32f4xx_hal_cortex.o
                0x080011fa                HAL_NVIC_SetPriority
 .text.HAL_NVIC_EnableIRQ
                0x08001232       0x1c ./Drivers/STM32F4xx_HAL_Driver/Src/stm32f4xx_hal_cortex.o
                0x08001232                HAL_NVIC_EnableIRQ
 .text.HAL_SYSTICK_Config
                0x0800124e       0x18 ./Drivers/STM32F4xx_HAL_Driver/Src/stm32f4xx_hal_cortex.o
                0x0800124e                HAL_SYSTICK_Config
 .text.HAL_DMA_Abort
                0x08001266       0xe0 ./Drivers/STM32F4xx_HAL_Driver/Src/stm32f4xx_hal_dma.o
                0x08001266                HAL_DMA_Abort
 .text.HAL_DMA_Abort_IT
                0x08001346       0x44 ./Drivers/STM32F4xx_HAL_Driver/Src/stm32f4xx_hal_dma.o
                0x08001346                HAL_DMA_Abort_IT
 *fill*         0x0800138a        0x2 
 .text.HAL_GPIO_Init
                0x0800138c      0x338 ./Drivers/STM32F4xx_HAL_Driver/Src/stm32f4xx_hal_gpio.o
                0x0800138c                HAL_GPIO_Init
 .text.HAL_GPIO_WritePin
                0x080016c4       0x32 ./Drivers/STM32F4xx_HAL_Driver/Src/stm32f4xx_hal_gpio.o
                0x080016c4                HAL_GPIO_WritePin
 .text.HAL_GPIO_TogglePin
                0x080016f6       0x34 ./Drivers/STM32F4xx_HAL_Driver/Src/stm32f4xx_hal_gpio.o
                0x080016f6                HAL_GPIO_TogglePin
 *fill*         0x0800172a        0x2 
 .text.HAL_RCC_OscConfig
                0x0800172c      0x4f0 ./Drivers/STM32F4xx_HAL_Driver/Src/stm32f4xx_hal_rcc.o
                0x0800172c                HAL_RCC_OscConfig
 .text.HAL_RCC_ClockConfig
                0x08001c1c      0x1cc ./Drivers/STM32F4xx_HAL_Driver/Src/stm32f4xx_hal_rcc.o
                0x08001c1c                HAL_RCC_ClockConfig
 .text.HAL_RCC_GetSysClockFreq
                0x08001de8      0x18c ./Drivers/STM32F4xx_HAL_Driver/Src/stm32f4xx_hal_rcc.o
                0x08001de8                HAL_RCC_GetSysClockFreq
 .text.HAL_RCC_GetHCLKFreq
                0x08001f74       0x18 ./Drivers/STM32F4xx_HAL_Driver/Src/stm32f4xx_hal_rcc.o
                0x08001f74                HAL_RCC_GetHCLKFreq
 .text.HAL_RCC_GetPCLK1Freq
                0x08001f8c       0x28 ./Drivers/STM32F4xx_HAL_Driver/Src/stm32f4xx_hal_rcc.o
                0x08001f8c                HAL_RCC_GetPCLK1Freq
 .text.HAL_RCC_GetPCLK2Freq
                0x08001fb4       0x28 ./Drivers/STM32F4xx_HAL_Driver/Src/stm32f4xx_hal_rcc.o
                0x08001fb4                HAL_RCC_GetPCLK2Freq
 .text.HAL_SD_Init
                0x08001fdc       0x60 ./Drivers/STM32F4xx_HAL_Driver/Src/stm32f4xx_hal_sd.o
                0x08001fdc                HAL_SD_Init
 .text.HAL_SD_InitCard
                0x0800203c       0xf0 ./Drivers/STM32F4xx_HAL_Driver/Src/stm32f4xx_hal_sd.o
                0x0800203c                HAL_SD_InitCard
 .text.HAL_SD_ReadBlocks
                0x0800212c      0x3cc ./Drivers/STM32F4xx_HAL_Driver/Src/stm32f4xx_hal_sd.o
                0x0800212c                HAL_SD_ReadBlocks
 .text.HAL_SD_WriteBlocks
                0x080024f8      0x31c ./Drivers/STM32F4xx_HAL_Driver/Src/stm32f4xx_hal_sd.o
                0x080024f8                HAL_SD_WriteBlocks
 .text.HAL_SD_GetCardCSD
                0x08002814      0x348 ./Drivers/STM32F4xx_HAL_Driver/Src/stm32f4xx_hal_sd.o
                0x08002814                HAL_SD_GetCardCSD
 .text.HAL_SD_GetCardInfo
                0x08002b5c       0x58 ./Drivers/STM32F4xx_HAL_Driver/Src/stm32f4xx_hal_sd.o
                0x08002b5c                HAL_SD_GetCardInfo
 .text.HAL_SD_GetCardState
                0x08002bb4       0x40 ./Drivers/STM32F4xx_HAL_Driver/Src/stm32f4xx_hal_sd.o
                0x08002bb4                HAL_SD_GetCardState
 .text.SD_InitCard
                0x08002bf4      0x19c ./Drivers/STM32F4xx_HAL_Driver/Src/stm32f4xx_hal_sd.o
 .text.SD_PowerON
                0x08002d90      0x11c ./Drivers/STM32F4xx_HAL_Driver/Src/stm32f4xx_hal_sd.o
 .text.SD_SendStatus
                0x08002eac       0x50 ./Drivers/STM32F4xx_HAL_Driver/Src/stm32f4xx_hal_sd.o
 .text.HAL_TIM_Base_Init
                0x08002efc       0x9e ./Drivers/STM32F4xx_HAL_Driver/Src/stm32f4xx_hal_tim.o
                0x08002efc                HAL_TIM_Base_Init
 *fill*         0x08002f9a        0x2 
 .text.HAL_TIM_Base_Start_IT
                0x08002f9c       0xe0 ./Drivers/STM32F4xx_HAL_Driver/Src/stm32f4xx_hal_tim.o
                0x08002f9c                HAL_TIM_Base_Start_IT
 .text.HAL_TIM_IRQHandler
                0x0800307c      0x1e0 ./Drivers/STM32F4xx_HAL_Driver/Src/stm32f4xx_hal_tim.o
                0x0800307c                HAL_TIM_IRQHandler
 .text.HAL_TIM_OC_DelayElapsedCallback
                0x0800325c       0x14 ./Drivers/STM32F4xx_HAL_Driver/Src/stm32f4xx_hal_tim.o
                0x0800325c                HAL_TIM_OC_DelayElapsedCallback
 .text.HAL_TIM_IC_CaptureCallback
                0x08003270       0x14 ./Drivers/STM32F4xx_HAL_Driver/Src/stm32f4xx_hal_tim.o
                0x08003270                HAL_TIM_IC_CaptureCallback
 .text.HAL_TIM_PWM_PulseFinishedCallback
                0x08003284       0x14 ./Drivers/STM32F4xx_HAL_Driver/Src/stm32f4xx_hal_tim.o
                0x08003284                HAL_TIM_PWM_PulseFinishedCallback
 .text.HAL_TIM_TriggerCallback
                0x08003298       0x14 ./Drivers/STM32F4xx_HAL_Driver/Src/stm32f4xx_hal_tim.o
                0x08003298                HAL_TIM_TriggerCallback
 .text.TIM_Base_SetConfig
                0x080032ac      0x14c ./Drivers/STM32F4xx_HAL_Driver/Src/stm32f4xx_hal_tim.o
                0x080032ac                TIM_Base_SetConfig
 .text.HAL_TIMEx_MasterConfigSynchronization
                0x080033f8       0xf8 ./Drivers/STM32F4xx_HAL_Driver/Src/stm32f4xx_hal_tim_ex.o
                0x080033f8                HAL_TIMEx_MasterConfigSynchronization
 .text.HAL_TIMEx_CommutCallback
                0x080034f0       0x14 ./Drivers/STM32F4xx_HAL_Driver/Src/stm32f4xx_hal_tim_ex.o
                0x080034f0                HAL_TIMEx_CommutCallback
 .text.HAL_TIMEx_BreakCallback
                0x08003504       0x14 ./Drivers/STM32F4xx_HAL_Driver/Src/stm32f4xx_hal_tim_ex.o
                0x08003504                HAL_TIMEx_BreakCallback
 .text.HAL_UART_Init
                0x08003518       0xa0 ./Drivers/STM32F4xx_HAL_Driver/Src/stm32f4xx_hal_uart.o
                0x08003518                HAL_UART_Init
 .text.HAL_UART_Transmit_IT
                0x080035b8       0x6c ./Drivers/STM32F4xx_HAL_Driver/Src/stm32f4xx_hal_uart.o
                0x080035b8                HAL_UART_Transmit_IT
 .text.HAL_UART_Receive_IT
                0x08003624       0x4a ./Drivers/STM32F4xx_HAL_Driver/Src/stm32f4xx_hal_uart.o
                0x08003624                HAL_UART_Receive_IT
 *fill*         0x0800366e        0x2 
 .text.HAL_UART_IRQHandler
                0x08003670      0x554 ./Drivers/STM32F4xx_HAL_Driver/Src/stm32f4xx_hal_uart.o
                0x08003670                HAL_UART_IRQHandler
 .text.HAL_UART_ErrorCallback
                0x08003bc4       0x14 ./Drivers/STM32F4xx_HAL_Driver/Src/stm32f4xx_hal_uart.o
                0x08003bc4                HAL_UART_ErrorCallback
 .text.HAL_UARTEx_RxEventCallback
                0x08003bd8       0x18 ./Drivers/STM32F4xx_HAL_Driver/Src/stm32f4xx_hal_uart.o
                0x08003bd8                HAL_UARTEx_RxEventCallback
 .text.UART_Start_Receive_IT
                0x08003bf0       0x74 ./Drivers/STM32F4xx_HAL_Driver/Src/stm32f4xx_hal_uart.o
                0x08003bf0                UART_Start_Receive_IT
 .text.UART_EndRxTransfer
                0x08003c64       0xc6 ./Drivers/STM32F4xx_HAL_Driver/Src/stm32f4xx_hal_uart.o
 .text.UART_DMAAbortOnError
                0x08003d2a       0x22 ./Drivers/STM32F4xx_HAL_Driver/Src/stm32f4xx_hal_uart.o
 .text.UART_Transmit_IT
                0x08003d4c       0xa0 ./Drivers/STM32F4xx_HAL_Driver/Src/stm32f4xx_hal_uart.o
 .text.UART_EndTransmit_IT
                0x08003dec       0x30 ./Drivers/STM32F4xx_HAL_Driver/Src/stm32f4xx_hal_uart.o
 .text.UART_Receive_IT
                0x08003e1c      0x17c ./Drivers/STM32F4xx_HAL_Driver/Src/stm32f4xx_hal_uart.o
 .text.UART_SetConfig
                0x08003f98      0x4e8 ./Drivers/STM32F4xx_HAL_Driver/Src/stm32f4xx_hal_uart.o
 .text.SDIO_Init
                0x08004480       0x56 ./Drivers/STM32F4xx_HAL_Driver/Src/stm32f4xx_ll_sdmmc.o
                0x08004480                SDIO_Init
 .text.SDIO_ReadFIFO
                0x080044d6       0x1a ./Drivers/STM32F4xx_HAL_Driver/Src/stm32f4xx_ll_sdmmc.o
                0x080044d6                SDIO_ReadFIFO
 .text.SDIO_WriteFIFO
                0x080044f0       0x22 ./Drivers/STM32F4xx_HAL_Driver/Src/stm32f4xx_ll_sdmmc.o
                0x080044f0                SDIO_WriteFIFO
 .text.SDIO_PowerState_ON
                0x08004512       0x1c ./Drivers/STM32F4xx_HAL_Driver/Src/stm32f4xx_ll_sdmmc.o
                0x08004512                SDIO_PowerState_ON
 .text.SDIO_GetPowerState
                0x0800452e       0x1c ./Drivers/STM32F4xx_HAL_Driver/Src/stm32f4xx_ll_sdmmc.o
                0x0800452e                SDIO_GetPowerState
 .text.SDIO_SendCommand
                0x0800454a       0x54 ./Drivers/STM32F4xx_HAL_Driver/Src/stm32f4xx_ll_sdmmc.o
                0x0800454a                SDIO_SendCommand
 .text.SDIO_GetCommandResponse
                0x0800459e       0x1a ./Drivers/STM32F4xx_HAL_Driver/Src/stm32f4xx_ll_sdmmc.o
                0x0800459e                SDIO_GetCommandResponse
 .text.SDIO_GetResponse
                0x080045b8       0x26 ./Drivers/STM32F4xx_HAL_Driver/Src/stm32f4xx_ll_sdmmc.o
                0x080045b8                SDIO_GetResponse
 .text.SDIO_ConfigData
                0x080045de       0x58 ./Drivers/STM32F4xx_HAL_Driver/Src/stm32f4xx_ll_sdmmc.o
                0x080045de                SDIO_ConfigData
 .text.SDMMC_CmdBlockLength
                0x08004636       0x44 ./Drivers/STM32F4xx_HAL_Driver/Src/stm32f4xx_ll_sdmmc.o
                0x08004636                SDMMC_CmdBlockLength
 .text.SDMMC_CmdReadSingleBlock
                0x0800467a       0x44 ./Drivers/STM32F4xx_HAL_Driver/Src/stm32f4xx_ll_sdmmc.o
                0x0800467a                SDMMC_CmdReadSingleBlock
 .text.SDMMC_CmdReadMultiBlock
                0x080046be       0x44 ./Drivers/STM32F4xx_HAL_Driver/Src/stm32f4xx_ll_sdmmc.o
                0x080046be                SDMMC_CmdReadMultiBlock
 .text.SDMMC_CmdWriteSingleBlock
                0x08004702       0x44 ./Drivers/STM32F4xx_HAL_Driver/Src/stm32f4xx_ll_sdmmc.o
                0x08004702                SDMMC_CmdWriteSingleBlock
 .text.SDMMC_CmdWriteMultiBlock
                0x08004746       0x44 ./Drivers/STM32F4xx_HAL_Driver/Src/stm32f4xx_ll_sdmmc.o
                0x08004746                SDMMC_CmdWriteMultiBlock
 *fill*         0x0800478a        0x2 
 .text.SDMMC_CmdStopTransfer
                0x0800478c       0x44 ./Drivers/STM32F4xx_HAL_Driver/Src/stm32f4xx_ll_sdmmc.o
                0x0800478c                SDMMC_CmdStopTransfer
 .text.SDMMC_CmdSelDesel
                0x080047d0       0x46 ./Drivers/STM32F4xx_HAL_Driver/Src/stm32f4xx_ll_sdmmc.o
                0x080047d0                SDMMC_CmdSelDesel
 .text.SDMMC_CmdGoIdleState
                0x08004816       0x3c ./Drivers/STM32F4xx_HAL_Driver/Src/stm32f4xx_ll_sdmmc.o
                0x08004816                SDMMC_CmdGoIdleState
 .text.SDMMC_CmdOperCond
                0x08004852       0x3e ./Drivers/STM32F4xx_HAL_Driver/Src/stm32f4xx_ll_sdmmc.o
                0x08004852                SDMMC_CmdOperCond
 .text.SDMMC_CmdAppCommand
                0x08004890       0x44 ./Drivers/STM32F4xx_HAL_Driver/Src/stm32f4xx_ll_sdmmc.o
                0x08004890                SDMMC_CmdAppCommand
 .text.SDMMC_CmdAppOperCommand
                0x080048d4       0x46 ./Drivers/STM32F4xx_HAL_Driver/Src/stm32f4xx_ll_sdmmc.o
                0x080048d4                SDMMC_CmdAppOperCommand
 .text.SDMMC_CmdSendCID
                0x0800491a       0x3c ./Drivers/STM32F4xx_HAL_Driver/Src/stm32f4xx_ll_sdmmc.o
                0x0800491a                SDMMC_CmdSendCID
 .text.SDMMC_CmdSendCSD
                0x08004956       0x3e ./Drivers/STM32F4xx_HAL_Driver/Src/stm32f4xx_ll_sdmmc.o
                0x08004956                SDMMC_CmdSendCSD
 .text.SDMMC_CmdSetRelAdd
                0x08004994       0x42 ./Drivers/STM32F4xx_HAL_Driver/Src/stm32f4xx_ll_sdmmc.o
                0x08004994                SDMMC_CmdSetRelAdd
 .text.SDMMC_CmdSendStatus
                0x080049d6       0x44 ./Drivers/STM32F4xx_HAL_Driver/Src/stm32f4xx_ll_sdmmc.o
                0x080049d6                SDMMC_CmdSendStatus
 *fill*         0x08004a1a        0x2 
 .text.SDMMC_GetCmdResp1
                0x08004a1c      0x1dc ./Drivers/STM32F4xx_HAL_Driver/Src/stm32f4xx_ll_sdmmc.o
                0x08004a1c                SDMMC_GetCmdResp1
 .text.SDMMC_GetCmdResp2
                0x08004bf8       0x90 ./Drivers/STM32F4xx_HAL_Driver/Src/stm32f4xx_ll_sdmmc.o
                0x08004bf8                SDMMC_GetCmdResp2
 .text.SDMMC_GetCmdResp3
                0x08004c88       0x7c ./Drivers/STM32F4xx_HAL_Driver/Src/stm32f4xx_ll_sdmmc.o
                0x08004c88                SDMMC_GetCmdResp3
 .text.SDMMC_GetCmdResp6
                0x08004d04       0xec ./Drivers/STM32F4xx_HAL_Driver/Src/stm32f4xx_ll_sdmmc.o
                0x08004d04                SDMMC_GetCmdResp6
 .text.SDMMC_GetCmdResp7
                0x08004df0       0x9c ./Drivers/STM32F4xx_HAL_Driver/Src/stm32f4xx_ll_sdmmc.o
                0x08004df0                SDMMC_GetCmdResp7
 .text.SDMMC_GetCmdError
                0x08004e8c       0x58 ./Drivers/STM32F4xx_HAL_Driver/Src/stm32f4xx_ll_sdmmc.o
 .text.MX_FATFS_Init
                0x08004ee4       0x24 ./FATFS/App/fatfs.o
                0x08004ee4                MX_FATFS_Init
 .text.get_fattime
                0x08004f08       0x10 ./FATFS/App/fatfs.o
                0x08004f08                get_fattime
 .text.BSP_SD_Init
                0x08004f18       0x30 ./FATFS/Target/bsp_driver_sd.o
                0x08004f18                BSP_SD_Init
 .text.BSP_SD_ReadBlocks
                0x08004f48       0x3c ./FATFS/Target/bsp_driver_sd.o
                0x08004f48                BSP_SD_ReadBlocks
 .text.BSP_SD_WriteBlocks
                0x08004f84       0x3c ./FATFS/Target/bsp_driver_sd.o
                0x08004f84                BSP_SD_WriteBlocks
 .text.BSP_SD_GetCardState
                0x08004fc0       0x20 ./FATFS/Target/bsp_driver_sd.o
                0x08004fc0                BSP_SD_GetCardState
 .text.BSP_SD_GetCardInfo
                0x08004fe0       0x1c ./FATFS/Target/bsp_driver_sd.o
                0x08004fe0                BSP_SD_GetCardInfo
 .text.BSP_SD_IsDetected
                0x08004ffc       0x1a ./FATFS/Target/bsp_driver_sd.o
                0x08004ffc                BSP_SD_IsDetected
 *fill*         0x08005016        0x2 
 .text.SD_CheckStatus
                0x08005018       0x3c ./FATFS/Target/sd_diskio.o
 .text.SD_initialize
                0x08005054       0x3c ./FATFS/Target/sd_diskio.o
                0x08005054                SD_initialize
 .text.SD_status
                0x08005090       0x1c ./FATFS/Target/sd_diskio.o
                0x08005090                SD_status
 .text.SD_read  0x080050ac       0x42 ./FATFS/Target/sd_diskio.o
                0x080050ac                SD_read
 .text.SD_write
                0x080050ee       0x42 ./FATFS/Target/sd_diskio.o
                0x080050ee                SD_write
 .text.SD_ioctl
                0x08005130       0xb0 ./FATFS/Target/sd_diskio.o
                0x08005130                SD_ioctl
 .text.disk_status
                0x080051e0       0x34 ./Middlewares/Third_Party/FatFs/src/diskio.o
                0x080051e0                disk_status
 .text.disk_initialize
                0x08005214       0x50 ./Middlewares/Third_Party/FatFs/src/diskio.o
                0x08005214                disk_initialize
 .text.disk_read
                0x08005264       0x40 ./Middlewares/Third_Party/FatFs/src/diskio.o
                0x08005264                disk_read
 .text.disk_write
                0x080052a4       0x40 ./Middlewares/Third_Party/FatFs/src/diskio.o
                0x080052a4                disk_write
 .text.disk_ioctl
                0x080052e4       0x3c ./Middlewares/Third_Party/FatFs/src/diskio.o
                0x080052e4                disk_ioctl
 .text.ld_word  0x08005320       0x30 ./Middlewares/Third_Party/FatFs/src/ff.o
 .text.ld_dword
                0x08005350       0x46 ./Middlewares/Third_Party/FatFs/src/ff.o
 .text.st_word  0x08005396       0x36 ./Middlewares/Third_Party/FatFs/src/ff.o
 .text.st_dword
                0x080053cc       0x58 ./Middlewares/Third_Party/FatFs/src/ff.o
 .text.mem_cpy  0x08005424       0x42 ./Middlewares/Third_Party/FatFs/src/ff.o
 .text.mem_set  0x08005466       0x36 ./Middlewares/Third_Party/FatFs/src/ff.o
 .text.mem_cmp  0x0800549c       0x4e ./Middlewares/Third_Party/FatFs/src/ff.o
 .text.chk_chr  0x080054ea       0x36 ./Middlewares/Third_Party/FatFs/src/ff.o
 .text.chk_lock
                0x08005520       0xb8 ./Middlewares/Third_Party/FatFs/src/ff.o
 .text.enq_lock
                0x080055d8       0x44 ./Middlewares/Third_Party/FatFs/src/ff.o
 .text.inc_lock
                0x0800561c      0x11c ./Middlewares/Third_Party/FatFs/src/ff.o
 .text.dec_lock
                0x08005738       0x78 ./Middlewares/Third_Party/FatFs/src/ff.o
 .text.clear_lock
                0x080057b0       0x48 ./Middlewares/Third_Party/FatFs/src/ff.o
 .text.sync_window
                0x080057f8       0x88 ./Middlewares/Third_Party/FatFs/src/ff.o
 .text.move_window
                0x08005880       0x5a ./Middlewares/Third_Party/FatFs/src/ff.o
 *fill*         0x080058da        0x2 
 .text.sync_fs  0x080058dc       0xdc ./Middlewares/Third_Party/FatFs/src/ff.o
 .text.clust2sect
                0x080059b8       0x3e ./Middlewares/Third_Party/FatFs/src/ff.o
 .text.get_fat  0x080059f6      0x14e ./Middlewares/Third_Party/FatFs/src/ff.o
 .text.put_fat  0x08005b44      0x1d4 ./Middlewares/Third_Party/FatFs/src/ff.o
 .text.remove_chain
                0x08005d18       0xca ./Middlewares/Third_Party/FatFs/src/ff.o
 .text.create_chain
                0x08005de2      0x130 ./Middlewares/Third_Party/FatFs/src/ff.o
 .text.clmt_clust
                0x08005f12       0x68 ./Middlewares/Third_Party/FatFs/src/ff.o
 .text.dir_sdi  0x08005f7a       0xf6 ./Middlewares/Third_Party/FatFs/src/ff.o
 .text.dir_next
                0x08006070      0x18a ./Middlewares/Third_Party/FatFs/src/ff.o
 .text.dir_alloc
                0x080061fa       0x8e ./Middlewares/Third_Party/FatFs/src/ff.o
 .text.ld_clust
                0x08006288       0x3e ./Middlewares/Third_Party/FatFs/src/ff.o
 .text.st_clust
                0x080062c6       0x40 ./Middlewares/Third_Party/FatFs/src/ff.o
 .text.dir_find
                0x08006306       0xaa ./Middlewares/Third_Party/FatFs/src/ff.o
 .text.dir_register
                0x080063b0       0x64 ./Middlewares/Third_Party/FatFs/src/ff.o
 .text.create_name
                0x08006414      0x128 ./Middlewares/Third_Party/FatFs/src/ff.o
 .text.follow_path
                0x0800653c       0xe2 ./Middlewares/Third_Party/FatFs/src/ff.o
 .text.get_ldnumber
                0x0800661e       0x88 ./Middlewares/Third_Party/FatFs/src/ff.o
 *fill*         0x080066a6        0x2 
 .text.check_fs
                0x080066a8       0xac ./Middlewares/Third_Party/FatFs/src/ff.o
 .text.find_volume
                0x08006754      0x498 ./Middlewares/Third_Party/FatFs/src/ff.o
 .text.validate
                0x08006bec       0x6a ./Middlewares/Third_Party/FatFs/src/ff.o
 *fill*         0x08006c56        0x2 
 .text.f_mount  0x08006c58       0x8c ./Middlewares/Third_Party/FatFs/src/ff.o
                0x08006c58                f_mount
 .text.f_open   0x08006ce4      0x374 ./Middlewares/Third_Party/FatFs/src/ff.o
                0x08006ce4                f_open
 .text.f_read   0x08007058      0x27e ./Middlewares/Third_Party/FatFs/src/ff.o
                0x08007058                f_read
 .text.f_write  0x080072d6      0x2ea ./Middlewares/Third_Party/FatFs/src/ff.o
                0x080072d6                f_write
 .text.f_sync   0x080075c0       0xfc ./Middlewares/Third_Party/FatFs/src/ff.o
                0x080075c0                f_sync
 .text.f_close  0x080076bc       0x54 ./Middlewares/Third_Party/FatFs/src/ff.o
                0x080076bc                f_close
 .text.FATFS_LinkDriverEx
                0x08007710       0x98 ./Middlewares/Third_Party/FatFs/src/ff_gen_drv.o
                0x08007710                FATFS_LinkDriverEx
 .text.FATFS_LinkDriver
                0x080077a8       0x1e ./Middlewares/Third_Party/FatFs/src/ff_gen_drv.o
                0x080077a8                FATFS_LinkDriver
 .text.memset   0x080077c6       0x10 C:/ST/STM32CubeIDE_1.15.1/STM32CubeIDE/plugins/com.st.stm32cube.ide.mcu.externaltools.gnu-tools-for-stm32.12.3.rel1.win32_1.0.100.202403111256/tools/bin/../lib/gcc/arm-none-eabi/12.3.1/../../../../arm-none-eabi/lib/thumb/v7e-m+fp/hard\libc_nano.a(libc_a-memset.o)
                0x080077c6                memset
 *fill*         0x080077d6        0x2 
 .text.__libc_init_array
                0x080077d8       0x48 C:/ST/STM32CubeIDE_1.15.1/STM32CubeIDE/plugins/com.st.stm32cube.ide.mcu.externaltools.gnu-tools-for-stm32.12.3.rel1.win32_1.0.100.202403111256/tools/bin/../lib/gcc/arm-none-eabi/12.3.1/../../../../arm-none-eabi/lib/thumb/v7e-m+fp/hard\libc_nano.a(libc_a-init.o)
                0x080077d8                __libc_init_array
 *(.glue_7)
 .glue_7        0x08007820        0x0 linker stubs
 *(.glue_7t)
 .glue_7t       0x08007820        0x0 linker stubs
 *(.eh_frame)
 .eh_frame      0x08007820        0x0 C:/ST/STM32CubeIDE_1.15.1/STM32CubeIDE/plugins/com.st.stm32cube.ide.mcu.externaltools.gnu-tools-for-stm32.12.3.rel1.win32_1.0.100.202403111256/tools/bin/../lib/gcc/arm-none-eabi/12.3.1/thumb/v7e-m+fp/hard/crtbegin.o
 *(.init)
 .init          0x08007820        0x4 C:/ST/STM32CubeIDE_1.15.1/STM32CubeIDE/plugins/com.st.stm32cube.ide.mcu.externaltools.gnu-tools-for-stm32.12.3.rel1.win32_1.0.100.202403111256/tools/bin/../lib/gcc/arm-none-eabi/12.3.1/thumb/v7e-m+fp/hard/crti.o
                0x08007820                _init
 .init          0x08007824        0x8 C:/ST/STM32CubeIDE_1.15.1/STM32CubeIDE/plugins/com.st.stm32cube.ide.mcu.externaltools.gnu-tools-for-stm32.12.3.rel1.win32_1.0.100.202403111256/tools/bin/../lib/gcc/arm-none-eabi/12.3.1/thumb/v7e-m+fp/hard/crtn.o
 *(.fini)
 .fini          0x0800782c        0x4 C:/ST/STM32CubeIDE_1.15.1/STM32CubeIDE/plugins/com.st.stm32cube.ide.mcu.externaltools.gnu-tools-for-stm32.12.3.rel1.win32_1.0.100.202403111256/tools/bin/../lib/gcc/arm-none-eabi/12.3.1/thumb/v7e-m+fp/hard/crti.o
                0x0800782c                _fini
 .fini          0x08007830        0x8 C:/ST/STM32CubeIDE_1.15.1/STM32CubeIDE/plugins/com.st.stm32cube.ide.mcu.externaltools.gnu-tools-for-stm32.12.3.rel1.win32_1.0.100.202403111256/tools/bin/../lib/gcc/arm-none-eabi/12.3.1/thumb/v7e-m+fp/hard/crtn.o
                0x08007838                        . = ALIGN (0x4)
                0x08007838                        _etext = .

.vfp11_veneer   0x08007838        0x0
 .vfp11_veneer  0x08007838        0x0 linker stubs

.v4_bx          0x08007838        0x0
 .v4_bx         0x08007838        0x0 linker stubs

.iplt           0x08007838        0x0
 .iplt          0x08007838        0x0 C:/ST/STM32CubeIDE_1.15.1/STM32CubeIDE/plugins/com.st.stm32cube.ide.mcu.externaltools.gnu-tools-for-stm32.12.3.rel1.win32_1.0.100.202403111256/tools/bin/../lib/gcc/arm-none-eabi/12.3.1/thumb/v7e-m+fp/hard/crtbegin.o

.rodata         0x08007838      0x11c
                0x08007838                        . = ALIGN (0x4)
 *(.rodata)
 .rodata        0x08007838       0x29 ./Core/Src/main.o
 *fill*         0x08007861        0x3 
 .rodata        0x08007864       0x44 ./Middlewares/Third_Party/FatFs/src/ff.o
 *(.rodata*)
 .rodata.AHBPrescTable
                0x080078a8       0x10 ./Core/Src/system_stm32f4xx.o
                0x080078a8                AHBPrescTable
 .rodata.APBPrescTable
                0x080078b8        0x8 ./Core/Src/system_stm32f4xx.o
                0x080078b8                APBPrescTable
 .rodata.SD_Driver
                0x080078c0       0x14 ./FATFS/Target/sd_diskio.o
                0x080078c0                SD_Driver
 .rodata.ExCvt  0x080078d4       0x80 ./Middlewares/Third_Party/FatFs/src/ff.o
                0x08007954                        . = ALIGN (0x4)

.ARM.extab      0x08007954        0x0
                0x08007954                        . = ALIGN (0x4)
 *(.ARM.extab* .gnu.linkonce.armextab.*)
                0x08007954                        . = ALIGN (0x4)

.ARM            0x08007954        0x8
                0x08007954                        . = ALIGN (0x4)
                0x08007954                        __exidx_start = .
 *(.ARM.exidx*)
 .ARM.exidx     0x08007954        0x8 C:/ST/STM32CubeIDE_1.15.1/STM32CubeIDE/plugins/com.st.stm32cube.ide.mcu.externaltools.gnu-tools-for-stm32.12.3.rel1.win32_1.0.100.202403111256/tools/bin/../lib/gcc/arm-none-eabi/12.3.1/../../../../arm-none-eabi/lib/thumb/v7e-m+fp/hard\libc_nano.a(libc_a-strlen.o)
 .ARM.exidx     0x0800795c        0x0 C:/ST/STM32CubeIDE_1.15.1/STM32CubeIDE/plugins/com.st.stm32cube.ide.mcu.externaltools.gnu-tools-for-stm32.12.3.rel1.win32_1.0.100.202403111256/tools/bin/../lib/gcc/arm-none-eabi/12.3.1/thumb/v7e-m+fp/hard\libgcc.a(_udivmoddi4.o)
                                  0x8 (size before relaxing)
                0x0800795c                        __exidx_end = .
                0x0800795c                        . = ALIGN (0x4)

.preinit_array  0x0800795c        0x0
                0x0800795c                        . = ALIGN (0x4)
                0x0800795c                        PROVIDE (__preinit_array_start = .)
 *(.preinit_array*)
                0x0800795c                        PROVIDE (__preinit_array_end = .)
                0x0800795c                        . = ALIGN (0x4)

.init_array     0x0800795c        0x4
                0x0800795c                        . = ALIGN (0x4)
                0x0800795c                        PROVIDE (__init_array_start = .)
 *(SORT_BY_NAME(.init_array.*))
 *(.init_array*)
 .init_array    0x0800795c        0x4 C:/ST/STM32CubeIDE_1.15.1/STM32CubeIDE/plugins/com.st.stm32cube.ide.mcu.externaltools.gnu-tools-for-stm32.12.3.rel1.win32_1.0.100.202403111256/tools/bin/../lib/gcc/arm-none-eabi/12.3.1/thumb/v7e-m+fp/hard/crtbegin.o
                0x08007960                        PROVIDE (__init_array_end = .)
                0x08007960                        . = ALIGN (0x4)

.fini_array     0x08007960        0x4
                0x08007960                        . = ALIGN (0x4)
                [!provide]                        PROVIDE (__fini_array_start = .)
 *(SORT_BY_NAME(.fini_array.*))
 *(.fini_array*)
 .fini_array    0x08007960        0x4 C:/ST/STM32CubeIDE_1.15.1/STM32CubeIDE/plugins/com.st.stm32cube.ide.mcu.externaltools.gnu-tools-for-stm32.12.3.rel1.win32_1.0.100.202403111256/tools/bin/../lib/gcc/arm-none-eabi/12.3.1/thumb/v7e-m+fp/hard/crtbegin.o
                [!provide]                        PROVIDE (__fini_array_end = .)
                0x08007964                        . = ALIGN (0x4)
                0x08007964                        _sidata = LOADADDR (.data)

.rel.dyn        0x08007964        0x0
 .rel.iplt      0x08007964        0x0 C:/ST/STM32CubeIDE_1.15.1/STM32CubeIDE/plugins/com.st.stm32cube.ide.mcu.externaltools.gnu-tools-for-stm32.12.3.rel1.win32_1.0.100.202403111256/tools/bin/../lib/gcc/arm-none-eabi/12.3.1/thumb/v7e-m+fp/hard/crtbegin.o

.data           0x20000000        0xc load address 0x08007964
                0x20000000                        . = ALIGN (0x4)
                0x20000000                        _sdata = .
 *(.data)
 *(.data*)
 .data.SystemCoreClock
                0x20000000        0x4 ./Core/Src/system_stm32f4xx.o
                0x20000000                SystemCoreClock
 .data.uwTickPrio
                0x20000004        0x4 ./Drivers/STM32F4xx_HAL_Driver/Src/stm32f4xx_hal.o
                0x20000004                uwTickPrio
 .data.uwTickFreq
                0x20000008        0x1 ./Drivers/STM32F4xx_HAL_Driver/Src/stm32f4xx_hal.o
                0x20000008                uwTickFreq
 .data.Stat     0x20000009        0x1 ./FATFS/Target/sd_diskio.o
 *(.RamFunc)
 *(.RamFunc*)
                0x2000000c                        . = ALIGN (0x4)
 *fill*         0x2000000a        0x2 
                0x2000000c                        _edata = .
                0x08007970                        _siccmram = LOADADDR (.ccmram)

.igot.plt       0x2000000c        0x0 load address 0x08007970
 .igot.plt      0x2000000c        0x0 C:/ST/STM32CubeIDE_1.15.1/STM32CubeIDE/plugins/com.st.stm32cube.ide.mcu.externaltools.gnu-tools-for-stm32.12.3.rel1.win32_1.0.100.202403111256/tools/bin/../lib/gcc/arm-none-eabi/12.3.1/thumb/v7e-m+fp/hard/crtbegin.o

.ccmram         0x10000000        0x0 load address 0x08007970
                0x10000000                        . = ALIGN (0x4)
                0x10000000                        _sccmram = .
 *(.ccmram)
 *(.ccmram*)
                0x10000000                        . = ALIGN (0x4)
                0x10000000                        _eccmram = .
                0x10000000                        . = ALIGN (0x4)

.bss            0x2000000c      0x204
                0x2000000c                        _sbss = .
                0x2000000c                        __bss_start__ = _sbss
 *(.bss)
 .bss           0x2000000c       0x1c C:/ST/STM32CubeIDE_1.15.1/STM32CubeIDE/plugins/com.st.stm32cube.ide.mcu.externaltools.gnu-tools-for-stm32.12.3.rel1.win32_1.0.100.202403111256/tools/bin/../lib/gcc/arm-none-eabi/12.3.1/thumb/v7e-m+fp/hard/crtbegin.o
 *(.bss*)
 .bss.hsd       0x20000028       0x84 ./Core/Src/main.o
                0x20000028                hsd
 .bss.htim7     0x200000ac       0x48 ./Core/Src/main.o
                0x200000ac                htim7
 .bss.huart1    0x200000f4       0x48 ./Core/Src/main.o
                0x200000f4                huart1
 .bss.huart2    0x2000013c       0x48 ./Core/Src/main.o
                0x2000013c                huart2
 .bss.huart3    0x20000184       0x48 ./Core/Src/main.o
                0x20000184                huart3
 .bss.rxByte    0x200001cc        0x1 ./Core/Src/main.o
                0x200001cc                rxByte
 *fill*         0x200001cd        0x1 
 .bss.ms_tick_1
                0x200001ce        0x2 ./Core/Src/main.o
 .bss.uwTick    0x200001d0        0x4 ./Drivers/STM32F4xx_HAL_Driver/Src/stm32f4xx_hal.o
                0x200001d0                uwTick
 .bss.retSD     0x200001d4        0x1 ./FATFS/App/fatfs.o
                0x200001d4                retSD
 *fill*         0x200001d5        0x3 
 .bss.SDPath    0x200001d8        0x4 ./FATFS/App/fatfs.o
                0x200001d8                SDPath
 .bss.FatFs     0x200001dc        0x4 ./Middlewares/Third_Party/FatFs/src/ff.o
 .bss.Fsid      0x200001e0        0x2 ./Middlewares/Third_Party/FatFs/src/ff.o
 *fill*         0x200001e2        0x2 
 .bss.Files     0x200001e4       0x20 ./Middlewares/Third_Party/FatFs/src/ff.o
 .bss.disk      0x20000204        0xc ./Middlewares/Third_Party/FatFs/src/ff_gen_drv.o
                0x20000204                disk
 *(COMMON)
                0x20000210                        . = ALIGN (0x4)
                0x20000210                        _ebss = .
                0x20000210                        __bss_end__ = _ebss

._user_heap_stack
                0x20000210      0x600
                0x20000210                        . = ALIGN (0x8)
                [!provide]                        PROVIDE (end = .)
                0x20000210                        PROVIDE (_end = .)
                0x20000410                        . = (. + _Min_Heap_Size)
 *fill*         0x20000210      0x200 
                0x20000810                        . = (. + _Min_Stack_Size)
 *fill*         0x20000410      0x400 
                0x20000810                        . = ALIGN (0x8)

/DISCARD/
 libc.a(*)
 libm.a(*)
 libgcc.a(*)

.ARM.attributes
                0x00000000       0x30
 *(.ARM.attributes)
 .ARM.attributes
                0x00000000       0x22 C:/ST/STM32CubeIDE_1.15.1/STM32CubeIDE/plugins/com.st.stm32cube.ide.mcu.externaltools.gnu-tools-for-stm32.12.3.rel1.win32_1.0.100.202403111256/tools/bin/../lib/gcc/arm-none-eabi/12.3.1/thumb/v7e-m+fp/hard/crti.o
 .ARM.attributes
                0x00000022       0x34 C:/ST/STM32CubeIDE_1.15.1/STM32CubeIDE/plugins/com.st.stm32cube.ide.mcu.externaltools.gnu-tools-for-stm32.12.3.rel1.win32_1.0.100.202403111256/tools/bin/../lib/gcc/arm-none-eabi/12.3.1/thumb/v7e-m+fp/hard/crtbegin.o
 .ARM.attributes
                0x00000056       0x34 ./Core/Src/main.o
 .ARM.attributes
                0x0000008a       0x34 ./Core/Src/stm32f4xx_hal_msp.o
 .ARM.attributes
                0x000000be       0x34 ./Core/Src/stm32f4xx_it.o
 .ARM.attributes
                0x000000f2       0x34 ./Core/Src/system_stm32f4xx.o
 .ARM.attributes
                0x00000126       0x21 ./Core/Startup/startup_stm32f407vgtx.o
 .ARM.attributes
                0x00000147       0x34 ./Drivers/STM32F4xx_HAL_Driver/Src/stm32f4xx_hal.o
 .ARM.attributes
                0x0000017b       0x34 ./Drivers/STM32F4xx_HAL_Driver/Src/stm32f4xx_hal_cortex.o
 .ARM.attributes
                0x000001af       0x34 ./Drivers/STM32F4xx_HAL_Driver/Src/stm32f4xx_hal_dma.o
 .ARM.attributes
                0x000001e3       0x34 ./Drivers/STM32F4xx_HAL_Driver/Src/stm32f4xx_hal_gpio.o
 .ARM.attributes
                0x00000217       0x34 ./Drivers/STM32F4xx_HAL_Driver/Src/stm32f4xx_hal_rcc.o
 .ARM.attributes
                0x0000024b       0x34 ./Drivers/STM32F4xx_HAL_Driver/Src/stm32f4xx_hal_sd.o
 .ARM.attributes
                0x0000027f       0x34 ./Drivers/STM32F4xx_HAL_Driver/Src/stm32f4xx_hal_tim.o
 .ARM.attributes
                0x000002b3       0x34 ./Drivers/STM32F4xx_HAL_Driver/Src/stm32f4xx_hal_tim_ex.o
 .ARM.attributes
                0x000002e7       0x34 ./Drivers/STM32F4xx_HAL_Driver/Src/stm32f4xx_hal_uart.o
 .ARM.attributes
                0x0000031b       0x34 ./Drivers/STM32F4xx_HAL_Driver/Src/stm32f4xx_ll_sdmmc.o
 .ARM.attributes
                0x0000034f       0x34 ./FATFS/App/fatfs.o
 .ARM.attributes
                0x00000383       0x34 ./FATFS/Target/bsp_driver_sd.o
 .ARM.attributes
                0x000003b7       0x34 ./FATFS/Target/sd_diskio.o
 .ARM.attributes
                0x000003eb       0x34 ./Middlewares/Third_Party/FatFs/src/diskio.o
 .ARM.attributes
                0x0000041f       0x34 ./Middlewares/Third_Party/FatFs/src/ff.o
 .ARM.attributes
                0x00000453       0x34 ./Middlewares/Third_Party/FatFs/src/ff_gen_drv.o
 .ARM.attributes
                0x00000487       0x34 C:/ST/STM32CubeIDE_1.15.1/STM32CubeIDE/plugins/com.st.stm32cube.ide.mcu.externaltools.gnu-tools-for-stm32.12.3.rel1.win32_1.0.100.202403111256/tools/bin/../lib/gcc/arm-none-eabi/12.3.1/../../../../arm-none-eabi/lib/thumb/v7e-m+fp/hard\libc_nano.a(libc_a-memset.o)
 .ARM.attributes
                0x000004bb       0x34 C:/ST/STM32CubeIDE_1.15.1/STM32CubeIDE/plugins/com.st.stm32cube.ide.mcu.externaltools.gnu-tools-for-stm32.12.3.rel1.win32_1.0.100.202403111256/tools/bin/../lib/gcc/arm-none-eabi/12.3.1/../../../../arm-none-eabi/lib/thumb/v7e-m+fp/hard\libc_nano.a(libc_a-init.o)
 .ARM.attributes
                0x000004ef       0x17 C:/ST/STM32CubeIDE_1.15.1/STM32CubeIDE/plugins/com.st.stm32cube.ide.mcu.externaltools.gnu-tools-for-stm32.12.3.rel1.win32_1.0.100.202403111256/tools/bin/../lib/gcc/arm-none-eabi/12.3.1/../../../../arm-none-eabi/lib/thumb/v7e-m+fp/hard\libc_nano.a(libc_a-strlen.o)
 .ARM.attributes
                0x00000506       0x22 C:/ST/STM32CubeIDE_1.15.1/STM32CubeIDE/plugins/com.st.stm32cube.ide.mcu.externaltools.gnu-tools-for-stm32.12.3.rel1.win32_1.0.100.202403111256/tools/bin/../lib/gcc/arm-none-eabi/12.3.1/thumb/v7e-m+fp/hard\libgcc.a(_aeabi_uldivmod.o)
 .ARM.attributes
                0x00000528       0x34 C:/ST/STM32CubeIDE_1.15.1/STM32CubeIDE/plugins/com.st.stm32cube.ide.mcu.externaltools.gnu-tools-for-stm32.12.3.rel1.win32_1.0.100.202403111256/tools/bin/../lib/gcc/arm-none-eabi/12.3.1/thumb/v7e-m+fp/hard\libgcc.a(_udivmoddi4.o)
 .ARM.attributes
                0x0000055c       0x22 C:/ST/STM32CubeIDE_1.15.1/STM32CubeIDE/plugins/com.st.stm32cube.ide.mcu.externaltools.gnu-tools-for-stm32.12.3.rel1.win32_1.0.100.202403111256/tools/bin/../lib/gcc/arm-none-eabi/12.3.1/thumb/v7e-m+fp/hard\libgcc.a(_dvmd_tls.o)
 .ARM.attributes
                0x0000057e       0x22 C:/ST/STM32CubeIDE_1.15.1/STM32CubeIDE/plugins/com.st.stm32cube.ide.mcu.externaltools.gnu-tools-for-stm32.12.3.rel1.win32_1.0.100.202403111256/tools/bin/../lib/gcc/arm-none-eabi/12.3.1/thumb/v7e-m+fp/hard/crtn.o
OUTPUT(AM_KIT_2.elf elf32-littlearm)
LOAD linker stubs
LOAD C:/ST/STM32CubeIDE_1.15.1/STM32CubeIDE/plugins/com.st.stm32cube.ide.mcu.externaltools.gnu-tools-for-stm32.12.3.rel1.win32_1.0.100.202403111256/tools/bin/../lib/gcc/arm-none-eabi/12.3.1/../../../../arm-none-eabi/lib/thumb/v7e-m+fp/hard\libc.a
LOAD C:/ST/STM32CubeIDE_1.15.1/STM32CubeIDE/plugins/com.st.stm32cube.ide.mcu.externaltools.gnu-tools-for-stm32.12.3.rel1.win32_1.0.100.202403111256/tools/bin/../lib/gcc/arm-none-eabi/12.3.1/../../../../arm-none-eabi/lib/thumb/v7e-m+fp/hard\libm.a
LOAD C:/ST/STM32CubeIDE_1.15.1/STM32CubeIDE/plugins/com.st.stm32cube.ide.mcu.externaltools.gnu-tools-for-stm32.12.3.rel1.win32_1.0.100.202403111256/tools/bin/../lib/gcc/arm-none-eabi/12.3.1/thumb/v7e-m+fp/hard\libgcc.a

.debug_info     0x00000000    0x14371
 .debug_info    0x00000000     0x196c ./Core/Src/main.o
 .debug_info    0x0000196c     0x13b6 ./Core/Src/stm32f4xx_hal_msp.o
 .debug_info    0x00002d22      0x9c1 ./Core/Src/stm32f4xx_it.o
 .debug_info    0x000036e3      0x512 ./Core/Src/system_stm32f4xx.o
 .debug_info    0x00003bf5       0x30 ./Core/Startup/startup_stm32f407vgtx.o
 .debug_info    0x00003c25      0x944 ./Drivers/STM32F4xx_HAL_Driver/Src/stm32f4xx_hal.o
 .debug_info    0x00004569      0xd8c ./Drivers/STM32F4xx_HAL_Driver/Src/stm32f4xx_hal_cortex.o
 .debug_info    0x000052f5      0x8e7 ./Drivers/STM32F4xx_HAL_Driver/Src/stm32f4xx_hal_dma.o
 .debug_info    0x00005bdc      0x6c3 ./Drivers/STM32F4xx_HAL_Driver/Src/stm32f4xx_hal_gpio.o
 .debug_info    0x0000629f      0x8c3 ./Drivers/STM32F4xx_HAL_Driver/Src/stm32f4xx_hal_rcc.o
 .debug_info    0x00006b62     0x1bfb ./Drivers/STM32F4xx_HAL_Driver/Src/stm32f4xx_hal_sd.o
 .debug_info    0x0000875d     0x299d ./Drivers/STM32F4xx_HAL_Driver/Src/stm32f4xx_hal_tim.o
 .debug_info    0x0000b0fa     0x14db ./Drivers/STM32F4xx_HAL_Driver/Src/stm32f4xx_hal_tim_ex.o
 .debug_info    0x0000c5d5     0x2f4f ./Drivers/STM32F4xx_HAL_Driver/Src/stm32f4xx_hal_uart.o
 .debug_info    0x0000f524     0x10c4 ./Drivers/STM32F4xx_HAL_Driver/Src/stm32f4xx_ll_sdmmc.o
 .debug_info    0x000105e8      0x4d9 ./FATFS/App/fatfs.o
 .debug_info    0x00010ac1      0xabd ./FATFS/Target/bsp_driver_sd.o
 .debug_info    0x0001157e      0x4b8 ./FATFS/Target/sd_diskio.o
 .debug_info    0x00011a36      0x3df ./Middlewares/Third_Party/FatFs/src/diskio.o
 .debug_info    0x00011e15     0x21dd ./Middlewares/Third_Party/FatFs/src/ff.o
 .debug_info    0x00013ff2      0x37f ./Middlewares/Third_Party/FatFs/src/ff_gen_drv.o

.debug_abbrev   0x00000000     0x2bf1
 .debug_abbrev  0x00000000      0x34a ./Core/Src/main.o
 .debug_abbrev  0x0000034a      0x22e ./Core/Src/stm32f4xx_hal_msp.o
 .debug_abbrev  0x00000578      0x19c ./Core/Src/stm32f4xx_it.o
 .debug_abbrev  0x00000714      0x11a ./Core/Src/system_stm32f4xx.o
 .debug_abbrev  0x0000082e       0x24 ./Core/Startup/startup_stm32f407vgtx.o
 .debug_abbrev  0x00000852      0x214 ./Drivers/STM32F4xx_HAL_Driver/Src/stm32f4xx_hal.o
 .debug_abbrev  0x00000a66      0x31d ./Drivers/STM32F4xx_HAL_Driver/Src/stm32f4xx_hal_cortex.o
 .debug_abbrev  0x00000d83      0x264 ./Drivers/STM32F4xx_HAL_Driver/Src/stm32f4xx_hal_dma.o
 .debug_abbrev  0x00000fe7      0x1d4 ./Drivers/STM32F4xx_HAL_Driver/Src/stm32f4xx_hal_gpio.o
 .debug_abbrev  0x000011bb      0x2b7 ./Drivers/STM32F4xx_HAL_Driver/Src/stm32f4xx_hal_rcc.o
 .debug_abbrev  0x00001472      0x297 ./Drivers/STM32F4xx_HAL_Driver/Src/stm32f4xx_hal_sd.o
 .debug_abbrev  0x00001709      0x278 ./Drivers/STM32F4xx_HAL_Driver/Src/stm32f4xx_hal_tim.o
 .debug_abbrev  0x00001981      0x283 ./Drivers/STM32F4xx_HAL_Driver/Src/stm32f4xx_hal_tim_ex.o
 .debug_abbrev  0x00001c04      0x30e ./Drivers/STM32F4xx_HAL_Driver/Src/stm32f4xx_hal_uart.o
 .debug_abbrev  0x00001f12      0x1d6 ./Drivers/STM32F4xx_HAL_Driver/Src/stm32f4xx_ll_sdmmc.o
 .debug_abbrev  0x000020e8      0x160 ./FATFS/App/fatfs.o
 .debug_abbrev  0x00002248      0x276 ./FATFS/Target/bsp_driver_sd.o
 .debug_abbrev  0x000024be      0x191 ./FATFS/Target/sd_diskio.o
 .debug_abbrev  0x0000264f      0x181 ./Middlewares/Third_Party/FatFs/src/diskio.o
 .debug_abbrev  0x000027d0      0x282 ./Middlewares/Third_Party/FatFs/src/ff.o
 .debug_abbrev  0x00002a52      0x19f ./Middlewares/Third_Party/FatFs/src/ff_gen_drv.o

.debug_aranges  0x00000000     0x12f8
 .debug_aranges
                0x00000000       0x78 ./Core/Src/main.o
 .debug_aranges
                0x00000078       0x50 ./Core/Src/stm32f4xx_hal_msp.o
 .debug_aranges
                0x000000c8       0x80 ./Core/Src/stm32f4xx_it.o
 .debug_aranges
                0x00000148       0x28 ./Core/Src/system_stm32f4xx.o
 .debug_aranges
                0x00000170       0x28 ./Core/Startup/startup_stm32f407vgtx.o
 .debug_aranges
                0x00000198       0xf0 ./Drivers/STM32F4xx_HAL_Driver/Src/stm32f4xx_hal.o
 .debug_aranges
                0x00000288      0x130 ./Drivers/STM32F4xx_HAL_Driver/Src/stm32f4xx_hal_cortex.o
 .debug_aranges
                0x000003b8       0x90 ./Drivers/STM32F4xx_HAL_Driver/Src/stm32f4xx_hal_dma.o
 .debug_aranges
                0x00000448       0x58 ./Drivers/STM32F4xx_HAL_Driver/Src/stm32f4xx_hal_gpio.o
 .debug_aranges
                0x000004a0       0x88 ./Drivers/STM32F4xx_HAL_Driver/Src/stm32f4xx_hal_rcc.o
 .debug_aranges
                0x00000528      0x168 ./Drivers/STM32F4xx_HAL_Driver/Src/stm32f4xx_hal_sd.o
 .debug_aranges
                0x00000690      0x3d0 ./Drivers/STM32F4xx_HAL_Driver/Src/stm32f4xx_hal_tim.o
 .debug_aranges
                0x00000a60      0x168 ./Drivers/STM32F4xx_HAL_Driver/Src/stm32f4xx_hal_tim_ex.o
 .debug_aranges
                0x00000bc8      0x208 ./Drivers/STM32F4xx_HAL_Driver/Src/stm32f4xx_hal_uart.o
 .debug_aranges
                0x00000dd0      0x188 ./Drivers/STM32F4xx_HAL_Driver/Src/stm32f4xx_ll_sdmmc.o
 .debug_aranges
                0x00000f58       0x28 ./FATFS/App/fatfs.o
 .debug_aranges
                0x00000f80       0xa0 ./FATFS/Target/bsp_driver_sd.o
 .debug_aranges
                0x00001020       0x48 ./FATFS/Target/sd_diskio.o
 .debug_aranges
                0x00001068       0x48 ./Middlewares/Third_Party/FatFs/src/diskio.o
 .debug_aranges
                0x000010b0      0x208 ./Middlewares/Third_Party/FatFs/src/ff.o
 .debug_aranges
                0x000012b8       0x40 ./Middlewares/Third_Party/FatFs/src/ff_gen_drv.o

.debug_rnglists
                0x00000000      0xec2
 .debug_rnglists
                0x00000000       0x58 ./Core/Src/main.o
 .debug_rnglists
                0x00000058       0x3a ./Core/Src/stm32f4xx_hal_msp.o
 .debug_rnglists
                0x00000092       0x5b ./Core/Src/stm32f4xx_it.o
 .debug_rnglists
                0x000000ed       0x1a ./Core/Src/system_stm32f4xx.o
 .debug_rnglists
                0x00000107       0x19 ./Core/Startup/startup_stm32f407vgtx.o
 .debug_rnglists
                0x00000120       0xaf ./Drivers/STM32F4xx_HAL_Driver/Src/stm32f4xx_hal.o
 .debug_rnglists
                0x000001cf       0xe0 ./Drivers/STM32F4xx_HAL_Driver/Src/stm32f4xx_hal_cortex.o
 .debug_rnglists
                0x000002af       0x70 ./Drivers/STM32F4xx_HAL_Driver/Src/stm32f4xx_hal_dma.o
 .debug_rnglists
                0x0000031f       0x3f ./Drivers/STM32F4xx_HAL_Driver/Src/stm32f4xx_hal_gpio.o
 .debug_rnglists
                0x0000035e       0x66 ./Drivers/STM32F4xx_HAL_Driver/Src/stm32f4xx_hal_rcc.o
 .debug_rnglists
                0x000003c4      0x121 ./Drivers/STM32F4xx_HAL_Driver/Src/stm32f4xx_hal_sd.o
 .debug_rnglists
                0x000004e5      0x31a ./Drivers/STM32F4xx_HAL_Driver/Src/stm32f4xx_hal_tim.o
 .debug_rnglists
                0x000007ff      0x125 ./Drivers/STM32F4xx_HAL_Driver/Src/stm32f4xx_hal_tim_ex.o
 .debug_rnglists
                0x00000924      0x1bc ./Drivers/STM32F4xx_HAL_Driver/Src/stm32f4xx_hal_uart.o
 .debug_rnglists
                0x00000ae0      0x125 ./Drivers/STM32F4xx_HAL_Driver/Src/stm32f4xx_ll_sdmmc.o
 .debug_rnglists
                0x00000c05       0x19 ./FATFS/App/fatfs.o
 .debug_rnglists
                0x00000c1e       0x73 ./FATFS/Target/bsp_driver_sd.o
 .debug_rnglists
                0x00000c91       0x32 ./FATFS/Target/sd_diskio.o
 .debug_rnglists
                0x00000cc3       0x31 ./Middlewares/Third_Party/FatFs/src/diskio.o
 .debug_rnglists
                0x00000cf4      0x1a2 ./Middlewares/Third_Party/FatFs/src/ff.o
 .debug_rnglists
                0x00000e96       0x2c ./Middlewares/Third_Party/FatFs/src/ff_gen_drv.o

.debug_macro    0x00000000    0x234b1
 .debug_macro   0x00000000      0x354 ./Core/Src/main.o
 .debug_macro   0x00000354      0xab4 ./Core/Src/main.o
 .debug_macro   0x00000e08      0x2a1 ./Core/Src/main.o
 .debug_macro   0x000010a9       0x2e ./Core/Src/main.o
 .debug_macro   0x000010d7       0x2f ./Core/Src/main.o
 .debug_macro   0x00001106       0x22 ./Core/Src/main.o
 .debug_macro   0x00001128       0x8e ./Core/Src/main.o
 .debug_macro   0x000011b6       0x51 ./Core/Src/main.o
 .debug_macro   0x00001207      0x103 ./Core/Src/main.o
 .debug_macro   0x0000130a       0x6a ./Core/Src/main.o
 .debug_macro   0x00001374      0x1df ./Core/Src/main.o
 .debug_macro   0x00001553       0x1c ./Core/Src/main.o
 .debug_macro   0x0000156f       0x22 ./Core/Src/main.o
 .debug_macro   0x00001591       0xfb ./Core/Src/main.o
 .debug_macro   0x0000168c     0x1011 ./Core/Src/main.o
 .debug_macro   0x0000269d      0x11f ./Core/Src/main.o
 .debug_macro   0x000027bc    0x15ea5 ./Core/Src/main.o
 .debug_macro   0x00018661       0x6d ./Core/Src/main.o
 .debug_macro   0x000186ce     0x3693 ./Core/Src/main.o
 .debug_macro   0x0001bd61      0x189 ./Core/Src/main.o
 .debug_macro   0x0001beea       0x5c ./Core/Src/main.o
 .debug_macro   0x0001bf46      0x980 ./Core/Src/main.o
 .debug_macro   0x0001c8c6      0x9e9 ./Core/Src/main.o
 .debug_macro   0x0001d2af      0x115 ./Core/Src/main.o
 .debug_macro   0x0001d3c4      0x13e ./Core/Src/main.o
 .debug_macro   0x0001d502       0xa5 ./Core/Src/main.o
 .debug_macro   0x0001d5a7      0x174 ./Core/Src/main.o
 .debug_macro   0x0001d71b      0x287 ./Core/Src/main.o
 .debug_macro   0x0001d9a2       0x5f ./Core/Src/main.o
 .debug_macro   0x0001da01      0x236 ./Core/Src/main.o
 .debug_macro   0x0001dc37      0x12c ./Core/Src/main.o
 .debug_macro   0x0001dd63      0x21e ./Core/Src/main.o
 .debug_macro   0x0001df81       0x2e ./Core/Src/main.o
 .debug_macro   0x0001dfaf      0x127 ./Core/Src/main.o
 .debug_macro   0x0001e0d6       0x7e ./Core/Src/main.o
 .debug_macro   0x0001e154       0x89 ./Core/Src/main.o
 .debug_macro   0x0001e1dd      0x868 ./Core/Src/main.o
 .debug_macro   0x0001ea45      0x1d5 ./Core/Src/main.o
 .debug_macro   0x0001ec1a      0x8ed ./Core/Src/main.o
 .debug_macro   0x0001f507       0x4d ./Core/Src/main.o
 .debug_macro   0x0001f554      0x2aa ./Core/Src/main.o
 .debug_macro   0x0001f7fe      0x12d ./Core/Src/main.o
 .debug_macro   0x0001f92b       0x94 ./Core/Src/main.o
 .debug_macro   0x0001f9bf       0x3a ./Core/Src/main.o
 .debug_macro   0x0001f9f9       0xe5 ./Core/Src/main.o
 .debug_macro   0x0001fade       0x2a ./Core/Src/main.o
 .debug_macro   0x0001fb08       0x61 ./Core/Src/main.o
 .debug_macro   0x0001fb69       0x43 ./Core/Src/main.o
 .debug_macro   0x0001fbac       0x34 ./Core/Src/main.o
 .debug_macro   0x0001fbe0       0x16 ./Core/Src/main.o
 .debug_macro   0x0001fbf6       0x35 ./Core/Src/main.o
 .debug_macro   0x0001fc2b       0x16 ./Core/Src/main.o
 .debug_macro   0x0001fc41       0x43 ./Core/Src/main.o
 .debug_macro   0x0001fc84       0x34 ./Core/Src/main.o
 .debug_macro   0x0001fcb8       0x10 ./Core/Src/main.o
 .debug_macro   0x0001fcc8       0x58 ./Core/Src/main.o
 .debug_macro   0x0001fd20       0x8e ./Core/Src/main.o
 .debug_macro   0x0001fdae       0x1c ./Core/Src/main.o
 .debug_macro   0x0001fdca      0x177 ./Core/Src/main.o
 .debug_macro   0x0001ff41      0x369 ./Core/Src/main.o
 .debug_macro   0x000202aa       0x16 ./Core/Src/main.o
 .debug_macro   0x000202c0       0x29 ./Core/Src/main.o
 .debug_macro   0x000202e9       0x12 ./Core/Src/main.o
 .debug_macro   0x000202fb       0xe2 ./Core/Src/main.o
 .debug_macro   0x000203dd       0x8e ./Core/Src/main.o
 .debug_macro   0x0002046b       0x16 ./Core/Src/main.o
 .debug_macro   0x00020481       0x20 ./Core/Src/main.o
 .debug_macro   0x000204a1      0x1f6 ./Core/Src/stm32f4xx_hal_msp.o
 .debug_macro   0x00020697      0x200 ./Core/Src/stm32f4xx_it.o
 .debug_macro   0x00020897      0x1e7 ./Core/Src/system_stm32f4xx.o
 .debug_macro   0x00020a7e      0x247 ./Drivers/STM32F4xx_HAL_Driver/Src/stm32f4xx_hal.o
 .debug_macro   0x00020cc5      0x1e7 ./Drivers/STM32F4xx_HAL_Driver/Src/stm32f4xx_hal_cortex.o
 .debug_macro   0x00020eac      0x1ed ./Drivers/STM32F4xx_HAL_Driver/Src/stm32f4xx_hal_dma.o
 .debug_macro   0x00021099      0x1ed ./Drivers/STM32F4xx_HAL_Driver/Src/stm32f4xx_hal_gpio.o
 .debug_macro   0x00021286      0x20b ./Drivers/STM32F4xx_HAL_Driver/Src/stm32f4xx_hal_rcc.o
 .debug_macro   0x00021491      0x1e8 ./Drivers/STM32F4xx_HAL_Driver/Src/stm32f4xx_hal_sd.o
 .debug_macro   0x00021679      0x1e8 ./Drivers/STM32F4xx_HAL_Driver/Src/stm32f4xx_hal_tim.o
 .debug_macro   0x00021861      0x1e7 ./Drivers/STM32F4xx_HAL_Driver/Src/stm32f4xx_hal_tim_ex.o
 .debug_macro   0x00021a48      0x1e8 ./Drivers/STM32F4xx_HAL_Driver/Src/stm32f4xx_hal_uart.o
 .debug_macro   0x00021c30      0x1e8 ./Drivers/STM32F4xx_HAL_Driver/Src/stm32f4xx_ll_sdmmc.o
 .debug_macro   0x00021e18      0x324 ./FATFS/App/fatfs.o
 .debug_macro   0x0002213c      0x1f6 ./FATFS/Target/bsp_driver_sd.o
 .debug_macro   0x00022332       0x34 ./FATFS/Target/bsp_driver_sd.o
 .debug_macro   0x00022366      0x327 ./FATFS/Target/sd_diskio.o
 .debug_macro   0x0002268d       0x16 ./FATFS/Target/sd_diskio.o
 .debug_macro   0x000226a3       0x7c ./FATFS/Target/sd_diskio.o
 .debug_macro   0x0002271f      0x311 ./Middlewares/Third_Party/FatFs/src/diskio.o
 .debug_macro   0x00022a30      0x718 ./Middlewares/Third_Party/FatFs/src/ff.o
 .debug_macro   0x00023148       0x58 ./Middlewares/Third_Party/FatFs/src/ff.o
 .debug_macro   0x000231a0      0x311 ./Middlewares/Third_Party/FatFs/src/ff_gen_drv.o

.debug_line     0x00000000    0x1795e
 .debug_line    0x00000000      0xc5c ./Core/Src/main.o
 .debug_line    0x00000c5c      0x8cf ./Core/Src/stm32f4xx_hal_msp.o
 .debug_line    0x0000152b      0x89f ./Core/Src/stm32f4xx_it.o
 .debug_line    0x00001dca      0x7f2 ./Core/Src/system_stm32f4xx.o
 .debug_line    0x000025bc       0x7a ./Core/Startup/startup_stm32f407vgtx.o
 .debug_line    0x00002636      0xa6a ./Drivers/STM32F4xx_HAL_Driver/Src/stm32f4xx_hal.o
 .debug_line    0x000030a0      0xd5c ./Drivers/STM32F4xx_HAL_Driver/Src/stm32f4xx_hal_cortex.o
 .debug_line    0x00003dfc      0xfda ./Drivers/STM32F4xx_HAL_Driver/Src/stm32f4xx_hal_dma.o
 .debug_line    0x00004dd6      0xbf6 ./Drivers/STM32F4xx_HAL_Driver/Src/stm32f4xx_hal_gpio.o
 .debug_line    0x000059cc      0xdf3 ./Drivers/STM32F4xx_HAL_Driver/Src/stm32f4xx_hal_rcc.o
 .debug_line    0x000067bf     0x1f9a ./Drivers/STM32F4xx_HAL_Driver/Src/stm32f4xx_hal_sd.o
 .debug_line    0x00008759     0x3806 ./Drivers/STM32F4xx_HAL_Driver/Src/stm32f4xx_hal_tim.o
 .debug_line    0x0000bf5f     0x1a60 ./Drivers/STM32F4xx_HAL_Driver/Src/stm32f4xx_hal_tim_ex.o
 .debug_line    0x0000d9bf     0x296d ./Drivers/STM32F4xx_HAL_Driver/Src/stm32f4xx_hal_uart.o
 .debug_line    0x0001032c      0xff9 ./Drivers/STM32F4xx_HAL_Driver/Src/stm32f4xx_ll_sdmmc.o
 .debug_line    0x00011325      0x97e ./FATFS/App/fatfs.o
 .debug_line    0x00011ca3      0x941 ./FATFS/Target/bsp_driver_sd.o
 .debug_line    0x000125e4      0xa62 ./FATFS/Target/sd_diskio.o
 .debug_line    0x00013046      0x9f2 ./Middlewares/Third_Party/FatFs/src/diskio.o
 .debug_line    0x00013a38     0x3519 ./Middlewares/Third_Party/FatFs/src/ff.o
 .debug_line    0x00016f51      0xa0d ./Middlewares/Third_Party/FatFs/src/ff_gen_drv.o

.debug_str      0x00000000    0xd1e5c
 .debug_str     0x00000000    0xcceb2 ./Core/Src/main.o
                              0xcd2aa (size before relaxing)
 .debug_str     0x000cceb2      0x5cd ./Core/Src/stm32f4xx_hal_msp.o
                              0xc98e5 (size before relaxing)
 .debug_str     0x000cd47f      0x136 ./Core/Src/stm32f4xx_it.o
                              0xc90cb (size before relaxing)
 .debug_str     0x000cd5b5       0xdb ./Core/Src/system_stm32f4xx.o
                              0xc87d8 (size before relaxing)
 .debug_str     0x000cd690       0x44 ./Core/Startup/startup_stm32f407vgtx.o
                                 0x64 (size before relaxing)
 .debug_str     0x000cd6d4      0x612 ./Drivers/STM32F4xx_HAL_Driver/Src/stm32f4xx_hal.o
                              0xc935c (size before relaxing)
 .debug_str     0x000cdce6      0x36b ./Drivers/STM32F4xx_HAL_Driver/Src/stm32f4xx_hal_cortex.o
                              0xc90d8 (size before relaxing)
 .debug_str     0x000ce051      0x323 ./Drivers/STM32F4xx_HAL_Driver/Src/stm32f4xx_hal_dma.o
                              0xc8bf2 (size before relaxing)
 .debug_str     0x000ce374      0x10e ./Drivers/STM32F4xx_HAL_Driver/Src/stm32f4xx_hal_gpio.o
                              0xc8953 (size before relaxing)
 .debug_str     0x000ce482      0x233 ./Drivers/STM32F4xx_HAL_Driver/Src/stm32f4xx_hal_rcc.o
                              0xc8c0c (size before relaxing)
 .debug_str     0x000ce6b5      0x91a ./Drivers/STM32F4xx_HAL_Driver/Src/stm32f4xx_hal_sd.o
                              0xc9551 (size before relaxing)
 .debug_str     0x000cefcf      0xe1a ./Drivers/STM32F4xx_HAL_Driver/Src/stm32f4xx_hal_tim.o
                              0xc9b62 (size before relaxing)
 .debug_str     0x000cfde9      0x493 ./Drivers/STM32F4xx_HAL_Driver/Src/stm32f4xx_hal_tim_ex.o
                              0xc936e (size before relaxing)
 .debug_str     0x000d027c      0x5a5 ./Drivers/STM32F4xx_HAL_Driver/Src/stm32f4xx_hal_uart.o
                              0xc91ed (size before relaxing)
 .debug_str     0x000d0821      0x227 ./Drivers/STM32F4xx_HAL_Driver/Src/stm32f4xx_ll_sdmmc.o
                              0xc8c5f (size before relaxing)
 .debug_str     0x000d0a48       0xd1 ./FATFS/App/fatfs.o
                              0xcc2f6 (size before relaxing)
 .debug_str     0x000d0b19      0x164 ./FATFS/Target/bsp_driver_sd.o
                              0xc8e49 (size before relaxing)
 .debug_str     0x000d0c7d       0xa0 ./FATFS/Target/sd_diskio.o
                              0xcc33e (size before relaxing)
 .debug_str     0x000d0d1d       0x57 ./Middlewares/Third_Party/FatFs/src/diskio.o
                              0xcc211 (size before relaxing)
 .debug_str     0x000d0d74     0x1057 ./Middlewares/Third_Party/FatFs/src/ff.o
                              0xcd474 (size before relaxing)
 .debug_str     0x000d1dcb       0x91 ./Middlewares/Third_Party/FatFs/src/ff_gen_drv.o
                              0xcc262 (size before relaxing)

.comment        0x00000000       0x43
 .comment       0x00000000       0x43 ./Core/Src/main.o
                                 0x44 (size before relaxing)
 .comment       0x00000043       0x44 ./Core/Src/stm32f4xx_hal_msp.o
 .comment       0x00000043       0x44 ./Core/Src/stm32f4xx_it.o
 .comment       0x00000043       0x44 ./Core/Src/system_stm32f4xx.o
 .comment       0x00000043       0x44 ./Drivers/STM32F4xx_HAL_Driver/Src/stm32f4xx_hal.o
 .comment       0x00000043       0x44 ./Drivers/STM32F4xx_HAL_Driver/Src/stm32f4xx_hal_cortex.o
 .comment       0x00000043       0x44 ./Drivers/STM32F4xx_HAL_Driver/Src/stm32f4xx_hal_dma.o
 .comment       0x00000043       0x44 ./Drivers/STM32F4xx_HAL_Driver/Src/stm32f4xx_hal_gpio.o
 .comment       0x00000043       0x44 ./Drivers/STM32F4xx_HAL_Driver/Src/stm32f4xx_hal_rcc.o
 .comment       0x00000043       0x44 ./Drivers/STM32F4xx_HAL_Driver/Src/stm32f4xx_hal_sd.o
 .comment       0x00000043       0x44 ./Drivers/STM32F4xx_HAL_Driver/Src/stm32f4xx_hal_tim.o
 .comment       0x00000043       0x44 ./Drivers/STM32F4xx_HAL_Driver/Src/stm32f4xx_hal_tim_ex.o
 .comment       0x00000043       0x44 ./Drivers/STM32F4xx_HAL_Driver/Src/stm32f4xx_hal_uart.o
 .comment       0x00000043       0x44 ./Drivers/STM32F4xx_HAL_Driver/Src/stm32f4xx_ll_sdmmc.o
 .comment       0x00000043       0x44 ./FATFS/App/fatfs.o
 .comment       0x00000043       0x44 ./FATFS/Target/bsp_driver_sd.o
 .comment       0x00000043       0x44 ./FATFS/Target/sd_diskio.o
 .comment       0x00000043       0x44 ./Middlewares/Third_Party/FatFs/src/diskio.o
 .comment       0x00000043       0x44 ./Middlewares/Third_Party/FatFs/src/ff.o
 .comment       0x00000043       0x44 ./Middlewares/Third_Party/FatFs/src/ff_gen_drv.o

.debug_frame    0x00000000     0x5028
 .debug_frame   0x00000000      0x198 ./Core/Src/main.o
 .debug_frame   0x00000198      0x110 ./Core/Src/stm32f4xx_hal_msp.o
 .debug_frame   0x000002a8      0x174 ./Core/Src/stm32f4xx_it.o
 .debug_frame   0x0000041c       0x58 ./Core/Src/system_stm32f4xx.o
 .debug_frame   0x00000474      0x374 ./Drivers/STM32F4xx_HAL_Driver/Src/stm32f4xx_hal.o
 .debug_frame   0x000007e8      0x508 ./Drivers/STM32F4xx_HAL_Driver/Src/stm32f4xx_hal_cortex.o
 .debug_frame   0x00000cf0      0x250 ./Drivers/STM32F4xx_HAL_Driver/Src/stm32f4xx_hal_dma.o
 .debug_frame   0x00000f40      0x14c ./Drivers/STM32F4xx_HAL_Driver/Src/stm32f4xx_hal_gpio.o
 .debug_frame   0x0000108c      0x1f4 ./Drivers/STM32F4xx_HAL_Driver/Src/stm32f4xx_hal_rcc.o
 .debug_frame   0x00001280      0x650 ./Drivers/STM32F4xx_HAL_Driver/Src/stm32f4xx_hal_sd.o
 .debug_frame   0x000018d0     0x11c0 ./Drivers/STM32F4xx_HAL_Driver/Src/stm32f4xx_hal_tim.o
 .debug_frame   0x00002a90      0x638 ./Drivers/STM32F4xx_HAL_Driver/Src/stm32f4xx_hal_tim_ex.o
 .debug_frame   0x000030c8      0x954 ./Drivers/STM32F4xx_HAL_Driver/Src/stm32f4xx_hal_uart.o
 .debug_frame   0x00003a1c      0x6d0 ./Drivers/STM32F4xx_HAL_Driver/Src/stm32f4xx_ll_sdmmc.o
 .debug_frame   0x000040ec       0x4c ./FATFS/App/fatfs.o
 .debug_frame   0x00004138      0x25c ./FATFS/Target/bsp_driver_sd.o
 .debug_frame   0x00004394       0xe8 ./FATFS/Target/sd_diskio.o
 .debug_frame   0x0000447c       0xec ./Middlewares/Third_Party/FatFs/src/diskio.o
 .debug_frame   0x00004568      0x94c ./Middlewares/Third_Party/FatFs/src/ff.o
 .debug_frame   0x00004eb4       0xc8 ./Middlewares/Third_Party/FatFs/src/ff_gen_drv.o
 .debug_frame   0x00004f7c       0x20 C:/ST/STM32CubeIDE_1.15.1/STM32CubeIDE/plugins/com.st.stm32cube.ide.mcu.externaltools.gnu-tools-for-stm32.12.3.rel1.win32_1.0.100.202403111256/tools/bin/../lib/gcc/arm-none-eabi/12.3.1/../../../../arm-none-eabi/lib/thumb/v7e-m+fp/hard\libc_nano.a(libc_a-memset.o)
 .debug_frame   0x00004f9c       0x2c C:/ST/STM32CubeIDE_1.15.1/STM32CubeIDE/plugins/com.st.stm32cube.ide.mcu.externaltools.gnu-tools-for-stm32.12.3.rel1.win32_1.0.100.202403111256/tools/bin/../lib/gcc/arm-none-eabi/12.3.1/../../../../arm-none-eabi/lib/thumb/v7e-m+fp/hard\libc_nano.a(libc_a-init.o)
 .debug_frame   0x00004fc8       0x2c C:/ST/STM32CubeIDE_1.15.1/STM32CubeIDE/plugins/com.st.stm32cube.ide.mcu.externaltools.gnu-tools-for-stm32.12.3.rel1.win32_1.0.100.202403111256/tools/bin/../lib/gcc/arm-none-eabi/12.3.1/thumb/v7e-m+fp/hard\libgcc.a(_aeabi_uldivmod.o)
 .debug_frame   0x00004ff4       0x34 C:/ST/STM32CubeIDE_1.15.1/STM32CubeIDE/plugins/com.st.stm32cube.ide.mcu.externaltools.gnu-tools-for-stm32.12.3.rel1.win32_1.0.100.202403111256/tools/bin/../lib/gcc/arm-none-eabi/12.3.1/thumb/v7e-m+fp/hard\libgcc.a(_udivmoddi4.o)

.debug_line_str
                0x00000000       0x48
 .debug_line_str
                0x00000000       0x48 ./Core/Startup/startup_stm32f407vgtx.o
