Archive member included to satisfy reference by file (symbol)

C:/ST/STM32CubeIDE_1.15.1/STM32CubeIDE/plugins/com.st.stm32cube.ide.mcu.externaltools.gnu-tools-for-stm32.12.3.rel1.win32_1.0.100.202403111256/tools/bin/../lib/gcc/arm-none-eabi/12.3.1/../../../../arm-none-eabi/lib/thumb/v7e-m+fp/hard\libc_nano.a(libc_a-atoi.o)
                              ./Core/Src/esp32_at.o (atoi)
C:/ST/STM32CubeIDE_1.15.1/STM32CubeIDE/plugins/com.st.stm32cube.ide.mcu.externaltools.gnu-tools-for-stm32.12.3.rel1.win32_1.0.100.202403111256/tools/bin/../lib/gcc/arm-none-eabi/12.3.1/../../../../arm-none-eabi/lib/thumb/v7e-m+fp/hard\libc_nano.a(libc_a-exit.o)
                              C:/ST/STM32CubeIDE_1.15.1/STM32CubeIDE/plugins/com.st.stm32cube.ide.mcu.externaltools.gnu-tools-for-stm32.12.3.rel1.win32_1.0.100.202403111256/tools/bin/../lib/gcc/arm-none-eabi/12.3.1/../../../../arm-none-eabi/lib/thumb/v7e-m+fp/hard/crt0.o (exit)
C:/ST/STM32CubeIDE_1.15.1/STM32CubeIDE/plugins/com.st.stm32cube.ide.mcu.externaltools.gnu-tools-for-stm32.12.3.rel1.win32_1.0.100.202403111256/tools/bin/../lib/gcc/arm-none-eabi/12.3.1/../../../../arm-none-eabi/lib/thumb/v7e-m+fp/hard\libc_nano.a(libc_a-strtol.o)
                              C:/ST/STM32CubeIDE_1.15.1/STM32CubeIDE/plugins/com.st.stm32cube.ide.mcu.externaltools.gnu-tools-for-stm32.12.3.rel1.win32_1.0.100.202403111256/tools/bin/../lib/gcc/arm-none-eabi/12.3.1/../../../../arm-none-eabi/lib/thumb/v7e-m+fp/hard\libc_nano.a(libc_a-atoi.o) (_strtol_r)
C:/ST/STM32CubeIDE_1.15.1/STM32CubeIDE/plugins/com.st.stm32cube.ide.mcu.externaltools.gnu-tools-for-stm32.12.3.rel1.win32_1.0.100.202403111256/tools/bin/../lib/gcc/arm-none-eabi/12.3.1/../../../../arm-none-eabi/lib/thumb/v7e-m+fp/hard\libc_nano.a(libc_a-ctype_.o)
                              ./Core/Src/esp32_at.o (_ctype_)
C:/ST/STM32CubeIDE_1.15.1/STM32CubeIDE/plugins/com.st.stm32cube.ide.mcu.externaltools.gnu-tools-for-stm32.12.3.rel1.win32_1.0.100.202403111256/tools/bin/../lib/gcc/arm-none-eabi/12.3.1/../../../../arm-none-eabi/lib/thumb/v7e-m+fp/hard\libc_nano.a(libc_a-findfp.o)
                              C:/ST/STM32CubeIDE_1.15.1/STM32CubeIDE/plugins/com.st.stm32cube.ide.mcu.externaltools.gnu-tools-for-stm32.12.3.rel1.win32_1.0.100.202403111256/tools/bin/../lib/gcc/arm-none-eabi/12.3.1/../../../../arm-none-eabi/lib/thumb/v7e-m+fp/hard\libc_nano.a(libc_a-exit.o) (__stdio_exit_handler)
C:/ST/STM32CubeIDE_1.15.1/STM32CubeIDE/plugins/com.st.stm32cube.ide.mcu.externaltools.gnu-tools-for-stm32.12.3.rel1.win32_1.0.100.202403111256/tools/bin/../lib/gcc/arm-none-eabi/12.3.1/../../../../arm-none-eabi/lib/thumb/v7e-m+fp/hard\libc_nano.a(libc_a-fwalk.o)
                              C:/ST/STM32CubeIDE_1.15.1/STM32CubeIDE/plugins/com.st.stm32cube.ide.mcu.externaltools.gnu-tools-for-stm32.12.3.rel1.win32_1.0.100.202403111256/tools/bin/../lib/gcc/arm-none-eabi/12.3.1/../../../../arm-none-eabi/lib/thumb/v7e-m+fp/hard\libc_nano.a(libc_a-findfp.o) (_fwalk_sglue)
C:/ST/STM32CubeIDE_1.15.1/STM32CubeIDE/plugins/com.st.stm32cube.ide.mcu.externaltools.gnu-tools-for-stm32.12.3.rel1.win32_1.0.100.202403111256/tools/bin/../lib/gcc/arm-none-eabi/12.3.1/../../../../arm-none-eabi/lib/thumb/v7e-m+fp/hard\libc_nano.a(libc_a-snprintf.o)
                              ./Core/Src/esp32_at.o (snprintf)
C:/ST/STM32CubeIDE_1.15.1/STM32CubeIDE/plugins/com.st.stm32cube.ide.mcu.externaltools.gnu-tools-for-stm32.12.3.rel1.win32_1.0.100.202403111256/tools/bin/../lib/gcc/arm-none-eabi/12.3.1/../../../../arm-none-eabi/lib/thumb/v7e-m+fp/hard\libc_nano.a(libc_a-sscanf.o)
                              ./Core/Src/esp32_at.o (sscanf)
C:/ST/STM32CubeIDE_1.15.1/STM32CubeIDE/plugins/com.st.stm32cube.ide.mcu.externaltools.gnu-tools-for-stm32.12.3.rel1.win32_1.0.100.202403111256/tools/bin/../lib/gcc/arm-none-eabi/12.3.1/../../../../arm-none-eabi/lib/thumb/v7e-m+fp/hard\libc_nano.a(libc_a-stdio.o)
                              C:/ST/STM32CubeIDE_1.15.1/STM32CubeIDE/plugins/com.st.stm32cube.ide.mcu.externaltools.gnu-tools-for-stm32.12.3.rel1.win32_1.0.100.202403111256/tools/bin/../lib/gcc/arm-none-eabi/12.3.1/../../../../arm-none-eabi/lib/thumb/v7e-m+fp/hard\libc_nano.a(libc_a-findfp.o) (__sread)
C:/ST/STM32CubeIDE_1.15.1/STM32CubeIDE/plugins/com.st.stm32cube.ide.mcu.externaltools.gnu-tools-for-stm32.12.3.rel1.win32_1.0.100.202403111256/tools/bin/../lib/gcc/arm-none-eabi/12.3.1/../../../../arm-none-eabi/lib/thumb/v7e-m+fp/hard\libc_nano.a(libc_a-memcmp.o)
                              ./Core/Src/esp32_at.o (memcmp)
C:/ST/STM32CubeIDE_1.15.1/STM32CubeIDE/plugins/com.st.stm32cube.ide.mcu.externaltools.gnu-tools-for-stm32.12.3.rel1.win32_1.0.100.202403111256/tools/bin/../lib/gcc/arm-none-eabi/12.3.1/../../../../arm-none-eabi/lib/thumb/v7e-m+fp/hard\libc_nano.a(libc_a-memset.o)
[...]
Memory Configuration

Name             Origin             Length             Attributes
CCMRAM           0x10000000         0x00010000         xrw
RAM              0x20000000         0x00020000         xrw
FLASH            0x08000000         0x00100000         xr
*default*        0x00000000         0xffffffff

Linker script and memory map

LOAD C:/ST/STM32CubeIDE_1.15.1/STM32CubeIDE/plugins/com.st.stm32cube.ide.mcu.externaltools.gnu-tools-for-stm32.12.3.rel1.win32_1.0.100.202403111256/tools/bin/../lib/gcc/arm-none-eabi/12.3.1/thumb/v7e-m+fp/hard/crti.o
LOAD C:/ST/STM32CubeIDE_1.15.1/STM32CubeIDE/plugins/com.st.stm32cube.ide.mcu.externaltools.gnu-tools-for-stm32.12.3.rel1.win32_1.0.100.202403111256/tools/bin/../lib/gcc/arm-none-eabi/12.3.1/thumb/v7e-m+fp/hard/crtbegin.o
LOAD C:/ST/STM32CubeIDE_1.15.1/STM32CubeIDE/plugins/com.st.stm32cube.ide.mcu.externaltools.gnu-tools-for-stm32.12.3.rel1.win32_1.0.100.202403111256/tools/bin/../lib/gcc/arm-none-eabi/12.3.1/../../../../arm-none-eabi/lib/thumb/v7e-m+fp/hard/crt0.o
LOAD ./Core/Src/backup.o
LOAD ./Core/Src/device.o
LOAD ./Core/Src/esp32_at.o
LOAD ./Core/Src/led.o
LOAD ./Core/Src/main.o
LOAD ./Core/Src/main_proc.o
LOAD ./Core/Src/operate.o
LOAD ./Core/Src/real_time.o
LOAD ./Core/Src/sd_card.o
LOAD ./Core/Src/server_api.o
LOAD ./Core/Src/stm32f4xx_hal_msp.o
LOAD ./Core/Src/stm32f4xx_it.o
LOAD ./Core/Src/syscalls.o
LOAD ./Core/Src/sysmem.o
LOAD ./Core/Src/system_stm32f4xx.o
LOAD ./Core/Src/web_page.o
LOAD ./Core/Startup/startup_stm32f407vgtx.o
LOAD ./Drivers/STM32F4xx_HAL_Driver/Src/stm32f4xx_hal.o
LOAD ./Drivers/STM32F4xx_HAL_Driver/Src/stm32f4xx_hal_cortex.o
LOAD ./Drivers/STM32F4xx_HAL_Driver/Src/stm32f4xx_hal_dma.o
LOAD ./Drivers/STM32F4xx_HAL_Driver/Src/stm32f4xx_hal_dma_ex.o
LOAD ./Drivers/STM32F4xx_HAL_Driver/Src/stm32f4xx_hal_exti.o
LOAD ./Drivers/STM32F4xx_HAL_Driver/Src/stm32f4xx_hal_flash.o
LOAD ./Drivers/STM32F4xx_HAL_Driver/Src/stm32f4xx_hal_flash_ex.o
LOAD ./Drivers/STM32F4xx_HAL_Driver/Src/stm32f4xx_hal_flash_ramfunc.o
LOAD ./Drivers/STM32F4xx_HAL_Driver/Src/stm32f4xx_hal_gpio.o
LOAD ./Drivers/STM32F4xx_HAL_Driver/Src/stm32f4xx_hal_pwr.o
LOAD ./Drivers/STM32F4xx_HAL_Driver/Src/stm32f4xx_hal_pwr_ex.o
LOAD ./Drivers/STM32F4xx_HAL_Driver/Src/stm32f4xx_hal_rcc.o
LOAD ./Drivers/STM32F4xx_HAL_Driver/Src/stm32f4xx_hal_rcc_ex.o
LOAD ./Drivers/STM32F4xx_HAL_Driver/Src/stm32f4xx_hal_rtc.o
LOAD ./Drivers/STM32F4xx_HAL_Driver/Src/stm32f4xx_hal_rtc_ex.o
LOAD ./Drivers/STM32F4xx_HAL_Driver/Src/stm32f4xx_hal_sd.o
LOAD ./Drivers/STM32F4xx_HAL_Driver/Src/stm32f4xx_hal_spi.o
LOAD ./Drivers/STM32F4xx_HAL_Driver/Src/stm32f4xx_hal_tim.o
LOAD ./Drivers/STM32F4xx_HAL_Driver/Src/stm32f4xx_hal_tim_ex.o
LOAD ./Drivers/STM32F4xx_HAL_Driver/Src/stm32f4xx_hal_uart.o
LOAD ./Drivers/STM32F4xx_HAL_Driver/Src/stm32f4xx_ll_sdmmc.o
LOAD ./FATFS/App/fatfs.o
LOAD ./FATFS/Target/bsp_driver_sd.o
LOAD ./FATFS/Target/sd_diskio.o
LOAD ./Middlewares/Third_Party/FatFs/src/diskio.o
LOAD ./Middlewares/Third_Party/FatFs/src/ff.o
LOAD ./Middlewares/Third_Party/FatFs/src/ff_gen_drv.o
LOAD ./Middlewares/Third_Party/FatFs/src/option/syscall.o
START GROUP
LOAD C:/ST/STM32CubeIDE_1.15.1/STM32CubeIDE/plugins/com.st.stm32cube.ide.mcu.externaltools.gnu-tools-for-stm32.12.3.rel1.win32_1.0.100.202403111256/tools/bin/../lib/gcc/arm-none-eabi/12.3.1/../../../../arm-none-eabi/lib/thumb/v7e-m+fp/hard\libc_nano.a
LOAD C:/ST/STM32CubeIDE_1.15.1/STM32CubeIDE/plugins/com.st.stm32cube.ide.mcu.externaltools.gnu-tools-for-stm32.12.3.rel1.win32_1.0.100.202403111256/tools/bin/../lib/gcc/arm-none-eabi/12.3.1/../../../../arm-none-eabi/lib/thumb/v7e-m+fp/hard\libm.a
END GROUP
START GROUP
LOAD C:/ST/STM32CubeIDE_1.15.1/STM32CubeIDE/plugins/com.st.stm32cube.ide.mcu.externaltools.gnu-tools-for-stm32.12.3.rel1.win32_1.0.100.202403111256/tools/bin/../lib/gcc/arm-none-eabi/12.3.1/thumb/v7e-m+fp/hard\libgcc.a
LOAD C:/ST/STM32CubeIDE_1.15.1/STM32CubeIDE/plugins/com.st.stm32cube.ide.mcu.externaltools.gnu-tools-for-stm32.12.3.rel1.win32_1.0.100.202403111256/tools/bin/../lib/gcc/arm-none-eabi/12.3.1/../../../../arm-none-eabi/lib/thumb/v7e-m+fp/hard\libc_nano.a
END GROUP
START GROUP
LOAD C:/ST/STM32CubeIDE_1.15.1/STM32CubeIDE/plugins/com.st.stm32cube.ide.mcu.externaltools.gnu-tools-for-stm32.12.3.rel1.win32_1.0.100.202403111256/tools/bin/../lib/gcc/arm-none-eabi/12.3.1/thumb/v7e-m+fp/hard\libgcc.a
LOAD C:/ST/STM32CubeIDE_1.15.1/STM32CubeIDE/plugins/com.st.stm32cube.ide.mcu.externaltools.gnu-tools-for-stm32.12.3.rel1.win32_1.0.100.202403111256/tools/bin/../lib/gcc/arm-none-eabi/12.3.1/../../../../arm-none-eabi/lib/thumb/v7e-m+fp/hard\libc_nano.a
LOAD C:/ST/STM32CubeIDE_1.15.1/STM32CubeIDE/plugins/com.st.stm32cube.ide.mcu.externaltools.gnu-tools-for-stm32.12.3.rel1.win32_1.0.100.202403111256/tools/bin/../lib/gcc/arm-none-eabi/12.3.1/../../../../arm-none-eabi/lib/thumb/v7e-m+fp/hard\libnosys.a
END GROUP
START GROUP
LOAD C:/ST/STM32CubeIDE_1.15.1/STM32CubeIDE/plugins/com.st.stm32cube.ide.mcu.externaltools.gnu-tools-for-stm32.12.3.rel1.win32_1.0.100.202403111256/tools/bin/../lib/gcc/arm-none-eabi/12.3.1/thumb/v7e-m+fp/hard\libgcc.a
LOAD C:/ST/STM32CubeIDE_1.15.1/STM32CubeIDE/plugins/com.st.stm32cube.ide.mcu.externaltools.gnu-tools-for-stm32.12.3.rel1.win32_1.0.100.202403111256/tools/bin/../lib/gcc/arm-none-eabi/12.3.1/../../../../arm-none-eabi/lib/thumb/v7e-m+fp/hard\libc_nano.a
LOAD C:/ST/STM32CubeIDE_1.15.1/STM32CubeIDE/plugins/com.st.stm32cube.ide.mcu.externaltools.gnu-tools-for-stm32.12.3.rel1.win32_1.0.100.202403111256/tools/bin/../lib/gcc/arm-none-eabi/12.3.1/../../../../arm-none-eabi/lib/thumb/v7e-m+fp/hard\libnosys.a
END GROUP
LOAD C:/ST/STM32CubeIDE_1.15.1/STM32CubeIDE/plugins/com.st.stm32cube.ide.mcu.externaltools.gnu-tools-for-stm32.12.3.rel1.win32_1.0.100.202403111256/tools/bin/../lib/gcc/arm-none-eabi/12.3.1/thumb/v7e-m+fp/hard/crtend.o
LOAD C:/ST/STM32CubeIDE_1.15.1/STM32CubeIDE/plugins/com.st.stm32cube.ide.mcu.externaltools.gnu-tools-for-stm32.12.3.rel1.win32_1.0.100.202403111256/tools/bin/../lib/gcc/arm-none-eabi/12.3.1/thumb/v7e-m+fp/hard/crtn.o
                0x20020000                        _estack = (ORIGIN (RAM) + LENGTH (RAM))
                0x00000200                        _Min_Heap_Size = 0x200
                0x00000400                        _Min_Stack_Size = 0x400

.isr_vector     0x08000000      0x188
                0x08000000                        . = ALIGN (0x4)
 *(.isr_vector)
 .isr_vector    0x08000000      0x188 ./Core/Startup/startup_stm32f407vgtx.o
                0x08000000                g_pfnVectors
                0x08000188                        . = ALIGN (0x4)

.text           0x08000190     0xd118
                0x08000190                        . = ALIGN (0x4)
 *(.text)
 .text          0x08000190       0x40 C:/ST/STM32CubeIDE_1.15.1/STM32CubeIDE/plugins/com.st.stm32cube.ide.mcu.externaltools.gnu-tools-for-stm32.12.3.rel1.win32_1.0.100.202403111256/tools/bin/../lib/gcc/arm-none-eabi/12.3.1/thumb/v7e-m+fp/hard/crtbegin.o
 .text          0x080001d0       0x14 C:/ST/STM32CubeIDE_1.15.1/STM32CubeIDE/plugins/com.st.stm32cube.ide.mcu.externaltools.gnu-tools-for-stm32.12.3.rel1.win32_1.0.100.202403111256/tools/bin/../lib/gcc/arm-none-eabi/12.3.1/../../../../arm-none-eabi/lib/thumb/v7e-m+fp/hard\libc_nano.a(libc_a-strcmp.o)
                0x080001d0                strcmp
 .text          0x080001e4       0x10 C:/ST/STM32CubeIDE_1.15.1/STM32CubeIDE/plugins/com.st.stm32cube.ide.mcu.externaltools.gnu-tools-for-stm32.12.3.rel1.win32_1.0.100.202403111256/tools/bin/../lib/gcc/arm-none-eabi/12.3.1/../../../../arm-none-eabi/lib/thumb/v7e-m+fp/hard\libc_nano.a(libc_a-strlen.o)
                0x080001e4                strlen
 *fill*         0x080001f4        0xc 
 .text          0x08000200       0xa0 C:/ST/STM32CubeIDE_1.15.1/STM32CubeIDE/plugins/com.st.stm32cube.ide.mcu.externaltools.gnu-tools-for-stm32.12.3.rel1.win32_1.0.100.202403111256/tools/bin/../lib/gcc/arm-none-eabi/12.3.1/../../../../arm-none-eabi/lib/thumb/v7e-m+fp/hard\libc_nano.a(libc_a-memchr.o)
                0x08000200                memchr
 .text          0x080002a0       0x30 C:/ST/STM32CubeIDE_1.15.1/STM32CubeIDE/plugins/com.st.stm32cube.ide.mcu.externaltools.gnu-tools-for-stm32.12.3.rel1.win32_1.0.100.202403111256/tools/bin/../lib/gcc/arm-none-eabi/12.3.1/thumb/v7e-m+fp/hard\libgcc.a(_aeabi_uldivmod.o)
                0x080002a0                __aeabi_uldivmod
 .text          0x080002d0      0x2bc C:/ST/STM32CubeIDE_1.15.1/STM32CubeIDE/plugins/com.st.stm32cube.ide.mcu.externaltools.gnu-tools-for-stm32.12.3.rel1.win32_1.0.100.202403111256/tools/bin/../lib/gcc/arm-none-eabi/12.3.1/thumb/v7e-m+fp/hard\libgcc.a(_udivmoddi4.o)
                0x080002d0                __udivmoddi4
 .text          0x0800058c        0x4 C:/ST/STM32CubeIDE_1.15.1/STM32CubeIDE/plugins/com.st.stm32cube.ide.mcu.externaltools.gnu-tools-for-stm32.12.3.rel1.win32_1.0.100.202403111256/tools/bin/../lib/gcc/arm-none-eabi/12.3.1/thumb/v7e-m+fp/hard\libgcc.a(_dvmd_tls.o)
                0x0800058c                __aeabi_idiv0
                0x0800058c                __aeabi_ldiv0
 *(.text*)
 .text.FM25V10_Select_Command
                0x08000590       0x24 ./Core/Src/backup.o
                0x08000590                FM25V10_Select_Command
 .text.FM25V10_Set_Write_Enable
                0x080005b4       0x34 ./Core/Src/backup.o
 .text.FM25V10_Set_Write_Disable
                0x080005e8       0x34 ./Core/Src/backup.o
 .text.Memory_Write_Enable
                0x0800061c        0xc ./Core/Src/backup.o
                0x0800061c                Memory_Write_Enable
 .text.Memory_Write_Disable
                0x08000628        0xc ./Core/Src/backup.o
                0x08000628                Memory_Write_Disable
 .text.FM25V10_Write
                0x08000634       0xa4 ./Core/Src/backup.o
                0x08000634                FM25V10_Write
 .text.Memory_Write
                0x080006d8       0x26 ./Core/Src/backup.o
                0x080006d8                Memory_Write
 *fill*         0x080006fe        0x2 
 .text.FM25V10_Read
                0x08000700       0x9c ./Core/Src/backup.o
                0x08000700                FM25V10_Read
 .text.Memory_Read
                0x0800079c       0x26 ./Core/Src/backup.o
                0x0800079c                Memory_Read
 *fill*         0x080007c2        0x2 
 .text.Load_TimeStatus_FRAM
                0x080007c4       0x38 ./Core/Src/backup.o
                0x080007c4                Load_TimeStatus_FRAM
 .text.Save_TimeStatus_FRAM
                0x080007fc       0x28 ./Core/Src/backup.o
                0x080007fc                Save_TimeStatus_FRAM
 .text.Load_Wifi_Status_FRAM
                0x08000824       0x38 ./Core/Src/backup.o
                0x08000824                Load_Wifi_Status_FRAM
 .text.Save_Wifi_Status_FRAM
                0x0800085c       0x28 ./Core/Src/backup.o
                0x0800085c                Save_Wifi_Status_FRAM
 .text.Load_Token_Status_FRAM
                0x08000884       0x38 ./Core/Src/backup.o
                0x08000884                Load_Token_Status_FRAM
 .text.Save_Token_Status_FRAM
                0x080008bc       0x28 ./Core/Src/backup.o
                0x080008bc                Save_Token_Status_FRAM
 .text.Save_Token_FRAM
                0x080008e4       0x80 ./Core/Src/backup.o
                0x080008e4                Save_Token_FRAM
 .text.Load_Token_FRAM
                0x08000964       0x7c ./Core/Src/backup.o
                0x08000964                Load_Token_FRAM
 .text.Load_MAC_Status_FRAM
                0x080009e0       0x38 ./Core/Src/backup.o
                0x080009e0                Load_MAC_Status_FRAM
 .text.Save_MAC_Status_FRAM
                0x08000a18       0x28 ./Core/Src/backup.o
                0x08000a18                Save_MAC_Status_FRAM
 .text.Save_MAC_FRAM
                0x08000a40       0x58 ./Core/Src/backup.o
                0x08000a40                Save_MAC_FRAM
 .text.Load_MAC_FRAM
                0x08000a98       0x88 ./Core/Src/backup.o
                0x08000a98                Load_MAC_FRAM
 .text.FRAM_Init
                0x08000b20       0x18 ./Core/Src/backup.o
                0x08000b20                FRAM_Init
 .text.DEVICE_Get_Control
                0x08000b38       0x14 ./Core/Src/device.o
                0x08000b38                DEVICE_Get_Control
 .text.DEVICE_Init
                0x08000b4c       0x18 ./Core/Src/device.o
                0x08000b4c                DEVICE_Init
 .text.Device_Mode_Set
                0x08000b64       0x6c ./Core/Src/device.o
                0x08000b64                Device_Mode_Set
 .text.Device_Mode_Check
                0x08000bd0       0xe0 ./Core/Src/device.o
                0x08000bd0                Device_Mode_Check
 .text.AT_Get_UTC_Time
                0x08000cb0       0x14 ./Core/Src/esp32_at.o
                0x08000cb0                AT_Get_UTC_Time
 .text.UTC_Time_Init
                0x08000cc4       0x18 ./Core/Src/esp32_at.o
                0x08000cc4                UTC_Time_Init
 .text.ESP_AT_Boot
                0x08000cdc       0x84 ./Core/Src/esp32_at.o
                0x08000cdc                ESP_AT_Boot
 .text.ESP_AT_Send_WiFi_Config
                0x08000d60       0xf4 ./Core/Src/esp32_at.o
                0x08000d60                ESP_AT_Send_WiFi_Config
 .text.ESP_AT_Send_Command_Sync
                0x08000e54      0x1d4 ./Core/Src/esp32_at.o
                0x08000e54                ESP_AT_Send_Command_Sync
 .text.ESP_AT_Send_Command_Sync_Get_Result
                0x08001028      0x150 ./Core/Src/esp32_at.o
                0x08001028                ESP_AT_Send_Command_Sync_Get_Result
 .text.ESP_AT_Get_Firmware_Version
                0x08001178       0x88 ./Core/Src/esp32_at.o
                0x08001178                ESP_AT_Get_Firmware_Version
 .text.ESP_AT_Get_Token
                0x08001200      0x110 ./Core/Src/esp32_at.o
                0x08001200                ESP_AT_Get_Token
 .text.ESP_AT_Get_MAC_Address
                0x08001310      0x10c ./Core/Src/esp32_at.o
                0x08001310                ESP_AT_Get_MAC_Address
 .text.ESP_AT_Set_SNTP_Time
                0x0800141c      0x320 ./Core/Src/esp32_at.o
                0x0800141c                ESP_AT_Set_SNTP_Time
 .text.Handle_IPD_and_Respond
                0x0800173c      0x408 ./Core/Src/esp32_at.o
                0x0800173c                Handle_IPD_and_Respond
 .text.LED_Init
                0x08001b44      0x104 ./Core/Src/led.o
                0x08001b44                LED_Init
 .text.RX_LED_On
                0x08001c48       0x1c ./Core/Src/led.o
                0x08001c48                RX_LED_On
 .text.RX_LED_Off
                0x08001c64       0x1c ./Core/Src/led.o
                0x08001c64                RX_LED_Off
 .text.TX_LED_On
                0x08001c80       0x1c ./Core/Src/led.o
                0x08001c80                TX_LED_On
 .text.STATUS_LED_On
                0x08001c9c       0x1c ./Core/Src/led.o
                0x08001c9c                STATUS_LED_On
 .text.STATUS_LED_Off
                0x08001cb8       0x1c ./Core/Src/led.o
                0x08001cb8                STATUS_LED_Off
 .text.main     0x08001cd4       0xb4 ./Core/Src/main.o
                0x08001cd4                main
 .text.SystemClock_Config
                0x08001d88       0xd8 ./Core/Src/main.o
                0x08001d88                SystemClock_Config
 .text.MX_RTC_Init
                0x08001e60       0xe4 ./Core/Src/main.o
 .text.MX_SDIO_SD_Init
                0x08001f44       0x40 ./Core/Src/main.o
 .text.MX_SPI1_Init
                0x08001f84       0x6c ./Core/Src/main.o
 .text.MX_TIM7_Init
                0x08001ff0       0x6c ./Core/Src/main.o
 .text.MX_UART4_Init
                0x0800205c       0x54 ./Core/Src/main.o
 .text.MX_USART1_UART_Init
                0x080020b0       0x54 ./Core/Src/main.o
 .text.MX_USART2_UART_Init
                0x08002104       0x54 ./Core/Src/main.o
 .text.MX_USART3_UART_Init
                0x08002158       0x54 ./Core/Src/main.o
 .text.MX_GPIO_Init
                0x080021ac      0x158 ./Core/Src/main.o
 .text.HAL_TIM_PeriodElapsedCallback
                0x08002304       0x24 ./Core/Src/main.o
                0x08002304                HAL_TIM_PeriodElapsedCallback
 .text.HAL_UART_RxCpltCallback
                0x08002328       0xdc ./Core/Src/main.o
                0x08002328                HAL_UART_RxCpltCallback
 .text.HAL_UART_TxCpltCallback
                0x08002404       0x14 ./Core/Src/main.o
                0x08002404                HAL_UART_TxCpltCallback
 .text.Error_Handler
                0x08002418        0xc ./Core/Src/main.o
                0x08002418                Error_Handler
 .text.SD_Card_Check
                0x08002424       0x54 ./Core/Src/main_proc.o
                0x08002424                SD_Card_Check
 .text.Mode_Check
                0x08002478       0x4c ./Core/Src/main_proc.o
                0x08002478                Mode_Check
 .text.AP_Mode_Proc
                0x080024c4      0x110 ./Core/Src/main_proc.o
                0x080024c4                AP_Mode_Proc
 .text.Error_Proc
                0x080025d4       0x60 ./Core/Src/main_proc.o
                0x080025d4                Error_Proc
 .text.Master_Proc
                0x08002634       0x18 ./Core/Src/main_proc.o
                0x08002634                Master_Proc
 .text.DEBUG_Proc
                0x0800264c       0x8c ./Core/Src/main_proc.o
                0x0800264c                DEBUG_Proc
 .text.Timer_Interrupt_Proc
                0x080026d8      0x28c ./Core/Src/main_proc.o
                0x080026d8                Timer_Interrupt_Proc
 .text.Main_System
                0x08002964       0x4c ./Core/Src/main_proc.o
                0x08002964                Main_System
 .text.Oper_CCM_Init
                0x080029b0       0x14 ./Core/Src/operate.o
                0x080029b0                Oper_CCM_Init
 .text.Oper_Init
                0x080029c4       0x1c ./Core/Src/operate.o
                0x080029c4                Oper_Init
 .text.Oper_Boot
                0x080029e0      0x438 ./Core/Src/operate.o
                0x080029e0                Oper_Boot
 .text.Month_String_To_Number
                0x08002e18      0x11c ./Core/Src/real_time.o
                0x08002e18                Month_String_To_Number
 .text.RTC_Set_UTC
                0x08002f34       0xe8 ./Core/Src/real_time.o
                0x08002f34                RTC_Set_UTC
 .text.RTC_Get_Synced_Year_String
                0x0800301c       0x34 ./Core/Src/real_time.o
                0x0800301c                RTC_Get_Synced_Year_String
 .text.RTC_Get_Synced_Month_String
                0x08003050       0x34 ./Core/Src/real_time.o
                0x08003050                RTC_Get_Synced_Month_String
 .text.RTC_Get_Synced_Date_String
                0x08003084       0x34 ./Core/Src/real_time.o
                0x08003084                RTC_Get_Synced_Date_String
 .text.RTC_Get_Synced_Hour_String
                0x080030b8       0x34 ./Core/Src/real_time.o
                0x080030b8                RTC_Get_Synced_Hour_String
 .text.RTC_Get_Synced_Minute_String
                0x080030ec       0x34 ./Core/Src/real_time.o
                0x080030ec                RTC_Get_Synced_Minute_String
 .text.RTC_Get_Synced_Second_String
                0x08003120       0x34 ./Core/Src/real_time.o
                0x08003120                RTC_Get_Synced_Second_String
 .text.SD_Card_Boot
                0x08003154      0x164 ./Core/Src/sd_card.o
                0x08003154                SD_Card_Boot
 .text.SD_Card_Get_WiFi_SSID
                0x080032b8       0xf8 ./Core/Src/sd_card.o
                0x080032b8                SD_Card_Get_WiFi_SSID
 .text.SD_Card_Get_WiFi_Password
                0x080033b0      0x114 ./Core/Src/sd_card.o
                0x080033b0                SD_Card_Get_WiFi_Password
 .text.SD_Card_Log
                0x080034c4      0x100 ./Core/Src/sd_card.o
                0x080034c4                SD_Card_Log
 .text.SD_Card_Is_Exist
                0x080035c4       0x40 ./Core/Src/sd_card.o
                0x080035c4                SD_Card_Is_Exist
 .text.SERVER_API_Get_Data
                0x08003604       0x14 ./Core/Src/server_api.o
                0x08003604                SERVER_API_Get_Data
 .text.SERVER_API_Init
                0x08003618       0x18 ./Core/Src/server_api.o
                0x08003618                SERVER_API_Init
 .text.SERVER_API_Set_Token
                0x08003630       0x38 ./Core/Src/server_api.o
                0x08003630                SERVER_API_Set_Token
 .text.SERVER_API_Set_MAC_Address
                0x08003668       0x3c ./Core/Src/server_api.o
                0x08003668                SERVER_API_Set_MAC_Address
 .text.Server_Send_Boot
                0x080036a4      0x1fc ./Core/Src/server_api.o
                0x080036a4                Server_Send_Boot
 .text.HAL_MspInit
                0x080038a0       0x50 ./Core/Src/stm32f4xx_hal_msp.o
                0x080038a0                HAL_MspInit
 .text.HAL_RTC_MspInit
                0x080038f0       0x64 ./Core/Src/stm32f4xx_hal_msp.o
                0x080038f0                HAL_RTC_MspInit
 .text.HAL_SD_MspInit
                0x08003954       0xd0 ./Core/Src/stm32f4xx_hal_msp.o
                0x08003954                HAL_SD_MspInit
 .text.HAL_SPI_MspInit
                0x08003a24       0x90 ./Core/Src/stm32f4xx_hal_msp.o
                0x08003a24                HAL_SPI_MspInit
 .text.HAL_TIM_Base_MspInit
                0x08003ab4       0x50 ./Core/Src/stm32f4xx_hal_msp.o
                0x08003ab4                HAL_TIM_Base_MspInit
 .text.HAL_UART_MspInit
                0x08003b04      0x200 ./Core/Src/stm32f4xx_hal_msp.o
                0x08003b04                HAL_UART_MspInit
 .text.NMI_Handler
                0x08003d04        0x8 ./Core/Src/stm32f4xx_it.o
                0x08003d04                NMI_Handler
 .text.HardFault_Handler
                0x08003d0c        0x8 ./Core/Src/stm32f4xx_it.o
                0x08003d0c                HardFault_Handler
 .text.MemManage_Handler
                0x08003d14        0x8 ./Core/Src/stm32f4xx_it.o
                0x08003d14                MemManage_Handler
 .text.BusFault_Handler
                0x08003d1c        0x8 ./Core/Src/stm32f4xx_it.o
                0x08003d1c                BusFault_Handler
 .text.UsageFault_Handler
                0x08003d24        0x8 ./Core/Src/stm32f4xx_it.o
                0x08003d24                UsageFault_Handler
 .text.SVC_Handler
                0x08003d2c        0xe ./Core/Src/stm32f4xx_it.o
                0x08003d2c                SVC_Handler
 .text.DebugMon_Handler
                0x08003d3a        0xe ./Core/Src/stm32f4xx_it.o
                0x08003d3a                DebugMon_Handler
 .text.PendSV_Handler
                0x08003d48        0xe ./Core/Src/stm32f4xx_it.o
                0x08003d48                PendSV_Handler
 .text.SysTick_Handler
                0x08003d56        0xc ./Core/Src/stm32f4xx_it.o
                0x08003d56                SysTick_Handler
 *fill*         0x08003d62        0x2 
 .text.USART1_IRQHandler
                0x08003d64       0x14 ./Core/Src/stm32f4xx_it.o
                0x08003d64                USART1_IRQHandler
 .text.USART2_IRQHandler
                0x08003d78       0x14 ./Core/Src/stm32f4xx_it.o
                0x08003d78                USART2_IRQHandler
 .text.USART3_IRQHandler
                0x08003d8c       0x14 ./Core/Src/stm32f4xx_it.o
                0x08003d8c                USART3_IRQHandler
 .text.RTC_Alarm_IRQHandler
                0x08003da0       0x14 ./Core/Src/stm32f4xx_it.o
                0x08003da0                RTC_Alarm_IRQHandler
 .text.TIM7_IRQHandler
                0x08003db4       0x14 ./Core/Src/stm32f4xx_it.o
                0x08003db4                TIM7_IRQHandler
 .text._sbrk    0x08003dc8       0x6c ./Core/Src/sysmem.o
                0x08003dc8                _sbrk
 .text.SystemInit
                0x08003e34       0x24 ./Core/Src/system_stm32f4xx.o
                0x08003e34                SystemInit
 .text.Reset_Handler
                0x08003e58       0x50 ./Core/Startup/startup_stm32f407vgtx.o
                0x08003e58                Reset_Handler
 .text.Default_Handler
                0x08003ea8        0x2 ./Core/Startup/startup_stm32f407vgtx.o
                0x08003ea8                HASH_RNG_IRQHandler
                0x08003ea8                EXTI2_IRQHandler
                0x08003ea8                TIM8_CC_IRQHandler
                0x08003ea8                TIM1_CC_IRQHandler
                0x08003ea8                DMA2_Stream5_IRQHandler
                0x08003ea8                DMA1_Stream5_IRQHandler
                0x08003ea8                PVD_IRQHandler
                0x08003ea8                SDIO_IRQHandler
                0x08003ea8                TAMP_STAMP_IRQHandler
                0x08003ea8                CAN2_RX1_IRQHandler
                0x08003ea8                EXTI3_IRQHandler
                0x08003ea8                TIM8_TRG_COM_TIM14_IRQHandler
                0x08003ea8                TIM1_UP_TIM10_IRQHandler
                0x08003ea8                TIM8_UP_TIM13_IRQHandler
                0x08003ea8                I2C3_ER_IRQHandler
                0x08003ea8                EXTI0_IRQHandler
                0x08003ea8                I2C2_EV_IRQHandler
                0x08003ea8                DMA1_Stream2_IRQHandler
                0x08003ea8                CAN1_RX0_IRQHandler
                0x08003ea8                FPU_IRQHandler
                0x08003ea8                OTG_HS_WKUP_IRQHandler
                0x08003ea8                CAN2_SCE_IRQHandler
                0x08003ea8                DMA2_Stream2_IRQHandler
                0x08003ea8                SPI1_IRQHandler
                0x08003ea8                TIM6_DAC_IRQHandler
                0x08003ea8                TIM1_BRK_TIM9_IRQHandler
                0x08003ea8                DCMI_IRQHandler
                0x08003ea8                CAN2_RX0_IRQHandler
                0x08003ea8                DMA2_Stream3_IRQHandler
                0x08003ea8                USART6_IRQHandler
                0x08003ea8                CAN1_RX1_IRQHandler
                0x08003ea8                UART5_IRQHandler
                0x08003ea8                DMA2_Stream0_IRQHandler
                0x08003ea8                TIM4_IRQHandler
                0x08003ea8                I2C1_EV_IRQHandler
                0x08003ea8                DMA1_Stream6_IRQHandler
                0x08003ea8                DMA1_Stream1_IRQHandler
                0x08003ea8                UART4_IRQHandler
                0x08003ea8                TIM3_IRQHandler
                0x08003ea8                RCC_IRQHandler
                0x08003ea8                TIM8_BRK_TIM12_IRQHandler
                0x08003ea8                Default_Handler
                0x08003ea8                EXTI15_10_IRQHandler
                0x08003ea8                ADC_IRQHandler
                0x08003ea8                DMA1_Stream7_IRQHandler
                0x08003ea8                CAN2_TX_IRQHandler
                0x08003ea8                TIM5_IRQHandler
                0x08003ea8                DMA2_Stream7_IRQHandler
                0x08003ea8                I2C3_EV_IRQHandler
                0x08003ea8                EXTI9_5_IRQHandler
                0x08003ea8                RTC_WKUP_IRQHandler
                0x08003ea8                ETH_WKUP_IRQHandler
                0x08003ea8                SPI2_IRQHandler
                0x08003ea8                OTG_HS_EP1_IN_IRQHandler
                0x08003ea8                DMA1_Stream0_IRQHandler
                0x08003ea8                CAN1_TX_IRQHandler
                0x08003ea8                EXTI4_IRQHandler
                0x08003ea8                FSMC_IRQHandler
                0x08003ea8                ETH_IRQHandler
                0x08003ea8                OTG_HS_EP1_OUT_IRQHandler
                0x08003ea8                WWDG_IRQHandler
                0x08003ea8                TIM2_IRQHandler
                0x08003ea8                OTG_FS_WKUP_IRQHandler
                0x08003ea8                TIM1_TRG_COM_TIM11_IRQHandler
                0x08003ea8                OTG_HS_IRQHandler
                0x08003ea8                EXTI1_IRQHandler
                0x08003ea8                I2C2_ER_IRQHandler
                0x08003ea8                DMA2_Stream1_IRQHandler
                0x08003ea8                CAN1_SCE_IRQHandler
                0x08003ea8                FLASH_IRQHandler
                0x08003ea8                DMA2_Stream4_IRQHandler
                0x08003ea8                OTG_FS_IRQHandler
                0x08003ea8                SPI3_IRQHandler
                0x08003ea8                DMA1_Stream4_IRQHandler
                0x08003ea8                I2C1_ER_IRQHandler
                0x08003ea8                DMA2_Stream6_IRQHandler
                0x08003ea8                DMA1_Stream3_IRQHandler
 *fill*         0x08003eaa        0x2 
 .text.HAL_Init
                0x08003eac       0x44 ./Drivers/STM32F4xx_HAL_Driver/Src/stm32f4xx_hal.o
                0x08003eac                HAL_Init
 .text.HAL_InitTick
                0x08003ef0       0x60 ./Drivers/STM32F4xx_HAL_Driver/Src/stm32f4xx_hal.o
                0x08003ef0                HAL_InitTick
 .text.HAL_IncTick
                0x08003f50       0x28 ./Drivers/STM32F4xx_HAL_Driver/Src/stm32f4xx_hal.o
                0x08003f50                HAL_IncTick
 .text.HAL_GetTick
                0x08003f78       0x18 ./Drivers/STM32F4xx_HAL_Driver/Src/stm32f4xx_hal.o
                0x08003f78                HAL_GetTick
 .text.HAL_Delay
                0x08003f90       0x48 ./Drivers/STM32F4xx_HAL_Driver/Src/stm32f4xx_hal.o
                0x08003f90                HAL_Delay
 .text.__NVIC_SetPriorityGrouping
                0x08003fd8       0x48 ./Drivers/STM32F4xx_HAL_Driver/Src/stm32f4xx_hal_cortex.o
 .text.__NVIC_GetPriorityGrouping
                0x08004020       0x1c ./Drivers/STM32F4xx_HAL_Driver/Src/stm32f4xx_hal_cortex.o
 .text.__NVIC_EnableIRQ
                0x0800403c       0x3c ./Drivers/STM32F4xx_HAL_Driver/Src/stm32f4xx_hal_cortex.o
 .text.__NVIC_SetPriority
                0x08004078       0x54 ./Drivers/STM32F4xx_HAL_Driver/Src/stm32f4xx_hal_cortex.o
 .text.NVIC_EncodePriority
                0x080040cc       0x66 ./Drivers/STM32F4xx_HAL_Driver/Src/stm32f4xx_hal_cortex.o
 *fill*         0x08004132        0x2 
 .text.SysTick_Config
                0x08004134       0x44 ./Drivers/STM32F4xx_HAL_Driver/Src/stm32f4xx_hal_cortex.o
 .text.HAL_NVIC_SetPriorityGrouping
                0x08004178       0x16 ./Drivers/STM32F4xx_HAL_Driver/Src/stm32f4xx_hal_cortex.o
                0x08004178                HAL_NVIC_SetPriorityGrouping
 .text.HAL_NVIC_SetPriority
                0x0800418e       0x38 ./Drivers/STM32F4xx_HAL_Driver/Src/stm32f4xx_hal_cortex.o
                0x0800418e                HAL_NVIC_SetPriority
 .text.HAL_NVIC_EnableIRQ
                0x080041c6       0x1c ./Drivers/STM32F4xx_HAL_Driver/Src/stm32f4xx_hal_cortex.o
                0x080041c6                HAL_NVIC_EnableIRQ
 .text.HAL_SYSTICK_Config
                0x080041e2       0x18 ./Drivers/STM32F4xx_HAL_Driver/Src/stm32f4xx_hal_cortex.o
                0x080041e2                HAL_SYSTICK_Config
 .text.HAL_DMA_Abort
                0x080041fa       0xe0 ./Drivers/STM32F4xx_HAL_Driver/Src/stm32f4xx_hal_dma.o
                0x080041fa                HAL_DMA_Abort
 .text.HAL_DMA_Abort_IT
                0x080042da       0x44 ./Drivers/STM32F4xx_HAL_Driver/Src/stm32f4xx_hal_dma.o
                0x080042da                HAL_DMA_Abort_IT
 *fill*         0x0800431e        0x2 
 .text.HAL_GPIO_Init
                0x08004320      0x338 ./Drivers/STM32F4xx_HAL_Driver/Src/stm32f4xx_hal_gpio.o
                0x08004320                HAL_GPIO_Init
 .text.HAL_GPIO_WritePin
                0x08004658       0x32 ./Drivers/STM32F4xx_HAL_Driver/Src/stm32f4xx_hal_gpio.o
                0x08004658                HAL_GPIO_WritePin
 *fill*         0x0800468a        0x2 
 .text.HAL_RCC_OscConfig
                0x0800468c      0x4f0 ./Drivers/STM32F4xx_HAL_Driver/Src/stm32f4xx_hal_rcc.o
                0x0800468c                HAL_RCC_OscConfig
 .text.HAL_RCC_ClockConfig
                0x08004b7c      0x1cc ./Drivers/STM32F4xx_HAL_Driver/Src/stm32f4xx_hal_rcc.o
                0x08004b7c                HAL_RCC_ClockConfig
 .text.HAL_RCC_GetSysClockFreq
                0x08004d48      0x20c ./Drivers/STM32F4xx_HAL_Driver/Src/stm32f4xx_hal_rcc.o
                0x08004d48                HAL_RCC_GetSysClockFreq
 .text.HAL_RCC_GetHCLKFreq
                0x08004f54       0x18 ./Drivers/STM32F4xx_HAL_Driver/Src/stm32f4xx_hal_rcc.o
                0x08004f54                HAL_RCC_GetHCLKFreq
 .text.HAL_RCC_GetPCLK1Freq
                0x08004f6c       0x28 ./Drivers/STM32F4xx_HAL_Driver/Src/stm32f4xx_hal_rcc.o
                0x08004f6c                HAL_RCC_GetPCLK1Freq
 .text.HAL_RCC_GetPCLK2Freq
                0x08004f94       0x28 ./Drivers/STM32F4xx_HAL_Driver/Src/stm32f4xx_hal_rcc.o
                0x08004f94                HAL_RCC_GetPCLK2Freq
 .text.HAL_RCCEx_PeriphCLKConfig
                0x08004fbc      0x1c4 ./Drivers/STM32F4xx_HAL_Driver/Src/stm32f4xx_hal_rcc_ex.o
                0x08004fbc                HAL_RCCEx_PeriphCLKConfig
 .text.HAL_RTC_Init
                0x08005180      0x102 ./Drivers/STM32F4xx_HAL_Driver/Src/stm32f4xx_hal_rtc.o
                0x08005180                HAL_RTC_Init
 .text.HAL_RTC_SetTime
                0x08005282      0x134 ./Drivers/STM32F4xx_HAL_Driver/Src/stm32f4xx_hal_rtc.o
                0x08005282                HAL_RTC_SetTime
 .text.HAL_RTC_GetTime
                0x080053b6       0xbc ./Drivers/STM32F4xx_HAL_Driver/Src/stm32f4xx_hal_rtc.o
                0x080053b6                HAL_RTC_GetTime
 .text.HAL_RTC_SetDate
                0x08005472      0x108 ./Drivers/STM32F4xx_HAL_Driver/Src/stm32f4xx_hal_rtc.o
                0x08005472                HAL_RTC_SetDate
 .text.HAL_RTC_GetDate
                0x0800557a       0x9e ./Drivers/STM32F4xx_HAL_Driver/Src/stm32f4xx_hal_rtc.o
                0x0800557a                HAL_RTC_GetDate
 .text.HAL_RTC_AlarmIRQHandler
                0x08005618       0x8c ./Drivers/STM32F4xx_HAL_Driver/Src/stm32f4xx_hal_rtc.o
                0x08005618                HAL_RTC_AlarmIRQHandler
 .text.HAL_RTC_AlarmAEventCallback
                0x080056a4       0x14 ./Drivers/STM32F4xx_HAL_Driver/Src/stm32f4xx_hal_rtc.o
                0x080056a4                HAL_RTC_AlarmAEventCallback
 .text.HAL_RTC_WaitForSynchro
                0x080056b8       0x4c ./Drivers/STM32F4xx_HAL_Driver/Src/stm32f4xx_hal_rtc.o
                0x080056b8                HAL_RTC_WaitForSynchro
 .text.RTC_EnterInitMode
                0x08005704       0x6e ./Drivers/STM32F4xx_HAL_Driver/Src/stm32f4xx_hal_rtc.o
                0x08005704                RTC_EnterInitMode
 .text.RTC_ExitInitMode
                0x08005772       0x4a ./Drivers/STM32F4xx_HAL_Driver/Src/stm32f4xx_hal_rtc.o
                0x08005772                RTC_ExitInitMode
 .text.RTC_ByteToBcd2
                0x080057bc       0x3c ./Drivers/STM32F4xx_HAL_Driver/Src/stm32f4xx_hal_rtc.o
                0x080057bc                RTC_ByteToBcd2
 .text.RTC_Bcd2ToByte
                0x080057f8       0x3c ./Drivers/STM32F4xx_HAL_Driver/Src/stm32f4xx_hal_rtc.o
                0x080057f8                RTC_Bcd2ToByte
 .text.HAL_RTCEx_BKUPWrite
                0x08005834       0x34 ./Drivers/STM32F4xx_HAL_Driver/Src/stm32f4xx_hal_rtc_ex.o
                0x08005834                HAL_RTCEx_BKUPWrite
 .text.HAL_RTCEx_BKUPRead
                0x08005868       0x30 ./Drivers/STM32F4xx_HAL_Driver/Src/stm32f4xx_hal_rtc_ex.o
                0x08005868                HAL_RTCEx_BKUPRead
 .text.HAL_RTCEx_AlarmBEventCallback
                0x08005898       0x14 ./Drivers/STM32F4xx_HAL_Driver/Src/stm32f4xx_hal_rtc_ex.o
                0x08005898                HAL_RTCEx_AlarmBEventCallback
 .text.HAL_SD_Init
                0x080058ac       0x60 ./Drivers/STM32F4xx_HAL_Driver/Src/stm32f4xx_hal_sd.o
                0x080058ac                HAL_SD_Init
 .text.HAL_SD_InitCard
                0x0800590c       0xf0 ./Drivers/STM32F4xx_HAL_Driver/Src/stm32f4xx_hal_sd.o
                0x0800590c                HAL_SD_InitCard
 .text.HAL_SD_ReadBlocks
                0x080059fc      0x3cc ./Drivers/STM32F4xx_HAL_Driver/Src/stm32f4xx_hal_sd.o
                0x080059fc                HAL_SD_ReadBlocks
 .text.HAL_SD_WriteBlocks
                0x08005dc8      0x31c ./Drivers/STM32F4xx_HAL_Driver/Src/stm32f4xx_hal_sd.o
                0x08005dc8                HAL_SD_WriteBlocks
 .text.HAL_SD_GetCardCSD
                0x080060e4      0x348 ./Drivers/STM32F4xx_HAL_Driver/Src/stm32f4xx_hal_sd.o
                0x080060e4                HAL_SD_GetCardCSD
 .text.HAL_SD_GetCardInfo
                0x0800642c       0x58 ./Drivers/STM32F4xx_HAL_Driver/Src/stm32f4xx_hal_sd.o
                0x0800642c                HAL_SD_GetCardInfo
 .text.HAL_SD_GetCardState
                0x08006484       0x40 ./Drivers/STM32F4xx_HAL_Driver/Src/stm32f4xx_hal_sd.o
                0x08006484                HAL_SD_GetCardState
 .text.SD_InitCard
                0x080064c4      0x19c ./Drivers/STM32F4xx_HAL_Driver/Src/stm32f4xx_hal_sd.o
 .text.SD_PowerON
                0x08006660      0x11c ./Drivers/STM32F4xx_HAL_Driver/Src/stm32f4xx_hal_sd.o
 .text.SD_SendStatus
                0x0800677c       0x50 ./Drivers/STM32F4xx_HAL_Driver/Src/stm32f4xx_hal_sd.o
 .text.HAL_SPI_Init
                0x080067cc      0x112 ./Drivers/STM32F4xx_HAL_Driver/Src/stm32f4xx_hal_spi.o
                0x080067cc                HAL_SPI_Init
 .text.HAL_SPI_Transmit
                0x080068de      0x288 ./Drivers/STM32F4xx_HAL_Driver/Src/stm32f4xx_hal_spi.o
                0x080068de                HAL_SPI_Transmit
 .text.HAL_SPI_Receive
                0x08006b66      0x232 ./Drivers/STM32F4xx_HAL_Driver/Src/stm32f4xx_hal_spi.o
                0x08006b66                HAL_SPI_Receive
 .text.HAL_SPI_TransmitReceive
                0x08006d98      0x352 ./Drivers/STM32F4xx_HAL_Driver/Src/stm32f4xx_hal_spi.o
                0x08006d98                HAL_SPI_TransmitReceive
 *fill*         0x080070ea        0x2 
 .text.SPI_WaitFlagStateUntilTimeout
                0x080070ec      0x110 ./Drivers/STM32F4xx_HAL_Driver/Src/stm32f4xx_hal_spi.o
 .text.SPI_EndRxTransaction
                0x080071fc       0xca ./Drivers/STM32F4xx_HAL_Driver/Src/stm32f4xx_hal_spi.o
 *fill*         0x080072c6        0x2 
 .text.SPI_EndRxTxTransaction
                0x080072c8       0xa8 ./Drivers/STM32F4xx_HAL_Driver/Src/stm32f4xx_hal_spi.o
 .text.HAL_TIM_Base_Init
                0x08007370       0x9e ./Drivers/STM32F4xx_HAL_Driver/Src/stm32f4xx_hal_tim.o
                0x08007370                HAL_TIM_Base_Init
 *fill*         0x0800740e        0x2 
 .text.HAL_TIM_Base_Start_IT
                0x08007410       0xe0 ./Drivers/STM32F4xx_HAL_Driver/Src/stm32f4xx_hal_tim.o
                0x08007410                HAL_TIM_Base_Start_IT
 .text.HAL_TIM_IRQHandler
                0x080074f0      0x1e0 ./Drivers/STM32F4xx_HAL_Driver/Src/stm32f4xx_hal_tim.o
                0x080074f0                HAL_TIM_IRQHandler
 .text.HAL_TIM_OC_DelayElapsedCallback
                0x080076d0       0x14 ./Drivers/STM32F4xx_HAL_Driver/Src/stm32f4xx_hal_tim.o
                0x080076d0                HAL_TIM_OC_DelayElapsedCallback
 .text.HAL_TIM_IC_CaptureCallback
                0x080076e4       0x14 ./Drivers/STM32F4xx_HAL_Driver/Src/stm32f4xx_hal_tim.o
                0x080076e4                HAL_TIM_IC_CaptureCallback
 .text.HAL_TIM_PWM_PulseFinishedCallback
                0x080076f8       0x14 ./Drivers/STM32F4xx_HAL_Driver/Src/stm32f4xx_hal_tim.o
                0x080076f8                HAL_TIM_PWM_PulseFinishedCallback
 .text.HAL_TIM_TriggerCallback
                0x0800770c       0x14 ./Drivers/STM32F4xx_HAL_Driver/Src/stm32f4xx_hal_tim.o
                0x0800770c                HAL_TIM_TriggerCallback
 .text.TIM_Base_SetConfig
                0x08007720      0x14c ./Drivers/STM32F4xx_HAL_Driver/Src/stm32f4xx_hal_tim.o
                0x08007720                TIM_Base_SetConfig
 .text.HAL_TIMEx_MasterConfigSynchronization
                0x0800786c       0xf8 ./Drivers/STM32F4xx_HAL_Driver/Src/stm32f4xx_hal_tim_ex.o
                0x0800786c                HAL_TIMEx_MasterConfigSynchronization
 .text.HAL_TIMEx_CommutCallback
                0x08007964       0x14 ./Drivers/STM32F4xx_HAL_Driver/Src/stm32f4xx_hal_tim_ex.o
                0x08007964                HAL_TIMEx_CommutCallback
 .text.HAL_TIMEx_BreakCallback
                0x08007978       0x14 ./Drivers/STM32F4xx_HAL_Driver/Src/stm32f4xx_hal_tim_ex.o
                0x08007978                HAL_TIMEx_BreakCallback
 .text.HAL_UART_Init
                0x0800798c       0xa0 ./Drivers/STM32F4xx_HAL_Driver/Src/stm32f4xx_hal_uart.o
                0x0800798c                HAL_UART_Init
 .text.HAL_UART_Transmit
                0x08007a2c      0x116 ./Drivers/STM32F4xx_HAL_Driver/Src/stm32f4xx_hal_uart.o
                0x08007a2c                HAL_UART_Transmit
 .text.HAL_UART_Receive
                0x08007b42      0x12e ./Drivers/STM32F4xx_HAL_Driver/Src/stm32f4xx_hal_uart.o
                0x08007b42                HAL_UART_Receive
 .text.HAL_UART_Transmit_IT
                0x08007c70       0x6c ./Drivers/STM32F4xx_HAL_Driver/Src/stm32f4xx_hal_uart.o
                0x08007c70                HAL_UART_Transmit_IT
 .text.HAL_UART_Receive_IT
                0x08007cdc       0x4a ./Drivers/STM32F4xx_HAL_Driver/Src/stm32f4xx_hal_uart.o
                0x08007cdc                HAL_UART_Receive_IT
 *fill*         0x08007d26        0x2 
 .text.HAL_UART_IRQHandler
                0x08007d28      0x554 ./Drivers/STM32F4xx_HAL_Driver/Src/stm32f4xx_hal_uart.o
                0x08007d28                HAL_UART_IRQHandler
 .text.HAL_UART_ErrorCallback
                0x0800827c       0x14 ./Drivers/STM32F4xx_HAL_Driver/Src/stm32f4xx_hal_uart.o
                0x0800827c                HAL_UART_ErrorCallback
 .text.HAL_UARTEx_RxEventCallback
                0x08008290       0x18 ./Drivers/STM32F4xx_HAL_Driver/Src/stm32f4xx_hal_uart.o
                0x08008290                HAL_UARTEx_RxEventCallback
 .text.UART_WaitOnFlagUntilTimeout
                0x080082a8       0xb2 ./Drivers/STM32F4xx_HAL_Driver/Src/stm32f4xx_hal_uart.o
 .text.UART_Start_Receive_IT
                0x0800835a       0x74 ./Drivers/STM32F4xx_HAL_Driver/Src/stm32f4xx_hal_uart.o
                0x0800835a                UART_Start_Receive_IT
 .text.UART_EndRxTransfer
                0x080083ce       0xc6 ./Drivers/STM32F4xx_HAL_Driver/Src/stm32f4xx_hal_uart.o
 .text.UART_DMAAbortOnError
                0x08008494       0x22 ./Drivers/STM32F4xx_HAL_Driver/Src/stm32f4xx_hal_uart.o
 .text.UART_Transmit_IT
                0x080084b6       0xa0 ./Drivers/STM32F4xx_HAL_Driver/Src/stm32f4xx_hal_uart.o
 .text.UART_EndTransmit_IT
                0x08008556       0x30 ./Drivers/STM32F4xx_HAL_Driver/Src/stm32f4xx_hal_uart.o
 .text.UART_Receive_IT
                0x08008586      0x17c ./Drivers/STM32F4xx_HAL_Driver/Src/stm32f4xx_hal_uart.o
 *fill*         0x08008702        0x2 
 .text.UART_SetConfig
                0x08008704      0x4e8 ./Drivers/STM32F4xx_HAL_Driver/Src/stm32f4xx_hal_uart.o
 .text.SDIO_Init
                0x08008bec       0x56 ./Drivers/STM32F4xx_HAL_Driver/Src/stm32f4xx_ll_sdmmc.o
                0x08008bec                SDIO_Init
 .text.SDIO_ReadFIFO
                0x08008c42       0x1a ./Drivers/STM32F4xx_HAL_Driver/Src/stm32f4xx_ll_sdmmc.o
                0x08008c42                SDIO_ReadFIFO
 .text.SDIO_WriteFIFO
                0x08008c5c       0x22 ./Drivers/STM32F4xx_HAL_Driver/Src/stm32f4xx_ll_sdmmc.o
                0x08008c5c                SDIO_WriteFIFO
 .text.SDIO_PowerState_ON
                0x08008c7e       0x1c ./Drivers/STM32F4xx_HAL_Driver/Src/stm32f4xx_ll_sdmmc.o
                0x08008c7e                SDIO_PowerState_ON
 .text.SDIO_GetPowerState
                0x08008c9a       0x1c ./Drivers/STM32F4xx_HAL_Driver/Src/stm32f4xx_ll_sdmmc.o
                0x08008c9a                SDIO_GetPowerState
 .text.SDIO_SendCommand
                0x08008cb6       0x54 ./Drivers/STM32F4xx_HAL_Driver/Src/stm32f4xx_ll_sdmmc.o
                0x08008cb6                SDIO_SendCommand
 .text.SDIO_GetCommandResponse
                0x08008d0a       0x1a ./Drivers/STM32F4xx_HAL_Driver/Src/stm32f4xx_ll_sdmmc.o
                0x08008d0a                SDIO_GetCommandResponse
 .text.SDIO_GetResponse
                0x08008d24       0x26 ./Drivers/STM32F4xx_HAL_Driver/Src/stm32f4xx_ll_sdmmc.o
                0x08008d24                SDIO_GetResponse
 .text.SDIO_ConfigData
                0x08008d4a       0x58 ./Drivers/STM32F4xx_HAL_Driver/Src/stm32f4xx_ll_sdmmc.o
                0x08008d4a                SDIO_ConfigData
 .text.SDMMC_CmdBlockLength
                0x08008da2       0x44 ./Drivers/STM32F4xx_HAL_Driver/Src/stm32f4xx_ll_sdmmc.o
                0x08008da2                SDMMC_CmdBlockLength
 .text.SDMMC_CmdReadSingleBlock
                0x08008de6       0x44 ./Drivers/STM32F4xx_HAL_Driver/Src/stm32f4xx_ll_sdmmc.o
                0x08008de6                SDMMC_CmdReadSingleBlock
 .text.SDMMC_CmdReadMultiBlock
                0x08008e2a       0x44 ./Drivers/STM32F4xx_HAL_Driver/Src/stm32f4xx_ll_sdmmc.o
                0x08008e2a                SDMMC_CmdReadMultiBlock
 .text.SDMMC_CmdWriteSingleBlock
                0x08008e6e       0x44 ./Drivers/STM32F4xx_HAL_Driver/Src/stm32f4xx_ll_sdmmc.o
                0x08008e6e                SDMMC_CmdWriteSingleBlock
 .text.SDMMC_CmdWriteMultiBlock
                0x08008eb2       0x44 ./Drivers/STM32F4xx_HAL_Driver/Src/stm32f4xx_ll_sdmmc.o
                0x08008eb2                SDMMC_CmdWriteMultiBlock
 *fill*         0x08008ef6        0x2 
 .text.SDMMC_CmdStopTransfer
                0x08008ef8       0x44 ./Drivers/STM32F4xx_HAL_Driver/Src/stm32f4xx_ll_sdmmc.o
                0x08008ef8                SDMMC_CmdStopTransfer
 .text.SDMMC_CmdSelDesel
                0x08008f3c       0x46 ./Drivers/STM32F4xx_HAL_Driver/Src/stm32f4xx_ll_sdmmc.o
                0x08008f3c                SDMMC_CmdSelDesel
 .text.SDMMC_CmdGoIdleState
                0x08008f82       0x3c ./Drivers/STM32F4xx_HAL_Driver/Src/stm32f4xx_ll_sdmmc.o
                0x08008f82                SDMMC_CmdGoIdleState
 .text.SDMMC_CmdOperCond
                0x08008fbe       0x3e ./Drivers/STM32F4xx_HAL_Driver/Src/stm32f4xx_ll_sdmmc.o
                0x08008fbe                SDMMC_CmdOperCond
 .text.SDMMC_CmdAppCommand
                0x08008ffc       0x44 ./Drivers/STM32F4xx_HAL_Driver/Src/stm32f4xx_ll_sdmmc.o
                0x08008ffc                SDMMC_CmdAppCommand
 .text.SDMMC_CmdAppOperCommand
                0x08009040       0x46 ./Drivers/STM32F4xx_HAL_Driver/Src/stm32f4xx_ll_sdmmc.o
                0x08009040                SDMMC_CmdAppOperCommand
 .text.SDMMC_CmdSendCID
                0x08009086       0x3c ./Drivers/STM32F4xx_HAL_Driver/Src/stm32f4xx_ll_sdmmc.o
                0x08009086                SDMMC_CmdSendCID
 .text.SDMMC_CmdSendCSD
                0x080090c2       0x3e ./Drivers/STM32F4xx_HAL_Driver/Src/stm32f4xx_ll_sdmmc.o
                0x080090c2                SDMMC_CmdSendCSD
 .text.SDMMC_CmdSetRelAdd
                0x08009100       0x42 ./Drivers/STM32F4xx_HAL_Driver/Src/stm32f4xx_ll_sdmmc.o
                0x08009100                SDMMC_CmdSetRelAdd
 .text.SDMMC_CmdSendStatus
                0x08009142       0x44 ./Drivers/STM32F4xx_HAL_Driver/Src/stm32f4xx_ll_sdmmc.o
                0x08009142                SDMMC_CmdSendStatus
 *fill*         0x08009186        0x2 
 .text.SDMMC_GetCmdResp1
                0x08009188      0x1dc ./Drivers/STM32F4xx_HAL_Driver/Src/stm32f4xx_ll_sdmmc.o
                0x08009188                SDMMC_GetCmdResp1
 .text.SDMMC_GetCmdResp2
                0x08009364       0x90 ./Drivers/STM32F4xx_HAL_Driver/Src/stm32f4xx_ll_sdmmc.o
                0x08009364                SDMMC_GetCmdResp2
 .text.SDMMC_GetCmdResp3
                0x080093f4       0x7c ./Drivers/STM32F4xx_HAL_Driver/Src/stm32f4xx_ll_sdmmc.o
                0x080093f4                SDMMC_GetCmdResp3
 .text.SDMMC_GetCmdResp6
                0x08009470       0xec ./Drivers/STM32F4xx_HAL_Driver/Src/stm32f4xx_ll_sdmmc.o
                0x08009470                SDMMC_GetCmdResp6
 .text.SDMMC_GetCmdResp7
                0x0800955c       0x9c ./Drivers/STM32F4xx_HAL_Driver/Src/stm32f4xx_ll_sdmmc.o
                0x0800955c                SDMMC_GetCmdResp7
 .text.SDMMC_GetCmdError
                0x080095f8       0x58 ./Drivers/STM32F4xx_HAL_Driver/Src/stm32f4xx_ll_sdmmc.o
 .text.MX_FATFS_Init
                0x08009650       0x24 ./FATFS/App/fatfs.o
                0x08009650                MX_FATFS_Init
 .text.get_fattime
                0x08009674       0x10 ./FATFS/App/fatfs.o
                0x08009674                get_fattime
 .text.BSP_SD_Init
                0x08009684       0x30 ./FATFS/Target/bsp_driver_sd.o
                0x08009684                BSP_SD_Init
 .text.BSP_SD_ReadBlocks
                0x080096b4       0x3c ./FATFS/Target/bsp_driver_sd.o
                0x080096b4                BSP_SD_ReadBlocks
 .text.BSP_SD_WriteBlocks
                0x080096f0       0x3c ./FATFS/Target/bsp_driver_sd.o
                0x080096f0                BSP_SD_WriteBlocks
 .text.BSP_SD_GetCardState
                0x0800972c       0x20 ./FATFS/Target/bsp_driver_sd.o
                0x0800972c                BSP_SD_GetCardState
 .text.BSP_SD_GetCardInfo
                0x0800974c       0x1c ./FATFS/Target/bsp_driver_sd.o
                0x0800974c                BSP_SD_GetCardInfo
 .text.BSP_SD_IsDetected
                0x08009768       0x1a ./FATFS/Target/bsp_driver_sd.o
                0x08009768                BSP_SD_IsDetected
 *fill*         0x08009782        0x2 
 .text.SD_CheckStatus
                0x08009784       0x3c ./FATFS/Target/sd_diskio.o
 .text.SD_initialize
                0x080097c0       0x3c ./FATFS/Target/sd_diskio.o
                0x080097c0                SD_initialize
 .text.SD_status
                0x080097fc       0x1c ./FATFS/Target/sd_diskio.o
                0x080097fc                SD_status
 .text.SD_read  0x08009818       0x42 ./FATFS/Target/sd_diskio.o
                0x08009818                SD_read
 .text.SD_write
                0x0800985a       0x42 ./FATFS/Target/sd_diskio.o
                0x0800985a                SD_write
 .text.SD_ioctl
                0x0800989c       0xb0 ./FATFS/Target/sd_diskio.o
                0x0800989c                SD_ioctl
 .text.disk_status
                0x0800994c       0x34 ./Middlewares/Third_Party/FatFs/src/diskio.o
                0x0800994c                disk_status
 .text.disk_initialize
                0x08009980       0x50 ./Middlewares/Third_Party/FatFs/src/diskio.o
                0x08009980                disk_initialize
 .text.disk_read
                0x080099d0       0x40 ./Middlewares/Third_Party/FatFs/src/diskio.o
                0x080099d0                disk_read
 .text.disk_write
                0x08009a10       0x40 ./Middlewares/Third_Party/FatFs/src/diskio.o
                0x08009a10                disk_write
 .text.disk_ioctl
                0x08009a50       0x3c ./Middlewares/Third_Party/FatFs/src/diskio.o
                0x08009a50                disk_ioctl
 .text.ld_word  0x08009a8c       0x30 ./Middlewares/Third_Party/FatFs/src/ff.o
 .text.ld_dword
                0x08009abc       0x46 ./Middlewares/Third_Party/FatFs/src/ff.o
 .text.st_word  0x08009b02       0x36 ./Middlewares/Third_Party/FatFs/src/ff.o
 .text.st_dword
                0x08009b38       0x58 ./Middlewares/Third_Party/FatFs/src/ff.o
 .text.mem_cpy  0x08009b90       0x42 ./Middlewares/Third_Party/FatFs/src/ff.o
 .text.mem_set  0x08009bd2       0x36 ./Middlewares/Third_Party/FatFs/src/ff.o
 .text.mem_cmp  0x08009c08       0x4e ./Middlewares/Third_Party/FatFs/src/ff.o
 .text.chk_chr  0x08009c56       0x36 ./Middlewares/Third_Party/FatFs/src/ff.o
 .text.chk_lock
                0x08009c8c       0xb8 ./Middlewares/Third_Party/FatFs/src/ff.o
 .text.enq_lock
                0x08009d44       0x44 ./Middlewares/Third_Party/FatFs/src/ff.o
 .text.inc_lock
                0x08009d88      0x11c ./Middlewares/Third_Party/FatFs/src/ff.o
 .text.dec_lock
                0x08009ea4       0x78 ./Middlewares/Third_Party/FatFs/src/ff.o
 .text.clear_lock
                0x08009f1c       0x48 ./Middlewares/Third_Party/FatFs/src/ff.o
 .text.sync_window
                0x08009f64       0x88 ./Middlewares/Third_Party/FatFs/src/ff.o
 .text.move_window
                0x08009fec       0x5a ./Middlewares/Third_Party/FatFs/src/ff.o
 *fill*         0x0800a046        0x2 
 .text.sync_fs  0x0800a048       0xdc ./Middlewares/Third_Party/FatFs/src/ff.o
 .text.clust2sect
                0x0800a124       0x3e ./Middlewares/Third_Party/FatFs/src/ff.o
 .text.get_fat  0x0800a162      0x14e ./Middlewares/Third_Party/FatFs/src/ff.o
 .text.put_fat  0x0800a2b0      0x1d4 ./Middlewares/Third_Party/FatFs/src/ff.o
 .text.remove_chain
                0x0800a484       0xca ./Middlewares/Third_Party/FatFs/src/ff.o
 .text.create_chain
                0x0800a54e      0x130 ./Middlewares/Third_Party/FatFs/src/ff.o
 .text.clmt_clust
                0x0800a67e       0x68 ./Middlewares/Third_Party/FatFs/src/ff.o
 .text.dir_sdi  0x0800a6e6       0xf6 ./Middlewares/Third_Party/FatFs/src/ff.o
 .text.dir_next
                0x0800a7dc      0x18a ./Middlewares/Third_Party/FatFs/src/ff.o
 .text.dir_alloc
                0x0800a966       0x8e ./Middlewares/Third_Party/FatFs/src/ff.o
 .text.ld_clust
                0x0800a9f4       0x3e ./Middlewares/Third_Party/FatFs/src/ff.o
 .text.st_clust
                0x0800aa32       0x40 ./Middlewares/Third_Party/FatFs/src/ff.o
 .text.dir_find
                0x0800aa72       0xaa ./Middlewares/Third_Party/FatFs/src/ff.o
 .text.dir_register
                0x0800ab1c       0x64 ./Middlewares/Third_Party/FatFs/src/ff.o
 .text.create_name
                0x0800ab80      0x128 ./Middlewares/Third_Party/FatFs/src/ff.o
 .text.follow_path
                0x0800aca8       0xe2 ./Middlewares/Third_Party/FatFs/src/ff.o
 .text.get_ldnumber
                0x0800ad8a       0x88 ./Middlewares/Third_Party/FatFs/src/ff.o
 *fill*         0x0800ae12        0x2 
 .text.check_fs
                0x0800ae14       0xac ./Middlewares/Third_Party/FatFs/src/ff.o
 .text.find_volume
                0x0800aec0      0x498 ./Middlewares/Third_Party/FatFs/src/ff.o
 .text.validate
                0x0800b358       0x6a ./Middlewares/Third_Party/FatFs/src/ff.o
 *fill*         0x0800b3c2        0x2 
 .text.f_mount  0x0800b3c4       0x8c ./Middlewares/Third_Party/FatFs/src/ff.o
                0x0800b3c4                f_mount
 .text.f_open   0x0800b450      0x374 ./Middlewares/Third_Party/FatFs/src/ff.o
                0x0800b450                f_open
 .text.f_read   0x0800b7c4      0x27e ./Middlewares/Third_Party/FatFs/src/ff.o
                0x0800b7c4                f_read
 .text.f_write  0x0800ba42      0x2ea ./Middlewares/Third_Party/FatFs/src/ff.o
                0x0800ba42                f_write
 .text.f_sync   0x0800bd2c       0xfc ./Middlewares/Third_Party/FatFs/src/ff.o
                0x0800bd2c                f_sync
 .text.f_close  0x0800be28       0x54 ./Middlewares/Third_Party/FatFs/src/ff.o
                0x0800be28                f_close
 .text.FATFS_LinkDriverEx
                0x0800be7c       0x98 ./Middlewares/Third_Party/FatFs/src/ff_gen_drv.o
                0x0800be7c                FATFS_LinkDriverEx
 .text.FATFS_LinkDriver
                0x0800bf14       0x1e ./Middlewares/Third_Party/FatFs/src/ff_gen_drv.o
                0x0800bf14                FATFS_LinkDriver
 .text.atoi     0x0800bf32        0x8 C:/ST/STM32CubeIDE_1.15.1/STM32CubeIDE/plugins/com.st.stm32cube.ide.mcu.externaltools.gnu-tools-for-stm32.12.3.rel1.win32_1.0.100.202403111256/tools/bin/../lib/gcc/arm-none-eabi/12.3.1/../../../../arm-none-eabi/lib/thumb/v7e-m+fp/hard\libc_nano.a(libc_a-atoi.o)
                0x0800bf32                atoi
 *fill*         0x0800bf3a        0x2 
 .text._strtol_l.constprop.0
                0x0800bf3c       0xf4 C:/ST/STM32CubeIDE_1.15.1/STM32CubeIDE/plugins/com.st.stm32cube.ide.mcu.externaltools.gnu-tools-for-stm32.12.3.rel1.win32_1.0.100.202403111256/tools/bin/../lib/gcc/arm-none-eabi/12.3.1/../../../../arm-none-eabi/lib/thumb/v7e-m+fp/hard\libc_nano.a(libc_a-strtol.o)
 .text._strtol_r
                0x0800c030        0x4 C:/ST/STM32CubeIDE_1.15.1/STM32CubeIDE/plugins/com.st.stm32cube.ide.mcu.externaltools.gnu-tools-for-stm32.12.3.rel1.win32_1.0.100.202403111256/tools/bin/../lib/gcc/arm-none-eabi/12.3.1/../../../../arm-none-eabi/lib/thumb/v7e-m+fp/hard\libc_nano.a(libc_a-strtol.o)
                0x0800c030                _strtol_r
 .text.strtol   0x0800c034       0x14 C:/ST/STM32CubeIDE_1.15.1/STM32CubeIDE/plugins/com.st.stm32cube.ide.mcu.externaltools.gnu-tools-for-stm32.12.3.rel1.win32_1.0.100.202403111256/tools/bin/../lib/gcc/arm-none-eabi/12.3.1/../../../../arm-none-eabi/lib/thumb/v7e-m+fp/hard\libc_nano.a(libc_a-strtol.o)
                0x0800c034                strtol
 .text.snprintf
                0x0800c048       0x68 C:/ST/STM32CubeIDE_1.15.1/STM32CubeIDE/plugins/com.st.stm32cube.ide.mcu.externaltools.gnu-tools-for-stm32.12.3.rel1.win32_1.0.100.202403111256/tools/bin/../lib/gcc/arm-none-eabi/12.3.1/../../../../arm-none-eabi/lib/thumb/v7e-m+fp/hard\libc_nano.a(libc_a-snprintf.o)
                0x0800c048                sniprintf
                0x0800c048                snprintf
 .text.sscanf   0x0800c0b0       0x54 C:/ST/STM32CubeIDE_1.15.1/STM32CubeIDE/plugins/com.st.stm32cube.ide.mcu.externaltools.gnu-tools-for-stm32.12.3.rel1.win32_1.0.100.202403111256/tools/bin/../lib/gcc/arm-none-eabi/12.3.1/../../../../arm-none-eabi/lib/thumb/v7e-m+fp/hard\libc_nano.a(libc_a-sscanf.o)
                0x0800c0b0                siscanf
                0x0800c0b0                sscanf
 .text.__seofread
                0x0800c104        0x4 C:/ST/STM32CubeIDE_1.15.1/STM32CubeIDE/plugins/com.st.stm32cube.ide.mcu.externaltools.gnu-tools-for-stm32.12.3.rel1.win32_1.0.100.202403111256/tools/bin/../lib/gcc/arm-none-eabi/12.3.1/../../../../arm-none-eabi/lib/thumb/v7e-m+fp/hard\libc_nano.a(libc_a-stdio.o)
                0x0800c104                __seofread
 .text.memcmp   0x0800c108       0x20 C:/ST/STM32CubeIDE_1.15.1/STM32CubeIDE/plugins/com.st.stm32cube.ide.mcu.externaltools.gnu-tools-for-stm32.12.3.rel1.win32_1.0.100.202403111256/tools/bin/../lib/gcc/arm-none-eabi/12.3.1/../../../../arm-none-eabi/lib/thumb/v7e-m+fp/hard\libc_nano.a(libc_a-memcmp.o)
                0x0800c108                memcmp
 .text.memset   0x0800c128       0x10 C:/ST/STM32CubeIDE_1.15.1/STM32CubeIDE/plugins/com.st.stm32cube.ide.mcu.externaltools.gnu-tools-for-stm32.12.3.rel1.win32_1.0.100.202403111256/tools/bin/../lib/gcc/arm-none-eabi/12.3.1/../../../../arm-none-eabi/lib/thumb/v7e-m+fp/hard\libc_nano.a(libc_a-memset.o)
                0x0800c128                memset
 .text.strchr   0x0800c138       0x1a C:/ST/STM32CubeIDE_1.15.1/STM32CubeIDE/plugins/com.st.stm32cube.ide.mcu.externaltools.gnu-tools-for-stm32.12.3.rel1.win32_1.0.100.202403111256/tools/bin/../lib/gcc/arm-none-eabi/12.3.1/../../../../arm-none-eabi/lib/thumb/v7e-m+fp/hard\libc_nano.a(libc_a-strchr.o)
                0x0800c138                strchr
 .text.strncpy  0x0800c152       0x26 C:/ST/STM32CubeIDE_1.15.1/STM32CubeIDE/plugins/com.st.stm32cube.ide.mcu.externaltools.gnu-tools-for-stm32.12.3.rel1.win32_1.0.100.202403111256/tools/bin/../lib/gcc/arm-none-eabi/12.3.1/../../../../arm-none-eabi/lib/thumb/v7e-m+fp/hard\libc_nano.a(libc_a-strncpy.o)
                0x0800c152                strncpy
 .text.strstr   0x0800c178       0x2c C:/ST/STM32CubeIDE_1.15.1/STM32CubeIDE/plugins/com.st.stm32cube.ide.mcu.externaltools.gnu-tools-for-stm32.12.3.rel1.win32_1.0.100.202403111256/tools/bin/../lib/gcc/arm-none-eabi/12.3.1/../../../../arm-none-eabi/lib/thumb/v7e-m+fp/hard\libc_nano.a(libc_a-strstr.o)
                0x0800c178                strstr
 .text.__errno  0x0800c1a4        0xc C:/ST/STM32CubeIDE_1.15.1/STM32CubeIDE/plugins/com.st.stm32cube.ide.mcu.externaltools.gnu-tools-for-stm32.12.3.rel1.win32_1.0.100.202403111256/tools/bin/../lib/gcc/arm-none-eabi/12.3.1/../../../../arm-none-eabi/lib/thumb/v7e-m+fp/hard\libc_nano.a(libc_a-errno.o)
                0x0800c1a4                __errno
 .text.__libc_init_array
                0x0800c1b0       0x48 C:/ST/STM32CubeIDE_1.15.1/STM32CubeIDE/plugins/com.st.stm32cube.ide.mcu.externaltools.gnu-tools-for-stm32.12.3.rel1.win32_1.0.100.202403111256/tools/bin/../lib/gcc/arm-none-eabi/12.3.1/../../../../arm-none-eabi/lib/thumb/v7e-m+fp/hard\libc_nano.a(libc_a-init.o)
                0x0800c1b0                __libc_init_array
 .text.__retarget_lock_acquire_recursive
                0x0800c1f8        0x2 C:/ST/STM32CubeIDE_1.15.1/STM32CubeIDE/plugins/com.st.stm32cube.ide.mcu.externaltools.gnu-tools-for-stm32.12.3.rel1.win32_1.0.100.202403111256/tools/bin/../lib/gcc/arm-none-eabi/12.3.1/../../../../arm-none-eabi/lib/thumb/v7e-m+fp/hard\libc_nano.a(libc_a-lock.o)
                0x0800c1f8                __retarget_lock_acquire_recursive
 .text.__retarget_lock_release_recursive
                0x0800c1fa        0x2 C:/ST/STM32CubeIDE_1.15.1/STM32CubeIDE/plugins/com.st.stm32cube.ide.mcu.externaltools.gnu-tools-for-stm32.12.3.rel1.win32_1.0.100.202403111256/tools/bin/../lib/gcc/arm-none-eabi/12.3.1/../../../../arm-none-eabi/lib/thumb/v7e-m+fp/hard\libc_nano.a(libc_a-lock.o)
                0x0800c1fa                __retarget_lock_release_recursive
 .text.memcpy   0x0800c1fc       0x1c C:/ST/STM32CubeIDE_1.15.1/STM32CubeIDE/plugins/com.st.stm32cube.ide.mcu.externaltools.gnu-tools-for-stm32.12.3.rel1.win32_1.0.100.202403111256/tools/bin/../lib/gcc/arm-none-eabi/12.3.1/../../../../arm-none-eabi/lib/thumb/v7e-m+fp/hard\libc_nano.a(libc_a-memcpy-stub.o)
                0x0800c1fc                memcpy
 .text._free_r  0x0800c218       0x94 C:/ST/STM32CubeIDE_1.15.1/STM32CubeIDE/plugins/com.st.stm32cube.ide.mcu.externaltools.gnu-tools-for-stm32.12.3.rel1.win32_1.0.100.202403111256/tools/bin/../lib/gcc/arm-none-eabi/12.3.1/../../../../arm-none-eabi/lib/thumb/v7e-m+fp/hard\libc_nano.a(libc_a-freer.o)
                0x0800c218                _free_r
 .text.sbrk_aligned
                0x0800c2ac       0x44 C:/ST/STM32CubeIDE_1.15.1/STM32CubeIDE/plugins/com.st.stm32cube.ide.mcu.externaltools.gnu-tools-for-stm32.12.3.rel1.win32_1.0.100.202403111256/tools/bin/../lib/gcc/arm-none-eabi/12.3.1/../../../../arm-none-eabi/lib/thumb/v7e-m+fp/hard\libc_nano.a(libc_a-mallocr.o)
 .text._malloc_r
                0x0800c2f0      0x100 C:/ST/STM32CubeIDE_1.15.1/STM32CubeIDE/plugins/com.st.stm32cube.ide.mcu.externaltools.gnu-tools-for-stm32.12.3.rel1.win32_1.0.100.202403111256/tools/bin/../lib/gcc/arm-none-eabi/12.3.1/../../../../arm-none-eabi/lib/thumb/v7e-m+fp/hard\libc_nano.a(libc_a-mallocr.o)
                0x0800c2f0                _malloc_r
 .text.__malloc_lock
                0x0800c3f0        0xc C:/ST/STM32CubeIDE_1.15.1/STM32CubeIDE/plugins/com.st.stm32cube.ide.mcu.externaltools.gnu-tools-for-stm32.12.3.rel1.win32_1.0.100.202403111256/tools/bin/../lib/gcc/arm-none-eabi/12.3.1/../../../../arm-none-eabi/lib/thumb/v7e-m+fp/hard\libc_nano.a(libc_a-mlock.o)
                0x0800c3f0                __malloc_lock
 .text.__malloc_unlock
                0x0800c3fc        0xc C:/ST/STM32CubeIDE_1.15.1/STM32CubeIDE/plugins/com.st.stm32cube.ide.mcu.externaltools.gnu-tools-for-stm32.12.3.rel1.win32_1.0.100.202403111256/tools/bin/../lib/gcc/arm-none-eabi/12.3.1/../../../../arm-none-eabi/lib/thumb/v7e-m+fp/hard\libc_nano.a(libc_a-mlock.o)
                0x0800c3fc                __malloc_unlock
 .text.__ssputs_r
                0x0800c408       0xb6 C:/ST/STM32CubeIDE_1.15.1/STM32CubeIDE/plugins/com.st.stm32cube.ide.mcu.externaltools.gnu-tools-for-stm32.12.3.rel1.win32_1.0.100.202403111256/tools/bin/../lib/gcc/arm-none-eabi/12.3.1/../../../../arm-none-eabi/lib/thumb/v7e-m+fp/hard\libc_nano.a(libc_a-nano-svfprintf.o)
                0x0800c408                __ssputs_r
 *fill*         0x0800c4be        0x2 
 .text._svfprintf_r
                0x0800c4c0      0x1f8 C:/ST/STM32CubeIDE_1.15.1/STM32CubeIDE/plugins/com.st.stm32cube.ide.mcu.externaltools.gnu-tools-for-stm32.12.3.rel1.win32_1.0.100.202403111256/tools/bin/../lib/gcc/arm-none-eabi/12.3.1/../../../../arm-none-eabi/lib/thumb/v7e-m+fp/hard\libc_nano.a(libc_a-nano-svfprintf.o)
                0x0800c4c0                _svfiprintf_r
                0x0800c4c0                _svfprintf_r
 .text._sungetc_r
                0x0800c6b8       0x76 C:/ST/STM32CubeIDE_1.15.1/STM32CubeIDE/plugins/com.st.stm32cube.ide.mcu.externaltools.gnu-tools-for-stm32.12.3.rel1.win32_1.0.100.202403111256/tools/bin/../lib/gcc/arm-none-eabi/12.3.1/../../../../arm-none-eabi/lib/thumb/v7e-m+fp/hard\libc_nano.a(libc_a-nano-svfscanf.o)
                0x0800c6b8                _sungetc_r
 .text.__ssrefill_r
                0x0800c72e       0x3a C:/ST/STM32CubeIDE_1.15.1/STM32CubeIDE/plugins/com.st.stm32cube.ide.mcu.externaltools.gnu-tools-for-stm32.12.3.rel1.win32_1.0.100.202403111256/tools/bin/../lib/gcc/arm-none-eabi/12.3.1/../../../../arm-none-eabi/lib/thumb/v7e-m+fp/hard\libc_nano.a(libc_a-nano-svfscanf.o)
                0x0800c72e                __ssrefill_r
 .text.__ssvfscanf_r
                0x0800c768      0x2e8 C:/ST/STM32CubeIDE_1.15.1/STM32CubeIDE/plugins/com.st.stm32cube.ide.mcu.externaltools.gnu-tools-for-stm32.12.3.rel1.win32_1.0.100.202403111256/tools/bin/../lib/gcc/arm-none-eabi/12.3.1/../../../../arm-none-eabi/lib/thumb/v7e-m+fp/hard\libc_nano.a(libc_a-nano-svfscanf.o)
                0x0800c768                __ssvfiscanf_r
                0x0800c768                __ssvfscanf_r
 .text._printf_common
                0x0800ca50       0xda C:/ST/STM32CubeIDE_1.15.1/STM32CubeIDE/plugins/com.st.stm32cube.ide.mcu.externaltools.gnu-tools-for-stm32.12.3.rel1.win32_1.0.100.202403111256/tools/bin/../lib/gcc/arm-none-eabi/12.3.1/../../../../arm-none-eabi/lib/thumb/v7e-m+fp/hard\libc_nano.a(libc_a-nano-vfprintf_i.o)
                0x0800ca50                _printf_common
 *fill*         0x0800cb2a        0x2 
 .text._printf_i
                0x0800cb2c      0x240 C:/ST/STM32CubeIDE_1.15.1/STM32CubeIDE/plugins/com.st.stm32cube.ide.mcu.externaltools.gnu-tools-for-stm32.12.3.rel1.win32_1.0.100.202403111256/tools/bin/../lib/gcc/arm-none-eabi/12.3.1/../../../../arm-none-eabi/lib/thumb/v7e-m+fp/hard\libc_nano.a(libc_a-nano-vfprintf_i.o)
                0x0800cb2c                _printf_i
 .text._scanf_chars
                0x0800cd6c       0xb4 C:/ST/STM32CubeIDE_1.15.1/STM32CubeIDE/plugins/com.st.stm32cube.ide.mcu.externaltools.gnu-tools-for-stm32.12.3.rel1.win32_1.0.100.202403111256/tools/bin/../lib/gcc/arm-none-eabi/12.3.1/../../../../arm-none-eabi/lib/thumb/v7e-m+fp/hard\libc_nano.a(libc_a-nano-vfscanf_i.o)
                0x0800cd6c                _scanf_chars
 .text._scanf_i
                0x0800ce20      0x1e8 C:/ST/STM32CubeIDE_1.15.1/STM32CubeIDE/plugins/com.st.stm32cube.ide.mcu.externaltools.gnu-tools-for-stm32.12.3.rel1.win32_1.0.100.202403111256/tools/bin/../lib/gcc/arm-none-eabi/12.3.1/../../../../arm-none-eabi/lib/thumb/v7e-m+fp/hard\libc_nano.a(libc_a-nano-vfscanf_i.o)
                0x0800ce20                _scanf_i
 .text.__sccl   0x0800d008       0x72 C:/ST/STM32CubeIDE_1.15.1/STM32CubeIDE/plugins/com.st.stm32cube.ide.mcu.externaltools.gnu-tools-for-stm32.12.3.rel1.win32_1.0.100.202403111256/tools/bin/../lib/gcc/arm-none-eabi/12.3.1/../../../../arm-none-eabi/lib/thumb/v7e-m+fp/hard\libc_nano.a(libc_a-sccl.o)
                0x0800d008                __sccl
 .text.__submore
                0x0800d07a       0x74 C:/ST/STM32CubeIDE_1.15.1/STM32CubeIDE/plugins/com.st.stm32cube.ide.mcu.externaltools.gnu-tools-for-stm32.12.3.rel1.win32_1.0.100.202403111256/tools/bin/../lib/gcc/arm-none-eabi/12.3.1/../../../../arm-none-eabi/lib/thumb/v7e-m+fp/hard\libc_nano.a(libc_a-ungetc.o)
                0x0800d07a                __submore
 .text.memmove  0x0800d0ee       0x34 C:/ST/STM32CubeIDE_1.15.1/STM32CubeIDE/plugins/com.st.stm32cube.ide.mcu.externaltools.gnu-tools-for-stm32.12.3.rel1.win32_1.0.100.202403111256/tools/bin/../lib/gcc/arm-none-eabi/12.3.1/../../../../arm-none-eabi/lib/thumb/v7e-m+fp/hard\libc_nano.a(libc_a-memmove.o)
                0x0800d0ee                memmove
 *fill*         0x0800d122        0x2 
 .text._sbrk_r  0x0800d124       0x20 C:/ST/STM32CubeIDE_1.15.1/STM32CubeIDE/plugins/com.st.stm32cube.ide.mcu.externaltools.gnu-tools-for-stm32.12.3.rel1.win32_1.0.100.202403111256/tools/bin/../lib/gcc/arm-none-eabi/12.3.1/../../../../arm-none-eabi/lib/thumb/v7e-m+fp/hard\libc_nano.a(libc_a-sbrkr.o)
                0x0800d124                _sbrk_r
 .text._realloc_r
                0x0800d144       0x5c C:/ST/STM32CubeIDE_1.15.1/STM32CubeIDE/plugins/com.st.stm32cube.ide.mcu.externaltools.gnu-tools-for-stm32.12.3.rel1.win32_1.0.100.202403111256/tools/bin/../lib/gcc/arm-none-eabi/12.3.1/../../../../arm-none-eabi/lib/thumb/v7e-m+fp/hard\libc_nano.a(libc_a-reallocr.o)
                0x0800d144                _realloc_r
 .text._strtoul_l.constprop.0
                0x0800d1a0       0xdc C:/ST/STM32CubeIDE_1.15.1/STM32CubeIDE/plugins/com.st.stm32cube.ide.mcu.externaltools.gnu-tools-for-stm32.12.3.rel1.win32_1.0.100.202403111256/tools/bin/../lib/gcc/arm-none-eabi/12.3.1/../../../../arm-none-eabi/lib/thumb/v7e-m+fp/hard\libc_nano.a(libc_a-strtoul.o)
 .text._strtoul_r
                0x0800d27c        0x4 C:/ST/STM32CubeIDE_1.15.1/STM32CubeIDE/plugins/com.st.stm32cube.ide.mcu.externaltools.gnu-tools-for-stm32.12.3.rel1.win32_1.0.100.202403111256/tools/bin/../lib/gcc/arm-none-eabi/12.3.1/../../../../arm-none-eabi/lib/thumb/v7e-m+fp/hard\libc_nano.a(libc_a-strtoul.o)
                0x0800d27c                _strtoul_r
 .text._malloc_usable_size_r
                0x0800d280       0x10 C:/ST/STM32CubeIDE_1.15.1/STM32CubeIDE/plugins/com.st.stm32cube.ide.mcu.externaltools.gnu-tools-for-stm32.12.3.rel1.win32_1.0.100.202403111256/tools/bin/../lib/gcc/arm-none-eabi/12.3.1/../../../../arm-none-eabi/lib/thumb/v7e-m+fp/hard\libc_nano.a(libc_a-msizer.o)
                0x0800d280                _malloc_usable_size_r
 *(.glue_7)
 .glue_7        0x0800d290        0x0 linker stubs
 *(.glue_7t)
 .glue_7t       0x0800d290        0x0 linker stubs
 *(.eh_frame)
 .eh_frame      0x0800d290        0x0 C:/ST/STM32CubeIDE_1.15.1/STM32CubeIDE/plugins/com.st.stm32cube.ide.mcu.externaltools.gnu-tools-for-stm32.12.3.rel1.win32_1.0.100.202403111256/tools/bin/../lib/gcc/arm-none-eabi/12.3.1/thumb/v7e-m+fp/hard/crtbegin.o
 *(.init)
 .init          0x0800d290        0x4 C:/ST/STM32CubeIDE_1.15.1/STM32CubeIDE/plugins/com.st.stm32cube.ide.mcu.externaltools.gnu-tools-for-stm32.12.3.rel1.win32_1.0.100.202403111256/tools/bin/../lib/gcc/arm-none-eabi/12.3.1/thumb/v7e-m+fp/hard/crti.o
                0x0800d290                _init
 .init          0x0800d294        0x8 C:/ST/STM32CubeIDE_1.15.1/STM32CubeIDE/plugins/com.st.stm32cube.ide.mcu.externaltools.gnu-tools-for-stm32.12.3.rel1.win32_1.0.100.202403111256/tools/bin/../lib/gcc/arm-none-eabi/12.3.1/thumb/v7e-m+fp/hard/crtn.o
 *(.fini)
 .fini          0x0800d29c        0x4 C:/ST/STM32CubeIDE_1.15.1/STM32CubeIDE/plugins/com.st.stm32cube.ide.mcu.externaltools.gnu-tools-for-stm32.12.3.rel1.win32_1.0.100.202403111256/tools/bin/../lib/gcc/arm-none-eabi/12.3.1/thumb/v7e-m+fp/hard/crti.o
                0x0800d29c                _fini
 .fini          0x0800d2a0        0x8 C:/ST/STM32CubeIDE_1.15.1/STM32CubeIDE/plugins/com.st.stm32cube.ide.mcu.externaltools.gnu-tools-for-stm32.12.3.rel1.win32_1.0.100.202403111256/tools/bin/../lib/gcc/arm-none-eabi/12.3.1/thumb/v7e-m+fp/hard/crtn.o
                0x0800d2a8                        . = ALIGN (0x4)
                0x0800d2a8                        _etext = .

.vfp11_veneer   0x0800d2a8        0x0
 .vfp11_veneer  0x0800d2a8        0x0 linker stubs

.v4_bx          0x0800d2a8        0x0
 .v4_bx         0x0800d2a8        0x0 linker stubs

.iplt           0x0800d2a8        0x0
 .iplt          0x0800d2a8        0x0 C:/ST/STM32CubeIDE_1.15.1/STM32CubeIDE/plugins/com.st.stm32cube.ide.mcu.externaltools.gnu-tools-for-stm32.12.3.rel1.win32_1.0.100.202403111256/tools/bin/../lib/gcc/arm-none-eabi/12.3.1/thumb/v7e-m+fp/hard/crtbegin.o

.rodata         0x0800d2a8     0x1438
                0x0800d2a8                        . = ALIGN (0x4)
 *(.rodata)
 .rodata        0x0800d2a8      0x520 ./Core/Src/esp32_at.o
 .rodata        0x0800d7c8      0x1bb ./Core/Src/main_proc.o
 *fill*         0x0800d983        0x1 
 .rodata        0x0800d984      0x3f8 ./Core/Src/operate.o
 .rodata        0x0800dd7c       0x7a ./Core/Src/real_time.o
 *fill*         0x0800ddf6        0x2 
 .rodata        0x0800ddf8       0xd4 ./Core/Src/sd_card.o
 .rodata        0x0800decc      0x1c0 ./Core/Src/server_api.o
 .rodata        0x0800e08c       0x44 ./Middlewares/Third_Party/FatFs/src/ff.o
 .rodata        0x0800e0d0        0xc C:/ST/STM32CubeIDE_1.15.1/STM32CubeIDE/plugins/com.st.stm32cube.ide.mcu.externaltools.gnu-tools-for-stm32.12.3.rel1.win32_1.0.100.202403111256/tools/bin/../lib/gcc/arm-none-eabi/12.3.1/../../../../arm-none-eabi/lib/thumb/v7e-m+fp/hard\libc_nano.a(libc_a-nano-vfscanf_i.o)
 *(.rodata*)
 .rodata.END_MARKER
                0x0800e0dc        0x7 ./Core/Src/esp32_at.o
 *fill*         0x0800e0e3        0x1 
 .rodata.ERR_MARKER
                0x0800e0e4        0xa ./Core/Src/esp32_at.o
 *fill*         0x0800e0ee        0x2 
 .rodata.AHBPrescTable
                0x0800e0f0       0x10 ./Core/Src/system_stm32f4xx.o
                0x0800e0f0                AHBPrescTable
 .rodata.APBPrescTable
                0x0800e100        0x8 ./Core/Src/system_stm32f4xx.o
                0x0800e100                APBPrescTable
 .rodata.htmlBody_2
                0x0800e108       0xf5 ./Core/Src/web_page.o
                0x0800e108                htmlBody_2
 *fill*         0x0800e1fd        0x3 
 .rodata.htmlBody_2Len
                0x0800e200        0x4 ./Core/Src/web_page.o
                0x0800e200                htmlBody_2Len
 .rodata.cssStyle
                0x0800e204      0x2f3 ./Core/Src/web_page.o
                0x0800e204                cssStyle
 *fill*         0x0800e4f7        0x1 
 .rodata.cssStyleLen
                0x0800e4f8        0x4 ./Core/Src/web_page.o
                0x0800e4f8                cssStyleLen
 .rodata.SD_Driver
                0x0800e4fc       0x14 ./FATFS/Target/sd_diskio.o
                0x0800e4fc                SD_Driver
 .rodata.ExCvt  0x0800e510       0x80 ./Middlewares/Third_Party/FatFs/src/ff.o
 .rodata._ctype_
                0x0800e590      0x101 C:/ST/STM32CubeIDE_1.15.1/STM32CubeIDE/plugins/com.st.stm32cube.ide.mcu.externaltools.gnu-tools-for-stm32.12.3.rel1.win32_1.0.100.202403111256/tools/bin/../lib/gcc/arm-none-eabi/12.3.1/../../../../arm-none-eabi/lib/thumb/v7e-m+fp/hard\libc_nano.a(libc_a-ctype_.o)
                0x0800e590                _ctype_
 .rodata._svfprintf_r.str1.1
                0x0800e691       0x11 C:/ST/STM32CubeIDE_1.15.1/STM32CubeIDE/plugins/com.st.stm32cube.ide.mcu.externaltools.gnu-tools-for-stm32.12.3.rel1.win32_1.0.100.202403111256/tools/bin/../lib/gcc/arm-none-eabi/12.3.1/../../../../arm-none-eabi/lib/thumb/v7e-m+fp/hard\libc_nano.a(libc_a-nano-svfprintf.o)
 .rodata.__ssvfscanf_r.str1.1
                0x0800e6a2        0x4 C:/ST/STM32CubeIDE_1.15.1/STM32CubeIDE/plugins/com.st.stm32cube.ide.mcu.externaltools.gnu-tools-for-stm32.12.3.rel1.win32_1.0.100.202403111256/tools/bin/../lib/gcc/arm-none-eabi/12.3.1/../../../../arm-none-eabi/lib/thumb/v7e-m+fp/hard\libc_nano.a(libc_a-nano-svfscanf.o)
 .rodata._printf_i.str1.1
                0x0800e6a2       0x22 C:/ST/STM32CubeIDE_1.15.1/STM32CubeIDE/plugins/com.st.stm32cube.ide.mcu.externaltools.gnu-tools-for-stm32.12.3.rel1.win32_1.0.100.202403111256/tools/bin/../lib/gcc/arm-none-eabi/12.3.1/../../../../arm-none-eabi/lib/thumb/v7e-m+fp/hard\libc_nano.a(libc_a-nano-vfprintf_i.o)
 .rodata._scanf_i.str1.1
                0x0800e6c4       0x12 C:/ST/STM32CubeIDE_1.15.1/STM32CubeIDE/plugins/com.st.stm32cube.ide.mcu.externaltools.gnu-tools-for-stm32.12.3.rel1.win32_1.0.100.202403111256/tools/bin/../lib/gcc/arm-none-eabi/12.3.1/../../../../arm-none-eabi/lib/thumb/v7e-m+fp/hard\libc_nano.a(libc_a-nano-vfscanf_i.o)
 .rodata.str1.1
                0x0800e6d6        0x9 C:/ST/STM32CubeIDE_1.15.1/STM32CubeIDE/plugins/com.st.stm32cube.ide.mcu.externaltools.gnu-tools-for-stm32.12.3.rel1.win32_1.0.100.202403111256/tools/bin/../lib/gcc/arm-none-eabi/12.3.1/../../../../arm-none-eabi/lib/thumb/v7e-m+fp/hard\libc_nano.a(libc_a-nano-vfscanf_i.o)
                0x0800e6e0                        . = ALIGN (0x4)
 *fill*         0x0800e6df        0x1 

.ARM.extab      0x0800e6e0        0x0
                0x0800e6e0                        . = ALIGN (0x4)
 *(.ARM.extab* .gnu.linkonce.armextab.*)
                0x0800e6e0                        . = ALIGN (0x4)

.ARM            0x0800e6e0        0x8
                0x0800e6e0                        . = ALIGN (0x4)
                0x0800e6e0                        __exidx_start = .
 *(.ARM.exidx*)
 .ARM.exidx     0x0800e6e0        0x8 C:/ST/STM32CubeIDE_1.15.1/STM32CubeIDE/plugins/com.st.stm32cube.ide.mcu.externaltools.gnu-tools-for-stm32.12.3.rel1.win32_1.0.100.202403111256/tools/bin/../lib/gcc/arm-none-eabi/12.3.1/../../../../arm-none-eabi/lib/thumb/v7e-m+fp/hard\libc_nano.a(libc_a-strcmp.o)
 .ARM.exidx     0x0800e6e8        0x0 C:/ST/STM32CubeIDE_1.15.1/STM32CubeIDE/plugins/com.st.stm32cube.ide.mcu.externaltools.gnu-tools-for-stm32.12.3.rel1.win32_1.0.100.202403111256/tools/bin/../lib/gcc/arm-none-eabi/12.3.1/../../../../arm-none-eabi/lib/thumb/v7e-m+fp/hard\libc_nano.a(libc_a-strlen.o)
                                  0x8 (size before relaxing)
 .ARM.exidx     0x0800e6e8        0x0 C:/ST/STM32CubeIDE_1.15.1/STM32CubeIDE/plugins/com.st.stm32cube.ide.mcu.externaltools.gnu-tools-for-stm32.12.3.rel1.win32_1.0.100.202403111256/tools/bin/../lib/gcc/arm-none-eabi/12.3.1/../../../../arm-none-eabi/lib/thumb/v7e-m+fp/hard\libc_nano.a(libc_a-memchr.o)
                                  0x8 (size before relaxing)
 .ARM.exidx     0x0800e6e8        0x0 C:/ST/STM32CubeIDE_1.15.1/STM32CubeIDE/plugins/com.st.stm32cube.ide.mcu.externaltools.gnu-tools-for-stm32.12.3.rel1.win32_1.0.100.202403111256/tools/bin/../lib/gcc/arm-none-eabi/12.3.1/thumb/v7e-m+fp/hard\libgcc.a(_udivmoddi4.o)
                                  0x8 (size before relaxing)
                0x0800e6e8                        __exidx_end = .
                0x0800e6e8                        . = ALIGN (0x4)

.preinit_array  0x0800e6e8        0x0
                0x0800e6e8                        . = ALIGN (0x4)
                0x0800e6e8                        PROVIDE (__preinit_array_start = .)
 *(.preinit_array*)
                0x0800e6e8                        PROVIDE (__preinit_array_end = .)
                0x0800e6e8                        . = ALIGN (0x4)

.init_array     0x0800e6e8        0x4
                0x0800e6e8                        . = ALIGN (0x4)
                0x0800e6e8                        PROVIDE (__init_array_start = .)
 *(SORT_BY_NAME(.init_array.*))
 *(.init_array*)
 .init_array    0x0800e6e8        0x4 C:/ST/STM32CubeIDE_1.15.1/STM32CubeIDE/plugins/com.st.stm32cube.ide.mcu.externaltools.gnu-tools-for-stm32.12.3.rel1.win32_1.0.100.202403111256/tools/bin/../lib/gcc/arm-none-eabi/12.3.1/thumb/v7e-m+fp/hard/crtbegin.o
                0x0800e6ec                        PROVIDE (__init_array_end = .)
                0x0800e6ec                        . = ALIGN (0x4)

.fini_array     0x0800e6ec        0x4
                0x0800e6ec                        . = ALIGN (0x4)
                [!provide]                        PROVIDE (__fini_array_start = .)
 *(SORT_BY_NAME(.fini_array.*))
 *(.fini_array*)
 .fini_array    0x0800e6ec        0x4 C:/ST/STM32CubeIDE_1.15.1/STM32CubeIDE/plugins/com.st.stm32cube.ide.mcu.externaltools.gnu-tools-for-stm32.12.3.rel1.win32_1.0.100.202403111256/tools/bin/../lib/gcc/arm-none-eabi/12.3.1/thumb/v7e-m+fp/hard/crtbegin.o
                [!provide]                        PROVIDE (__fini_array_end = .)
                0x0800e6f0                        . = ALIGN (0x4)
                0x0800e6f0                        _sidata = LOADADDR (.data)

.rel.dyn        0x0800e6f0        0x0
 .rel.iplt      0x0800e6f0        0x0 C:/ST/STM32CubeIDE_1.15.1/STM32CubeIDE/plugins/com.st.stm32cube.ide.mcu.externaltools.gnu-tools-for-stm32.12.3.rel1.win32_1.0.100.202403111256/tools/bin/../lib/gcc/arm-none-eabi/12.3.1/thumb/v7e-m+fp/hard/crtbegin.o

.data           0x20000000       0x60 load address 0x0800e6f0
                0x20000000                        . = ALIGN (0x4)
                0x20000000                        _sdata = .
 *(.data)
 *(.data*)
 .data.g_nBoot_Status
                0x20000000        0x1 ./Core/Src/main_proc.o
                0x20000000                g_nBoot_Status
 *fill*         0x20000001        0x3 
 .data.SystemCoreClock
                0x20000004        0x4 ./Core/Src/system_stm32f4xx.o
                0x20000004                SystemCoreClock
 .data.uwTickPrio
                0x20000008        0x4 ./Drivers/STM32F4xx_HAL_Driver/Src/stm32f4xx_hal.o
                0x20000008                uwTickPrio
 .data.uwTickFreq
                0x2000000c        0x1 ./Drivers/STM32F4xx_HAL_Driver/Src/stm32f4xx_hal.o
                0x2000000c                uwTickFreq
 .data.Stat     0x2000000d        0x1 ./FATFS/Target/sd_diskio.o
 *fill*         0x2000000e        0x2 
 .data._impure_ptr
                0x20000010        0x4 C:/ST/STM32CubeIDE_1.15.1/STM32CubeIDE/plugins/com.st.stm32cube.ide.mcu.externaltools.gnu-tools-for-stm32.12.3.rel1.win32_1.0.100.202403111256/tools/bin/../lib/gcc/arm-none-eabi/12.3.1/../../../../arm-none-eabi/lib/thumb/v7e-m+fp/hard\libc_nano.a(libc_a-impure.o)
                0x20000010                _impure_ptr
 .data._impure_data
                0x20000014       0x4c C:/ST/STM32CubeIDE_1.15.1/STM32CubeIDE/plugins/com.st.stm32cube.ide.mcu.externaltools.gnu-tools-for-stm32.12.3.rel1.win32_1.0.100.202403111256/tools/bin/../lib/gcc/arm-none-eabi/12.3.1/../../../../arm-none-eabi/lib/thumb/v7e-m+fp/hard\libc_nano.a(libc_a-impure.o)
                0x20000014                _impure_data
 *(.RamFunc)
 *(.RamFunc*)
                0x20000060                        . = ALIGN (0x4)
                0x20000060                        _edata = .
                0x0800e750                        _siccmram = LOADADDR (.ccmram)

.igot.plt       0x20000060        0x0 load address 0x0800e750
 .igot.plt      0x20000060        0x0 C:/ST/STM32CubeIDE_1.15.1/STM32CubeIDE/plugins/com.st.stm32cube.ide.mcu.externaltools.gnu-tools-for-stm32.12.3.rel1.win32_1.0.100.202403111256/tools/bin/../lib/gcc/arm-none-eabi/12.3.1/thumb/v7e-m+fp/hard/crtbegin.o

.ccmram         0x10000000      0x13c load address 0x0800e750
                0x10000000                        . = ALIGN (0x4)
                0x10000000                        _sccmram = .
 *(.ccmram)
 .ccmram        0x10000000        0xc ./Core/Src/device.o
                0x10000000                g_deviceControl
 .ccmram        0x1000000c       0x1c ./Core/Src/esp32_at.o
                0x1000000c                g_atUtcTime
 .ccmram        0x10000028      0x112 ./Core/Src/server_api.o
                0x10000028                g_serverApiData
 *(.ccmram*)
                0x1000013c                        . = ALIGN (0x4)
 *fill*         0x1000013a        0x2 
                0x1000013c                        _eccmram = .
                0x1000013c                        . = ALIGN (0x4)

.bss            0x20000060      0x998
                0x20000060                        _sbss = .
                0x20000060                        __bss_start__ = _sbss
 *(.bss)
 .bss           0x20000060       0x1c C:/ST/STM32CubeIDE_1.15.1/STM32CubeIDE/plugins/com.st.stm32cube.ide.mcu.externaltools.gnu-tools-for-stm32.12.3.rel1.win32_1.0.100.202403111256/tools/bin/../lib/gcc/arm-none-eabi/12.3.1/thumb/v7e-m+fp/hard/crtbegin.o
 *(.bss*)
 .bss.g_atRxByte
                0x2000007c        0x1 ./Core/Src/esp32_at.o
                0x2000007c                g_atRxByte
 *fill*         0x2000007d        0x3 
 .bss.atLineBuf
                0x20000080       0x40 ./Core/Src/esp32_at.o
                0x20000080                atLineBuf
 .bss.atIdx     0x200000c0        0x2 ./Core/Src/esp32_at.o
                0x200000c0                atIdx
 *fill*         0x200000c2        0x2 
 .bss.respBuf.9
                0x200000c4      0x400 ./Core/Src/esp32_at.o
 .bss.token.8   0x200004c4       0x80 ./Core/Src/esp32_at.o
 .bss.macAddress.7
                0x20000544       0x12 ./Core/Src/esp32_at.o
 *fill*         0x20000556        0x2 
 .bss.dayOfWeek.6
                0x20000558        0x4 ./Core/Src/esp32_at.o
 .bss.month.5   0x2000055c        0x4 ./Core/Src/esp32_at.o
 .bss.day.4     0x20000560        0x3 ./Core/Src/esp32_at.o
 *fill*         0x20000563        0x1 
 .bss.time.3    0x20000564        0x3 ./Core/Src/esp32_at.o
 *fill*         0x20000567        0x1 
 .bss.minute.2  0x20000568        0x3 ./Core/Src/esp32_at.o
 *fill*         0x2000056b        0x1 
 .bss.second.1  0x2000056c        0x3 ./Core/Src/esp32_at.o
 *fill*         0x2000056f        0x1 
 .bss.year.0    0x20000570        0x5 ./Core/Src/esp32_at.o
 *fill*         0x20000575        0x3 
 .bss.hrtc      0x20000578       0x20 ./Core/Src/main.o
                0x20000578                hrtc
 .bss.hsd       0x20000598       0x84 ./Core/Src/main.o
                0x20000598                hsd
 .bss.hspi1     0x2000061c       0x58 ./Core/Src/main.o
                0x2000061c                hspi1
 .bss.htim7     0x20000674       0x48 ./Core/Src/main.o
                0x20000674                htim7
 .bss.huart4    0x200006bc       0x48 ./Core/Src/main.o
                0x200006bc                huart4
 .bss.huart1    0x20000704       0x48 ./Core/Src/main.o
                0x20000704                huart1
 .bss.huart2    0x2000074c       0x48 ./Core/Src/main.o
                0x2000074c                huart2
 .bss.huart3    0x20000794       0x48 ./Core/Src/main.o
                0x20000794                huart3
 .bss.g_Time    0x200007dc       0x14 ./Core/Src/main.o
                0x200007dc                g_Time
 .bss.g_Date    0x200007f0        0x4 ./Core/Src/main.o
                0x200007f0                g_Date
 .bss.ms_tick_1
                0x200007f4        0x2 ./Core/Src/main_proc.o
                0x200007f4                ms_tick_1
 .bss.g_nLed_tick_1
                0x200007f6        0x2 ./Core/Src/main_proc.o
                0x200007f6                g_nLed_tick_1
 .bss.g_nRX_Led_tick_1
                0x200007f8        0x2 ./Core/Src/main_proc.o
                0x200007f8                g_nRX_Led_tick_1
 .bss.g_nLed_State
                0x200007fa        0x1 ./Core/Src/main_proc.o
                0x200007fa                g_nLed_State
 *fill*         0x200007fb        0x1 
 .bss.alive_counter
                0x200007fc        0x2 ./Core/Src/main_proc.o
                0x200007fc                alive_counter
 .bss.rxByte    0x200007fe        0x1 ./Core/Src/main_proc.o
                0x200007fe                rxByte
 .bss.rxSIMByte
                0x200007ff        0x1 ./Core/Src/main_proc.o
                0x200007ff                rxSIMByte
 .bss.g_nMode   0x20000800        0x1 ./Core/Src/main_proc.o
                0x20000800                g_nMode
 .bss.g_nWifi_Status
                0x20000801        0x1 ./Core/Src/main_proc.o
                0x20000801                g_nWifi_Status
 .bss.g_nTime_Status
                0x20000802        0x1 ./Core/Src/main_proc.o
                0x20000802                g_nTime_Status
 .bss.g_nToken_Status
                0x20000803        0x1 ./Core/Src/main_proc.o
                0x20000803                g_nToken_Status
 .bss.g_nMac_Status
                0x20000804        0x1 ./Core/Src/operate.o
                0x20000804                g_nMac_Status
 *fill*         0x20000805        0x3 
 .bss.g_nBoot_Tick
                0x20000808        0x4 ./Core/Src/operate.o
                0x20000808                g_nBoot_Tick
 .bss.g_nBoot_Step
                0x2000080c        0x4 ./Core/Src/operate.o
                0x2000080c                g_nBoot_Step
 .bss.yearString.12
                0x20000810        0x5 ./Core/Src/real_time.o
 *fill*         0x20000815        0x3 
 .bss.monthString.10
                0x20000818        0x4 ./Core/Src/real_time.o
 .bss.dateString.8
                0x2000081c        0x4 ./Core/Src/real_time.o
 .bss.hourString.6
                0x20000820        0x4 ./Core/Src/real_time.o
 .bss.minuteString.4
                0x20000824        0x4 ./Core/Src/real_time.o
 .bss.secondString.2
                0x20000828        0x4 ./Core/Src/real_time.o
 .bss.ssid.1    0x2000082c       0x20 ./Core/Src/sd_card.o
 .bss.password.0
                0x2000084c       0x20 ./Core/Src/sd_card.o
 .bss.__sbrk_heap_end
                0x2000086c        0x4 ./Core/Src/sysmem.o
 .bss.uwTick    0x20000870        0x4 ./Drivers/STM32F4xx_HAL_Driver/Src/stm32f4xx_hal.o
                0x20000870                uwTick
 .bss.retSD     0x20000874        0x1 ./FATFS/App/fatfs.o
                0x20000874                retSD
 *fill*         0x20000875        0x3 
 .bss.SDPath    0x20000878        0x4 ./FATFS/App/fatfs.o
                0x20000878                SDPath
 .bss.FatFs     0x2000087c        0x4 ./Middlewares/Third_Party/FatFs/src/ff.o
 .bss.Fsid      0x20000880        0x2 ./Middlewares/Third_Party/FatFs/src/ff.o
 *fill*         0x20000882        0x2 
 .bss.Files     0x20000884       0x20 ./Middlewares/Third_Party/FatFs/src/ff.o
 .bss.disk      0x200008a4        0xc ./Middlewares/Third_Party/FatFs/src/ff_gen_drv.o
                0x200008a4                disk
 .bss.__sf      0x200008b0      0x138 C:/ST/STM32CubeIDE_1.15.1/STM32CubeIDE/plugins/com.st.stm32cube.ide.mcu.externaltools.gnu-tools-for-stm32.12.3.rel1.win32_1.0.100.202403111256/tools/bin/../lib/gcc/arm-none-eabi/12.3.1/../../../../arm-none-eabi/lib/thumb/v7e-m+fp/hard\libc_nano.a(libc_a-findfp.o)
                0x200008b0                __sf
 .bss.errno     0x200009e8        0x4 C:/ST/STM32CubeIDE_1.15.1/STM32CubeIDE/plugins/com.st.stm32cube.ide.mcu.externaltools.gnu-tools-for-stm32.12.3.rel1.win32_1.0.100.202403111256/tools/bin/../lib/gcc/arm-none-eabi/12.3.1/../../../../arm-none-eabi/lib/thumb/v7e-m+fp/hard\libc_nano.a(libc_a-reent.o)
                0x200009e8                errno
 .bss.__lock___malloc_recursive_mutex
                0x200009ec        0x1 C:/ST/STM32CubeIDE_1.15.1/STM32CubeIDE/plugins/com.st.stm32cube.ide.mcu.externaltools.gnu-tools-for-stm32.12.3.rel1.win32_1.0.100.202403111256/tools/bin/../lib/gcc/arm-none-eabi/12.3.1/../../../../arm-none-eabi/lib/thumb/v7e-m+fp/hard\libc_nano.a(libc_a-lock.o)
                0x200009ec                __lock___malloc_recursive_mutex
 *fill*         0x200009ed        0x3 
 .bss.__malloc_sbrk_start
                0x200009f0        0x4 C:/ST/STM32CubeIDE_1.15.1/STM32CubeIDE/plugins/com.st.stm32cube.ide.mcu.externaltools.gnu-tools-for-stm32.12.3.rel1.win32_1.0.100.202403111256/tools/bin/../lib/gcc/arm-none-eabi/12.3.1/../../../../arm-none-eabi/lib/thumb/v7e-m+fp/hard\libc_nano.a(libc_a-mallocr.o)
                0x200009f0                __malloc_sbrk_start
 .bss.__malloc_free_list
                0x200009f4        0x4 C:/ST/STM32CubeIDE_1.15.1/STM32CubeIDE/plugins/com.st.stm32cube.ide.mcu.externaltools.gnu-tools-for-stm32.12.3.rel1.win32_1.0.100.202403111256/tools/bin/../lib/gcc/arm-none-eabi/12.3.1/../../../../arm-none-eabi/lib/thumb/v7e-m+fp/hard\libc_nano.a(libc_a-mallocr.o)
                0x200009f4                __malloc_free_list
 *(COMMON)
                0x200009f8                        . = ALIGN (0x4)
                0x200009f8                        _ebss = .
                0x200009f8                        __bss_end__ = _ebss

._user_heap_stack
                0x200009f8      0x600
                0x200009f8                        . = ALIGN (0x8)
                [!provide]                        PROVIDE (end = .)
                0x200009f8                        PROVIDE (_end = .)
                0x20000bf8                        . = (. + _Min_Heap_Size)
 *fill*         0x200009f8      0x200 
                0x20000ff8                        . = (. + _Min_Stack_Size)
 *fill*         0x20000bf8      0x400 
                0x20000ff8                        . = ALIGN (0x8)

/DISCARD/
 libc.a(*)
 libm.a(*)
 libgcc.a(*)

.ARM.attributes
                0x00000000       0x30
 *(.ARM.attributes)
 .ARM.attributes
                0x00000000       0x22 C:/ST/STM32CubeIDE_1.15.1/STM32CubeIDE/plugins/com.st.stm32cube.ide.mcu.externaltools.gnu-tools-for-stm32.12.3.rel1.win32_1.0.100.202403111256/tools/bin/../lib/gcc/arm-none-eabi/12.3.1/thumb/v7e-m+fp/hard/crti.o
 .ARM.attributes
                0x00000022       0x34 C:/ST/STM32CubeIDE_1.15.1/STM32CubeIDE/plugins/com.st.stm32cube.ide.mcu.externaltools.gnu-tools-for-stm32.12.3.rel1.win32_1.0.100.202403111256/tools/bin/../lib/gcc/arm-none-eabi/12.3.1/thumb/v7e-m+fp/hard/crtbegin.o
 .ARM.attributes
                0x00000056       0x34 ./Core/Src/backup.o
 .ARM.attributes
                0x0000008a       0x34 ./Core/Src/device.o
 .ARM.attributes
                0x000000be       0x34 ./Core/Src/esp32_at.o
 .ARM.attributes
                0x000000f2       0x34 ./Core/Src/led.o
 .ARM.attributes
                0x00000126       0x34 ./Core/Src/main.o
 .ARM.attributes
                0x0000015a       0x34 ./Core/Src/main_proc.o
 .ARM.attributes
                0x0000018e       0x34 ./Core/Src/operate.o
 .ARM.attributes