../Core/Src/main.c:100:5:main	1208	static
../Core/Src/main.c:242:6:SystemClock_Config	88	static
../Core/Src/main.c:289:13:MX_RTC_Init	8	static
../Core/Src/main.c:420:13:MX_SDIO_SD_Init	4	static
../Core/Src/main.c:448:13:MX_SPI1_Init	8	static
../Core/Src/main.c:486:13:MX_TIM7_Init	16	static
../Core/Src/main.c:524:13:MX_USART1_UART_Init	8	static
../Core/Src/main.c:557:13:MX_USART2_UART_Init	8	static
../Core/Src/main.c:590:13:MX_USART3_UART_Init	8	static
../Core/Src/main.c:623:13:MX_GPIO_Init	56	static
../Core/Src/main.c:683:6:HAL_TIM_PeriodElapsedCallback	112	static
../Core/Src/main.c:739:6:HAL_UART_RxCpltCallback	16	static
../Core/Src/main.c:752:6:HAL_UART_TxCpltCallback	16	static
../Core/Src/main.c:766:6:Error_Handler	4	static,ignoring_inline_asm
